Archive member included to satisfy reference by file (symbol)

app/libapp.a(main.c.obj)      (--whole-archive)
zephyr/libzephyr.a(heap.c.obj)
                              (--whole-archive)
zephyr/libzephyr.a(cbprintf_packaged.c.obj)
                              (--whole-archive)
zephyr/libzephyr.a(printk.c.obj)
                              (--whole-archive)
zephyr/libzephyr.a(sem.c.obj)
                              (--whole-archive)
zephyr/libzephyr.a(thread_entry.c.obj)
                              (--whole-archive)
zephyr/libzephyr.a(cbprintf_complete.c.obj)
                              (--whole-archive)
zephyr/libzephyr.a(assert.c.obj)
                              (--whole-archive)
zephyr/libzephyr.a(mpsc_pbuf.c.obj)
                              (--whole-archive)
zephyr/libzephyr.a(dec.c.obj)
                              (--whole-archive)
zephyr/libzephyr.a(hex.c.obj)
                              (--whole-archive)
zephyr/libzephyr.a(rb.c.obj)  (--whole-archive)
zephyr/libzephyr.a(timeutil.c.obj)
                              (--whole-archive)
zephyr/libzephyr.a(bitarray.c.obj)
                              (--whole-archive)
zephyr/libzephyr.a(onoff.c.obj)
                              (--whole-archive)
zephyr/libzephyr.a(notify.c.obj)
                              (--whole-archive)
zephyr/libzephyr.a(last_section_id.c.obj)
                              (--whole-archive)
zephyr/libzephyr.a(configs.c.obj)
                              (--whole-archive)
zephyr/libzephyr.a(log_core.c.obj)
                              (--whole-archive)
zephyr/libzephyr.a(log_mgmt.c.obj)
                              (--whole-archive)
zephyr/libzephyr.a(log_cache.c.obj)
                              (--whole-archive)
zephyr/libzephyr.a(log_msg.c.obj)
                              (--whole-archive)
zephyr/libzephyr.a(log_output.c.obj)
                              (--whole-archive)
zephyr/libzephyr.a(log_backend_uart.c.obj)
                              (--whole-archive)
zephyr/libzephyr.a(mem_attr.c.obj)
                              (--whole-archive)
zephyr/libzephyr.a(tracing_none.c.obj)
                              (--whole-archive)
zephyr/libzephyr.a(flash_util.c.obj)
                              (--whole-archive)
zephyr/libzephyr.a(banner.c.obj)
                              (--whole-archive)
zephyr/libzephyr.a(flash_map_partition_manager.c.obj)
                              (--whole-archive)
zephyr/arch/common/libarch__common.a(sw_isr_common.c.obj)
                              (--whole-archive)
zephyr/arch/arch/arm/core/libarch__arm__core.a(fatal.c.obj)
                              (--whole-archive)
zephyr/arch/arch/arm/core/libarch__arm__core.a(nmi.c.obj)
                              (--whole-archive)
zephyr/arch/arch/arm/core/libarch__arm__core.a(nmi_on_reset.S.obj)
                              (--whole-archive)
zephyr/arch/arch/arm/core/libarch__arm__core.a(tls.c.obj)
                              (--whole-archive)
zephyr/arch/arch/arm/core/cortex_m/libarch__arm__core__cortex_m.a(exc_exit.c.obj)
                              (--whole-archive)
zephyr/arch/arch/arm/core/cortex_m/libarch__arm__core__cortex_m.a(fault.c.obj)
                              (--whole-archive)
zephyr/arch/arch/arm/core/cortex_m/libarch__arm__core__cortex_m.a(fault_s.S.obj)
                              (--whole-archive)
zephyr/arch/arch/arm/core/cortex_m/libarch__arm__core__cortex_m.a(fpu.c.obj)
                              (--whole-archive)
zephyr/arch/arch/arm/core/cortex_m/libarch__arm__core__cortex_m.a(reset.S.obj)
                              (--whole-archive)
zephyr/arch/arch/arm/core/cortex_m/libarch__arm__core__cortex_m.a(scb.c.obj)
                              (--whole-archive)
zephyr/arch/arch/arm/core/cortex_m/libarch__arm__core__cortex_m.a(thread_abort.c.obj)
                              (--whole-archive)
zephyr/arch/arch/arm/core/cortex_m/libarch__arm__core__cortex_m.a(vector_table.S.obj)
                              (--whole-archive)
zephyr/arch/arch/arm/core/cortex_m/libarch__arm__core__cortex_m.a(swap_helper.S.obj)
                              (--whole-archive)
zephyr/arch/arch/arm/core/cortex_m/libarch__arm__core__cortex_m.a(irq_manage.c.obj)
                              (--whole-archive)
zephyr/arch/arch/arm/core/cortex_m/libarch__arm__core__cortex_m.a(prep_c.c.obj)
                              (--whole-archive)
zephyr/arch/arch/arm/core/cortex_m/libarch__arm__core__cortex_m.a(thread.c.obj)
                              (--whole-archive)
zephyr/arch/arch/arm/core/cortex_m/libarch__arm__core__cortex_m.a(cpu_idle.c.obj)
                              (--whole-archive)
zephyr/arch/arch/arm/core/cortex_m/libarch__arm__core__cortex_m.a(irq_init.c.obj)
                              (--whole-archive)
zephyr/arch/arch/arm/core/cortex_m/libarch__arm__core__cortex_m.a(isr_wrapper.c.obj)
                              (--whole-archive)
[...]
Memory Configuration

Name             Origin             Length             Attributes
FLASH            0x0000000000000000 0x0000000000165000 xr
RAM              0x0000000020000000 0x000000000002f000 xw
IDT_LIST         0x00000000ffff7fff 0x0000000000008000 xw
*default*        0x0000000000000000 0xffffffffffffffff

Linker script and memory map

                0x0000000000007ce0                vfprintf = __l_vfprintf
                0x0000000000000000                vfscanf = __l_vfscanf
LOAD zephyr/CMakeFiles/zephyr_pre0.dir/misc/empty_file.c.obj
LOAD zephyr/CMakeFiles/offsets.dir/./arch/arm/core/offsets/offsets.c.obj
LOAD app/libapp.a
LOAD zephyr/libzephyr.a
LOAD zephyr/arch/common/libarch__common.a
LOAD zephyr/arch/arch/arm/core/libarch__arm__core.a
LOAD zephyr/arch/arch/arm/core/cortex_m/libarch__arm__core__cortex_m.a
LOAD zephyr/arch/arch/arm/core/cortex_m/cmse/libarch__arm__core__cortex_m__cmse.a
LOAD zephyr/arch/arch/arm/core/mpu/libarch__arm__core__mpu.a
LOAD zephyr/lib/libc/picolibc/liblib__libc__picolibc.a
LOAD zephyr/lib/libc/common/liblib__libc__common.a
LOAD zephyr/soc/soc/nrf54l15/libsoc__nordic.a
LOAD zephyr/drivers/cache/libdrivers__cache.a
LOAD zephyr/drivers/clock_control/libdrivers__clock_control.a
LOAD zephyr/drivers/console/libdrivers__console.a
LOAD zephyr/drivers/flash/libdrivers__flash.a
LOAD zephyr/drivers/gpio/libdrivers__gpio.a
LOAD zephyr/drivers/mspi/libdrivers__mspi.a
LOAD zephyr/drivers/pinctrl/libdrivers__pinctrl.a
LOAD zephyr/drivers/sensor/nordic/temp/libdrivers__sensor__nordic__temp.a
LOAD zephyr/drivers/serial/libdrivers__serial.a
LOAD zephyr/drivers/timer/libdrivers__timer.a
LOAD modules/nrf/subsys/nrf_security/src/zephyr/libmbedtls_zephyr.a
LOAD modules/hal_nordic/modules/hal_nordic/nrfx/libmodules__hal_nordic__nrfx.a
LOAD zephyr/kernel/libkernel.a
LOAD zephyr/arch/common/libisr_tables.a
LOAD modules/nrf/subsys/nrf_security/src/libmbedcrypto.a
LOAD modules/nrf/subsys/nrf_security/src/core/nrf_oberon/liboberon_psa_core.a
LOAD modules/nrf/subsys/nrf_security/src/drivers/cracen/libcracen_psa_driver.a
LOAD modules/nrf/subsys/nrf_security/src/libmbedcrypto_base.a
LOAD modules/nrf/subsys/nrf_security/src/libnrf_security_utils.a
LOAD zephyr/kernel/libkernel.a
LOAD c:\ncs\toolchains\0b393f9e1b\opt\zephyr-sdk\arm-zephyr-eabi\bin\../lib/gcc/../../picolibc/arm-zephyr-eabi/lib/thumb/v8-m.main/nofp\libc.a
LOAD c:/ncs/toolchains/0b393f9e1b/opt/zephyr-sdk/arm-zephyr-eabi/bin/../lib/gcc/arm-zephyr-eabi/12.2.0/thumb/v8-m.main/nofp\libgcc.a
                0x0000000000000020                _region_min_align = 0x20

.rel.plt        0x0000000000000000        0x0
 *(SORT_BY_ALIGNMENT(.rel.plt))
                [!provide]                        PROVIDE (__rel_iplt_start = .)
 *(SORT_BY_ALIGNMENT(.rel.iplt))
 .rel.iplt      0x0000000000000000        0x0 app/libapp.a(main.c.obj)
                [!provide]                        PROVIDE (__rel_iplt_end = .)

.rela.plt       0x0000000000000000        0x0
 *(SORT_BY_ALIGNMENT(.rela.plt))
                [!provide]                        PROVIDE (__rela_iplt_start = .)
 *(SORT_BY_ALIGNMENT(.rela.iplt))
                [!provide]                        PROVIDE (__rela_iplt_end = .)

.rel.dyn
 *(SORT_BY_ALIGNMENT(.rel.*))

.rela.dyn
 *(SORT_BY_ALIGNMENT(.rela.*))

/DISCARD/
 *(SORT_BY_ALIGNMENT(.plt))

/DISCARD/
 *(SORT_BY_ALIGNMENT(.iplt))
                0x0000000000000000                __rom_region_start = 0x0

rom_start       0x0000000000000000      0x47c
                0x0000000000000000                __rom_start_address = .
 FILL mask 0x00
                0x0000000000000000                . = (. + (0x0 - (. - __rom_start_address)))
                0x0000000000000000                . = ALIGN (0x4)
                0x0000000000000000                . = ALIGN (0x80)
                0x0000000000000000                . = ALIGN (0x800)
                0x0000000000000000                _vector_start = .
 *(SORT_BY_ALIGNMENT(.exc_vector_table))
 *(SORT_BY_ALIGNMENT(.exc_vector_table.*))
 .exc_vector_table._vector_table_section
                0x0000000000000000       0x40 zephyr/arch/arch/arm/core/cortex_m/libarch__arm__core__cortex_m.a(vector_table.S.obj)
                0x0000000000000000                _vector_table
 *(SORT_BY_ALIGNMENT(.vectors))
                0x000000000000047c                _vector_end = .
                0x0000000000000040                . = ALIGN (0x4)
 *(SORT_BY_ALIGNMENT(.gnu.linkonce.irq_vector_table*))
 .gnu.linkonce.irq_vector_table
                0x0000000000000040      0x43c zephyr/arch/common/libisr_tables.a(isr_tables.c.obj)
                0x0000000000000040                _irq_vector_table
                0x000000000000047c                _vector_end = .

text            0x000000000000047c     0x9794
                0x000000000000047c                __text_region_start = .
 *(SORT_BY_ALIGNMENT(.text))
 .text          0x000000000000047c       0x30 c:/ncs/toolchains/0b393f9e1b/opt/zephyr-sdk/arm-zephyr-eabi/bin/../lib/gcc/arm-zephyr-eabi/12.2.0/thumb/v8-m.main/nofp\libgcc.a(_aeabi_uldivmod.o)
                0x000000000000047c                __aeabi_uldivmod
 .text          0x00000000000004ac        0x4 c:/ncs/toolchains/0b393f9e1b/opt/zephyr-sdk/arm-zephyr-eabi/bin/../lib/gcc/arm-zephyr-eabi/12.2.0/thumb/v8-m.main/nofp\libgcc.a(_dvmd_tls.o)
                0x00000000000004ac                __aeabi_idiv0
                0x00000000000004ac                __aeabi_ldiv0
 .text          0x00000000000004b0       0x10 c:\ncs\toolchains\0b393f9e1b\opt\zephyr-sdk\arm-zephyr-eabi\bin\../lib/gcc/../../picolibc/arm-zephyr-eabi/lib/thumb/v8-m.main/nofp\libc.a(strlen.S.o)
                0x00000000000004b0                strlen
 .text          0x00000000000004c0      0x29c c:/ncs/toolchains/0b393f9e1b/opt/zephyr-sdk/arm-zephyr-eabi/bin/../lib/gcc/arm-zephyr-eabi/12.2.0/thumb/v8-m.main/nofp\libgcc.a(_udivmoddi4.o)
                0x00000000000004c0                __udivmoddi4
 *(SORT_BY_ALIGNMENT(.text.*))
 .text.test_erase_at_offset.constprop.0.isra.0
                0x000000000000075c      0x100 app/libapp.a(main.c.obj)
 .text.single_sector_test
                0x000000000000085c      0x270 app/libapp.a(main.c.obj)
                0x000000000000085c                single_sector_test
 .text.multi_sector_test
                0x0000000000000acc      0x15c app/libapp.a(main.c.obj)
                0x0000000000000acc                multi_sector_test
 .text.main     0x0000000000000c28      0x104 app/libapp.a(main.c.obj)
                0x0000000000000c28                main
 .text.cbvprintf_package
                0x0000000000000d2c      0x3a4 zephyr/libzephyr.a(cbprintf_packaged.c.obj)
                0x0000000000000d2c                cbvprintf_package
 .text.cbprintf_package_convert
                0x00000000000010d0      0x3cc zephyr/libzephyr.a(cbprintf_packaged.c.obj)
                0x00000000000010d0                cbprintf_package_convert
 .text.__printk_hook_install
                0x000000000000149c        0xc zephyr/libzephyr.a(printk.c.obj)
                0x000000000000149c                __printk_hook_install
 .text.z_thread_entry
                0x00000000000014a8       0x34 zephyr/libzephyr.a(thread_entry.c.obj)
                0x00000000000014a8                z_thread_entry
 .text.process_event
                0x00000000000014dc      0x21c zephyr/libzephyr.a(onoff.c.obj)
 .text.activate_foreach_backend
                0x00000000000016f8       0x64 zephyr/libzephyr.a(log_core.c.obj)
 .text.enable_logger
                0x000000000000175c       0x5c zephyr/libzephyr.a(log_core.c.obj)
 .text.log_process_thread_timer_expiry_fn
                0x00000000000017b8        0xc zephyr/libzephyr.a(log_core.c.obj)
 .text.z_log_init
                0x00000000000017c4       0x90 zephyr/libzephyr.a(log_core.c.obj)
 .text.log_format_func_t_get
                0x0000000000001854        0xc zephyr/libzephyr.a(log_core.c.obj)
                0x0000000000001854                log_format_func_t_get
 .text.log_set_timestamp_func
                0x0000000000001860       0x20 zephyr/libzephyr.a(log_core.c.obj)
                0x0000000000001860                log_set_timestamp_func
 .text.z_log_notify_backend_enabled
                0x0000000000001880       0x1c zephyr/libzephyr.a(log_core.c.obj)
                0x0000000000001880                z_log_notify_backend_enabled
 .text.z_log_dropped
                0x000000000000189c       0x3c zephyr/libzephyr.a(log_core.c.obj)
                0x000000000000189c                z_log_dropped
 .text.z_log_dropped_read_and_clear
                0x00000000000018d8       0x18 zephyr/libzephyr.a(log_core.c.obj)
                0x00000000000018d8                z_log_dropped_read_and_clear
 .text.dropped_notify
                0x00000000000018f0       0x30 zephyr/libzephyr.a(log_core.c.obj)
                0x00000000000018f0                dropped_notify
 .text.z_log_msg_init
                0x0000000000001920       0x20 zephyr/libzephyr.a(log_core.c.obj)
                0x0000000000001920                z_log_msg_init
 .text.log_core_init
                0x0000000000001940       0x34 zephyr/libzephyr.a(log_core.c.obj)
                0x0000000000001940                log_core_init
 .text.z_log_msg_alloc
                0x0000000000001974       0x10 zephyr/libzephyr.a(log_core.c.obj)
                0x0000000000001974                z_log_msg_alloc
 .text.z_log_msg_local_claim
                0x0000000000001984        0xc zephyr/libzephyr.a(log_core.c.obj)
                0x0000000000001984                z_log_msg_local_claim
 .text.z_log_msg_free
                0x0000000000001990       0x10 zephyr/libzephyr.a(log_core.c.obj)
                0x0000000000001990                z_log_msg_free
 .text.z_log_msg_pending
                0x00000000000019a0        0xc zephyr/libzephyr.a(log_core.c.obj)
                0x00000000000019a0                z_log_msg_pending
 .text.z_impl_log_process
                0x00000000000019ac       0xb4 zephyr/libzephyr.a(log_core.c.obj)
                0x00000000000019ac                z_impl_log_process
 .text.z_impl_log_panic
                0x0000000000001a60       0x44 zephyr/libzephyr.a(log_core.c.obj)
                0x0000000000001a60                z_impl_log_panic
 .text.log_process_thread_func
                0x0000000000001aa4       0xa4 zephyr/libzephyr.a(log_core.c.obj)
 .text.z_log_msg_post_finalize
                0x0000000000001b48       0x78 zephyr/libzephyr.a(log_core.c.obj)
 .text.z_log_msg_commit
                0x0000000000001bc0       0x24 zephyr/libzephyr.a(log_core.c.obj)
                0x0000000000001bc0                z_log_msg_commit
 .text.log_source_name_get
                0x0000000000001be4       0x1c zephyr/libzephyr.a(log_mgmt.c.obj)
                0x0000000000001be4                log_source_name_get
 .text.log_backend_enable
                0x0000000000001c00       0x28 zephyr/libzephyr.a(log_mgmt.c.obj)
                0x0000000000001c00                log_backend_enable
 .text.z_impl_z_log_msg_static_create
                0x0000000000001c28      0x108 zephyr/libzephyr.a(log_msg.c.obj)
                0x0000000000001c28                z_impl_z_log_msg_static_create
 .text.z_log_msg_runtime_vcreate
                0x0000000000001d30       0xa0 zephyr/libzephyr.a(log_msg.c.obj)
                0x0000000000001d30                z_log_msg_runtime_vcreate
 .text.log_msg_get_source_id
                0x0000000000001dd0       0x18 zephyr/libzephyr.a(log_msg.c.obj)
                0x0000000000001dd0                log_msg_get_source_id
 .text.print_formatted
                0x0000000000001de8       0x24 zephyr/libzephyr.a(log_output.c.obj)
 .text.newline_print
                0x0000000000001e0c       0x1c zephyr/libzephyr.a(log_output.c.obj)
 .text.log_output_process
                0x0000000000001e28      0x2d4 zephyr/libzephyr.a(log_output.c.obj)
                0x0000000000001e28                log_output_process
 .text.log_output_dropped_process
                0x00000000000020fc       0x58 zephyr/libzephyr.a(log_output.c.obj)
                0x00000000000020fc                log_output_dropped_process
 .text.log_output_timestamp_freq_set
                0x0000000000002154       0x2c zephyr/libzephyr.a(log_output.c.obj)
                0x0000000000002154                log_output_timestamp_freq_set
 .text.char_out
                0x0000000000002180       0x24 zephyr/libzephyr.a(log_backend_uart.c.obj)
 .text.mem_attr_get_regions
                0x00000000000021a4        0xc zephyr/libzephyr.a(mem_attr.c.obj)
                0x00000000000021a4                mem_attr_get_regions
 .text.boot_banner
                0x00000000000021b0       0x1c zephyr/libzephyr.a(banner.c.obj)
                0x00000000000021b0                boot_banner
 .text.z_arm_fatal_error
                0x00000000000021cc       0xb8 zephyr/arch/arch/arm/core/libarch__arm__core.a(fatal.c.obj)
                0x00000000000021cc                z_arm_fatal_error
 .text.z_SysNmiOnReset
                0x0000000000002284        0x8 zephyr/arch/arch/arm/core/libarch__arm__core.a(nmi_on_reset.S.obj)
                0x0000000000002284                z_SysNmiOnReset
 .text.arch_tls_stack_setup
                0x000000000000228c       0x40 zephyr/arch/arch/arm/core/libarch__arm__core.a(tls.c.obj)
                0x000000000000228c                arch_tls_stack_setup
 .text._HandlerModeExit
                0x00000000000022cc       0x28 zephyr/arch/arch/arm/core/cortex_m/libarch__arm__core__cortex_m.a(exc_exit.c.obj)
                0x00000000000022cc                z_arm_int_exit
                0x00000000000022cc                z_arm_exc_exit
 .text.mem_manage_fault.constprop.0
                0x00000000000022f4       0xd0 zephyr/arch/arch/arm/core/cortex_m/libarch__arm__core__cortex_m.a(fault.c.obj)
 .text.usage_fault.constprop.0
                0x00000000000023c4       0xbc zephyr/arch/arch/arm/core/cortex_m/libarch__arm__core__cortex_m.a(fault.c.obj)
 .text.bus_fault.constprop.0
                0x0000000000002480       0xd0 zephyr/arch/arch/arm/core/cortex_m/libarch__arm__core__cortex_m.a(fault.c.obj)
 .text.z_arm_fault
                0x0000000000002550      0x1d0 zephyr/arch/arch/arm/core/cortex_m/libarch__arm__core__cortex_m.a(fault.c.obj)
                0x0000000000002550                z_arm_fault
 .text.z_arm_fault_init
                0x0000000000002720       0x20 zephyr/arch/arch/arm/core/cortex_m/libarch__arm__core__cortex_m.a(fault.c.obj)
                0x0000000000002720                z_arm_fault_init
 .text.__fault  0x0000000000002740       0x14 zephyr/arch/arch/arm/core/cortex_m/libarch__arm__core__cortex_m.a(fault_s.S.obj)
                0x0000000000002740                z_arm_usage_fault
                0x0000000000002740                z_arm_mpu_fault
                0x0000000000002740                z_arm_exc_spurious
                0x0000000000002740                z_arm_debug_monitor
                0x0000000000002740                z_arm_hard_fault
                0x0000000000002740                z_arm_bus_fault
 .text._reset_section
                0x0000000000002754       0x60 zephyr/arch/arch/arm/core/cortex_m/libarch__arm__core__cortex_m.a(reset.S.obj)
                0x0000000000002754                __start
                0x0000000000002754                z_arm_reset
 .text.z_arm_clear_arm_mpu_config
                0x00000000000027b4       0x24 zephyr/arch/arch/arm/core/cortex_m/libarch__arm__core__cortex_m.a(scb.c.obj)
                0x00000000000027b4                z_arm_clear_arm_mpu_config
 .text.z_arm_init_arch_hw_at_boot
                0x00000000000027d8       0x4c zephyr/arch/arch/arm/core/cortex_m/libarch__arm__core__cortex_m.a(scb.c.obj)
                0x00000000000027d8                z_arm_init_arch_hw_at_boot
 .text.z_impl_k_thread_abort
                0x0000000000002824       0x2c zephyr/arch/arch/arm/core/cortex_m/libarch__arm__core__cortex_m.a(thread_abort.c.obj)
                0x0000000000002824                z_impl_k_thread_abort
 .text.z_arm_pendsv
                0x0000000000002850       0x6c zephyr/arch/arch/arm/core/cortex_m/libarch__arm__core__cortex_m.a(swap_helper.S.obj)
                0x0000000000002850                z_arm_pendsv
 .text.z_arm_svc
                0x00000000000028bc       0x24 zephyr/arch/arch/arm/core/cortex_m/libarch__arm__core__cortex_m.a(swap_helper.S.obj)
                0x00000000000028bc                z_arm_svc
 .text.arch_irq_enable
                0x00000000000028e0       0x1c zephyr/arch/arch/arm/core/cortex_m/libarch__arm__core__cortex_m.a(irq_manage.c.obj)
                0x00000000000028e0                arch_irq_enable
 .text.arch_irq_disable
                0x00000000000028fc       0x28 zephyr/arch/arch/arm/core/cortex_m/libarch__arm__core__cortex_m.a(irq_manage.c.obj)
                0x00000000000028fc                arch_irq_disable
 .text.arch_irq_is_enabled
                0x0000000000002924       0x1c zephyr/arch/arch/arm/core/cortex_m/libarch__arm__core__cortex_m.a(irq_manage.c.obj)
                0x0000000000002924                arch_irq_is_enabled
 .text.z_arm_irq_priority_set
                0x0000000000002940       0x2c zephyr/arch/arch/arm/core/cortex_m/libarch__arm__core__cortex_m.a(irq_manage.c.obj)
                0x0000000000002940                z_arm_irq_priority_set
 .text.z_prep_c
                0x000000000000296c       0x38 zephyr/arch/arch/arm/core/cortex_m/libarch__arm__core__cortex_m.a(prep_c.c.obj)
                0x000000000000296c                z_prep_c
 .text.arch_new_thread
                0x00000000000029a4       0x38 zephyr/arch/arch/arm/core/cortex_m/libarch__arm__core__cortex_m.a(thread.c.obj)
                0x00000000000029a4                arch_new_thread
 .text.arch_switch_to_main_thread
                0x00000000000029dc       0x40 zephyr/arch/arch/arm/core/cortex_m/libarch__arm__core__cortex_m.a(thread.c.obj)
                0x00000000000029dc                arch_switch_to_main_thread
 .text.z_arm_cpu_idle_init
                0x0000000000002a1c        0xc zephyr/arch/arch/arm/core/cortex_m/libarch__arm__core__cortex_m.a(cpu_idle.c.obj)
                0x0000000000002a1c                z_arm_cpu_idle_init
 .text.z_arm_interrupt_init
                0x0000000000002a28       0x20 zephyr/arch/arch/arm/core/cortex_m/libarch__arm__core__cortex_m.a(irq_init.c.obj)
                0x0000000000002a28                z_arm_interrupt_init
 .text._isr_wrapper
                0x0000000000002a48       0x24 zephyr/arch/arch/arm/core/cortex_m/libarch__arm__core__cortex_m.a(isr_wrapper.c.obj)
                0x0000000000002a48                _isr_wrapper
 .text.z_arm_configure_static_mpu_regions
                0x0000000000002a6c       0x38 zephyr/arch/arch/arm/core/mpu/libarch__arm__core__mpu.a(arm_core_mpu.c.obj)
                0x0000000000002a6c                z_arm_configure_static_mpu_regions
 .text.region_init
                0x0000000000002aa4       0x34 zephyr/arch/arch/arm/core/mpu/libarch__arm__core__mpu.a(arm_mpu.c.obj)
 .text.region_allocate_and_init
                0x0000000000002ad8       0x38 zephyr/arch/arch/arm/core/mpu/libarch__arm__core__mpu.a(arm_mpu.c.obj)
 .text.mpu_configure_regions_and_partition.constprop.0
                0x0000000000002b10      0x164 zephyr/arch/arch/arm/core/mpu/libarch__arm__core__mpu.a(arm_mpu.c.obj)
 .text.arm_core_mpu_enable
                0x0000000000002c74       0x18 zephyr/arch/arch/arm/core/mpu/libarch__arm__core__mpu.a(arm_mpu.c.obj)
                0x0000000000002c74                arm_core_mpu_enable
 .text.arm_core_mpu_disable
                0x0000000000002c8c       0x14 zephyr/arch/arch/arm/core/mpu/libarch__arm__core__mpu.a(arm_mpu.c.obj)
                0x0000000000002c8c                arm_core_mpu_disable
 .text.arm_core_mpu_configure_static_mpu_regions
                0x0000000000002ca0       0x14 zephyr/arch/arch/arm/core/mpu/libarch__arm__core__mpu.a(arm_mpu.c.obj)
                0x0000000000002ca0                arm_core_mpu_configure_static_mpu_regions
 .text.arm_core_mpu_mark_areas_for_dynamic_regions
                0x0000000000002cb4       0xb8 zephyr/arch/arch/arm/core/mpu/libarch__arm__core__mpu.a(arm_mpu.c.obj)
                0x0000000000002cb4                arm_core_mpu_mark_areas_for_dynamic_regions
 .text.z_arm_mpu_init
                0x0000000000002d6c      0x11c zephyr/arch/arch/arm/core/mpu/libarch__arm__core__mpu.a(arm_mpu.c.obj)
                0x0000000000002d6c                z_arm_mpu_init
 .text.cbvprintf
                0x0000000000002e88       0x38 zephyr/lib/libc/picolibc/liblib__libc__picolibc.a(cbprintf.c.obj)
                0x0000000000002e88                cbvprintf
 .text.z_impl_zephyr_fputc
                0x0000000000002ec0       0x10 zephyr/lib/libc/picolibc/liblib__libc__picolibc.a(stdio.c.obj)
                0x0000000000002ec0                z_impl_zephyr_fputc
 .text.__stdout_hook_install
                0x0000000000002ed0       0x18 zephyr/lib/libc/picolibc/liblib__libc__picolibc.a(stdio.c.obj)
                0x0000000000002ed0                __stdout_hook_install
 .text.malloc_prepare
                0x0000000000002ee8       0x24 zephyr/lib/libc/common/liblib__libc__common.a(malloc.c.obj)
 .text.nordicsemi_nrf54l_init
                0x0000000000002f0c       0xb4 zephyr/soc/soc/nrf54l15/libsoc__nordic.a(soc.c.obj)
                0x0000000000002f0c                nordicsemi_nrf54l_init
 .text.arch_busy_wait
                0x0000000000002fc0       0x24 zephyr/soc/soc/nrf54l15/libsoc__nordic.a(soc.c.obj)
                0x0000000000002fc0                arch_busy_wait
 .text.cache_instr_enable
                0x0000000000002fe4       0x10 zephyr/drivers/cache/libdrivers__cache.a(cache_nrf.c.obj)
                0x0000000000002fe4                cache_instr_enable
 .text.onoff_stop
                0x0000000000002ff4       0x30 zephyr/drivers/clock_control/libdrivers__clock_control.a(clock_control_nrf.c.obj)
 .text.onoff_start
                0x0000000000003024       0x44 zephyr/drivers/clock_control/libdrivers__clock_control.a(clock_control_nrf.c.obj)
 .text.clk_init
                0x0000000000003068       0x60 zephyr/drivers/clock_control/libdrivers__clock_control.a(clock_control_nrf.c.obj)
 .text.api_blocking_start
                0x00000000000030c8       0x34 zephyr/drivers/clock_control/libdrivers__clock_control.a(clock_control_nrf.c.obj)
 .text.generic_hfclk_stop
                0x00000000000030fc       0x34 zephyr/drivers/clock_control/libdrivers__clock_control.a(clock_control_nrf.c.obj)
 .text.clkstarted_handle.constprop.0
                0x0000000000003130       0x4c zephyr/drivers/clock_control/libdrivers__clock_control.a(clock_control_nrf.c.obj)
 .text.generic_hfclk_start
                0x000000000000317c       0x78 zephyr/drivers/clock_control/libdrivers__clock_control.a(clock_control_nrf.c.obj)
 .text.z_nrf_clock_control_get_onoff
                0x00000000000031f4       0x10 zephyr/drivers/clock_control/libdrivers__clock_control.a(clock_control_nrf.c.obj)
                0x00000000000031f4                z_nrf_clock_control_get_onoff
 .text.z_nrf_clock_control_lf_on
                0x0000000000003204       0xa8 zephyr/drivers/clock_control/libdrivers__clock_control.a(clock_control_nrf.c.obj)
                0x0000000000003204                z_nrf_clock_control_lf_on
 .text.start_cal_process
                0x00000000000032ac       0x40 zephyr/drivers/clock_control/libdrivers__clock_control.a(nrf_clock_calibration.c.obj)
 .text.start_cycle
                0x00000000000032ec       0x38 zephyr/drivers/clock_control/libdrivers__clock_control.a(nrf_clock_calibration.c.obj)
 .text.measure_temperature
                0x0000000000003324       0x88 zephyr/drivers/clock_control/libdrivers__clock_control.a(nrf_clock_calibration.c.obj)
 .text.cal_hf_callback
                0x00000000000033ac       0x2c zephyr/drivers/clock_control/libdrivers__clock_control.a(nrf_clock_calibration.c.obj)
 .text.z_nrf_clock_calibration_init
                0x00000000000033d8       0x1c zephyr/drivers/clock_control/libdrivers__clock_control.a(nrf_clock_calibration.c.obj)
                0x00000000000033d8                z_nrf_clock_calibration_init
 .text.z_nrf_clock_calibration_lfclk_started
                0x00000000000033f4       0x10 zephyr/drivers/clock_control/libdrivers__clock_control.a(nrf_clock_calibration.c.obj)
                0x00000000000033f4                z_nrf_clock_calibration_lfclk_started
 .text.z_nrf_clock_calibration_lfclk_stopped
                0x0000000000003404        0xc zephyr/drivers/clock_control/libdrivers__clock_control.a(nrf_clock_calibration.c.obj)
                0x0000000000003404                z_nrf_clock_calibration_lfclk_stopped
 .text.z_nrf_clock_calibration_done_handler
                0x0000000000003410       0x10 zephyr/drivers/clock_control/libdrivers__clock_control.a(nrf_clock_calibration.c.obj)
                0x0000000000003410                z_nrf_clock_calibration_done_handler
 .text.uart_console_init
                0x0000000000003420       0x28 zephyr/drivers/console/libdrivers__console.a(uart_console.c.obj)
 .text.console_out
                0x0000000000003448       0x28 zephyr/drivers/console/libdrivers__console.a(uart_console.c.obj)
 .text.api_get_parameters
                0x0000000000003470        0x8 zephyr/drivers/flash/libdrivers__flash.a(flash_mspi_nor.c.obj)
 .text.dev_cfg_apply
                0x0000000000003478       0x58 zephyr/drivers/flash/libdrivers__flash.a(flash_mspi_nor.c.obj)
 .text.acquire  0x00000000000034d0       0x4c zephyr/drivers/flash/libdrivers__flash.a(flash_mspi_nor.c.obj)
 .text.wait_until_ready
                0x000000000000351c       0xa8 zephyr/drivers/flash/libdrivers__flash.a(flash_mspi_nor.c.obj)
 .text.api_erase
                0x00000000000035c4      0x108 zephyr/drivers/flash/libdrivers__flash.a(flash_mspi_nor.c.obj)
 .text.api_write
                0x00000000000036cc       0xf4 zephyr/drivers/flash/libdrivers__flash.a(flash_mspi_nor.c.obj)
 .text.api_read
                0x00000000000037c0       0xa0 zephyr/drivers/flash/libdrivers__flash.a(flash_mspi_nor.c.obj)
 .text.quad_enable_set
                0x0000000000003860       0xb8 zephyr/drivers/flash/libdrivers__flash.a(flash_mspi_nor.c.obj)
 .text.drv_init
                0x0000000000003918      0x258 zephyr/drivers/flash/libdrivers__flash.a(flash_mspi_nor.c.obj)
 .text.nrf_rram_get_size
                0x0000000000003b70       0x10 zephyr/drivers/flash/libdrivers__flash.a(soc_flash_nrf_rram.c.obj)
                0x0000000000003b70                nrf_rram_get_size
 .text.nrf_rram_get_parameters
                0x0000000000003b80        0x8 zephyr/drivers/flash/libdrivers__flash.a(soc_flash_nrf_rram.c.obj)
 .text.nrf_rram_page_layout
                0x0000000000003b88       0x10 zephyr/drivers/flash/libdrivers__flash.a(soc_flash_nrf_rram.c.obj)
 .text.nrf_rram_init
                0x0000000000003b98       0x24 zephyr/drivers/flash/libdrivers__flash.a(soc_flash_nrf_rram.c.obj)
 .text.nrf_write
                0x0000000000003bbc       0xc8 zephyr/drivers/flash/libdrivers__flash.a(soc_flash_nrf_rram.c.obj)
 .text.nrf_rram_read
                0x0000000000003c84       0x2c zephyr/drivers/flash/libdrivers__flash.a(soc_flash_nrf_rram.c.obj)
 .text.gpio_nrfx_init
                0x0000000000003cb0       0x54 zephyr/drivers/gpio/libdrivers__gpio.a(gpio_nrfx.c.obj)
 .text.gpio_nrfx_pin_configure
                0x0000000000003d04      0x184 zephyr/drivers/gpio/libdrivers__gpio.a(gpio_nrfx.c.obj)
 .text.nrfx_gpio_handler
                0x0000000000003e88       0x58 zephyr/drivers/gpio/libdrivers__gpio.a(gpio_nrfx.c.obj)
 .text.gpio_nrfx_pin_interrupt_configure
                0x0000000000003ee0       0xfc zephyr/drivers/gpio/libdrivers__gpio.a(gpio_nrfx.c.obj)
 .text.xfer_common
                0x0000000000003fdc      0x200 zephyr/drivers/mspi/libdrivers__mspi.a(nrfx_qspi2.c.obj)
 .text.nrf_gpio_cfg.constprop.0
                0x00000000000041dc       0x44 zephyr/drivers/mspi/libdrivers__mspi.a(nrfx_qspi2.c.obj)
 .text.nrf_gpio_pin_control_select
                0x0000000000004220       0x38 zephyr/drivers/mspi/libdrivers__mspi.a(nrfx_qspi2.c.obj)
 .text.nrfx_qspi2_init
                0x0000000000004258      0x19c zephyr/drivers/mspi/libdrivers__mspi.a(nrfx_qspi2.c.obj)
                0x0000000000004258                nrfx_qspi2_init
 .text.nrfx_qspi2_dev_cfg
                0x00000000000043f4      0x148 zephyr/drivers/mspi/libdrivers__mspi.a(nrfx_qspi2.c.obj)
                0x00000000000043f4                nrfx_qspi2_dev_cfg
 .text.nrfx_qspi2_dev_data_fmt_set
                0x000000000000453c       0x98 zephyr/drivers/mspi/libdrivers__mspi.a(nrfx_qspi2.c.obj)
                0x000000000000453c                nrfx_qspi2_dev_data_fmt_set
 .text.nrfx_qspi2_activate
                0x00000000000045d4       0x64 zephyr/drivers/mspi/libdrivers__mspi.a(nrfx_qspi2.c.obj)
                0x00000000000045d4                nrfx_qspi2_activate
 .text.nrfx_qspi2_xfer
                0x0000000000004638       0x8c zephyr/drivers/mspi/libdrivers__mspi.a(nrfx_qspi2.c.obj)
                0x0000000000004638                nrfx_qspi2_xfer
 .text.nrfx_qspi2_irq_handler
                0x00000000000046c4      0x184 zephyr/drivers/mspi/libdrivers__mspi.a(nrfx_qspi2.c.obj)
                0x00000000000046c4                nrfx_qspi2_irq_handler
 .text.dev_init
                0x0000000000004848      0x1a8 zephyr/drivers/mspi/libdrivers__mspi.a(mspi_sqspi.c.obj)
 .text.api_dev_config
                0x00000000000049f0      0x194 zephyr/drivers/mspi/libdrivers__mspi.a(mspi_sqspi.c.obj)
 .text.api_transceive
                0x0000000000004b84      0x1cc zephyr/drivers/mspi/libdrivers__mspi.a(mspi_sqspi.c.obj)
 .text.nrf_gpio_pin_port_decode
                0x0000000000004d50       0x20 zephyr/drivers/pinctrl/libdrivers__pinctrl.a(pinctrl_nrf.c.obj)
 .text.pinctrl_configure_pins
                0x0000000000004d70      0x180 zephyr/drivers/pinctrl/libdrivers__pinctrl.a(pinctrl_nrf.c.obj)
                0x0000000000004d70                pinctrl_configure_pins
 .text.hfclk_on_callback
                0x0000000000004ef0        0xc zephyr/drivers/sensor/nordic/temp/libdrivers__sensor__nordic__temp.a(temp_nrf5.c.obj)
 .text.temp_nrf5_channel_get
                0x0000000000004efc       0x2c zephyr/drivers/sensor/nordic/temp/libdrivers__sensor__nordic__temp.a(temp_nrf5.c.obj)
 .text.temp_nrf5_isr
                0x0000000000004f28       0x18 zephyr/drivers/sensor/nordic/temp/libdrivers__sensor__nordic__temp.a(temp_nrf5.c.obj)
 .text.temp_nrf5_sample_fetch
                0x0000000000004f40       0x78 zephyr/drivers/sensor/nordic/temp/libdrivers__sensor__nordic__temp.a(temp_nrf5.c.obj)
 .text.temp_nrf5_init
                0x0000000000004fb8       0x40 zephyr/drivers/sensor/nordic/temp/libdrivers__sensor__nordic__temp.a(temp_nrf5.c.obj)
 .text.uarte_nrfx_poll_out
                0x0000000000004ff8       0xb4 zephyr/drivers/serial/libdrivers__serial.a(uart_nrfx_uarte.c.obj)
 .text.sys_clock_timeout_handler
                0x00000000000050ac       0x48 zephyr/drivers/timer/libdrivers__timer.a(nrf_grtc_timer.c.obj)
 .text.sys_clock_driver_init
                0x00000000000050f4       0x70 zephyr/drivers/timer/libdrivers__timer.a(nrf_grtc_timer.c.obj)
 .text.sys_clock_elapsed
                0x0000000000005164       0x2c zephyr/drivers/timer/libdrivers__timer.a(nrf_grtc_timer.c.obj)
                0x0000000000005164                sys_clock_elapsed
 .text.sys_clock_set_timeout
                0x0000000000005190       0x5c zephyr/drivers/timer/libdrivers__timer.a(nrf_grtc_timer.c.obj)
                0x0000000000005190                sys_clock_set_timeout
 .text.nrf54l_errata_31
                0x00000000000051ec       0x20 modules/hal_nordic/modules/hal_nordic/nrfx/libmodules__hal_nordic__nrfx.a(system_nrf54l.c.obj)
 .text.nrf54l_handle_approtect_signal
                0x000000000000520c       0x34 modules/hal_nordic/modules/hal_nordic/nrfx/libmodules__hal_nordic__nrfx.a(system_nrf54l.c.obj)
 .text.SystemInit
                0x0000000000005240       0xf8 modules/hal_nordic/modules/hal_nordic/nrfx/libmodules__hal_nordic__nrfx.a(system_nrf54l.c.obj)
                0x0000000000005240                SystemInit
 .text.nrfx_flag32_alloc
                0x0000000000005338       0x40 modules/hal_nordic/modules/hal_nordic/nrfx/libmodules__hal_nordic__nrfx.a(nrfx_flag32_allocator.c.obj)
                0x0000000000005338                nrfx_flag32_alloc
 .text.nrfx_flag32_free
                0x0000000000005378       0x38 modules/hal_nordic/modules/hal_nordic/nrfx/libmodules__hal_nordic__nrfx.a(nrfx_flag32_allocator.c.obj)
                0x0000000000005378                nrfx_flag32_free
 .text.clock_stop
                0x00000000000053b0       0xd8 modules/hal_nordic/modules/hal_nordic/nrfx/libmodules__hal_nordic__nrfx.a(nrfx_clock.c.obj)
 .text.nrfx_clock_init
                0x0000000000005488       0x24 modules/hal_nordic/modules/hal_nordic/nrfx/libmodules__hal_nordic__nrfx.a(nrfx_clock.c.obj)
                0x0000000000005488                nrfx_clock_init
 .text.nrfx_clock_enable
                0x00000000000054ac       0x2c modules/hal_nordic/modules/hal_nordic/nrfx/libmodules__hal_nordic__nrfx.a(nrfx_clock.c.obj)
                0x00000000000054ac                nrfx_clock_enable
 .text.nrfx_clock_start
                0x00000000000054d8       0xdc modules/hal_nordic/modules/hal_nordic/nrfx/libmodules__hal_nordic__nrfx.a(nrfx_clock.c.obj)
                0x00000000000054d8                nrfx_clock_start
 .text.nrfx_clock_calibration_start
                0x00000000000055b4       0x68 modules/hal_nordic/modules/hal_nordic/nrfx/libmodules__hal_nordic__nrfx.a(nrfx_clock.c.obj)
                0x00000000000055b4                nrfx_clock_calibration_start
 .text.nrfx_power_clock_irq_handler
                0x000000000000561c       0x70 modules/hal_nordic/modules/hal_nordic/nrfx/libmodules__hal_nordic__nrfx.a(nrfx_clock.c.obj)
                0x000000000000561c                nrfx_power_clock_irq_handler
 .text.nrf_gpio_pin_port_decode
                0x000000000000568c       0x20 modules/hal_nordic/modules/hal_nordic/nrfx/libmodules__hal_nordic__nrfx.a(nrfx_gpiote.c.obj)
 .text.get_pin_idx
                0x00000000000056ac       0x14 modules/hal_nordic/modules/hal_nordic/nrfx/libmodules__hal_nordic__nrfx.a(nrfx_gpiote.c.obj)
 .text.release_handler
                0x00000000000056c0       0x70 modules/hal_nordic/modules/hal_nordic/nrfx/libmodules__hal_nordic__nrfx.a(nrfx_gpiote.c.obj)
 .text.latch_pending_read_and_check
                0x0000000000005730       0x58 modules/hal_nordic/modules/hal_nordic/nrfx/libmodules__hal_nordic__nrfx.a(nrfx_gpiote.c.obj)
 .text.pin_te_get.isra.0
                0x0000000000005788       0x20 modules/hal_nordic/modules/hal_nordic/nrfx/libmodules__hal_nordic__nrfx.a(nrfx_gpiote.c.obj)
 .text.pin_is_output.isra.0
                0x00000000000057a8       0x24 modules/hal_nordic/modules/hal_nordic/nrfx/libmodules__hal_nordic__nrfx.a(nrfx_gpiote.c.obj)
 .text.pin_in_use_by_te.isra.0
                0x00000000000057cc       0x24 modules/hal_nordic/modules/hal_nordic/nrfx/libmodules__hal_nordic__nrfx.a(nrfx_gpiote.c.obj)
 .text.irq_handler
                0x00000000000057f0      0x1a8 modules/hal_nordic/modules/hal_nordic/nrfx/libmodules__hal_nordic__nrfx.a(nrfx_gpiote.c.obj)
 .text.pin_uninit
                0x0000000000005998       0xa4 modules/hal_nordic/modules/hal_nordic/nrfx/libmodules__hal_nordic__nrfx.a(nrfx_gpiote.c.obj)
 .text.nrfx_gpiote_input_configure
                0x0000000000005a3c      0x1ec modules/hal_nordic/modules/hal_nordic/nrfx/libmodules__hal_nordic__nrfx.a(nrfx_gpiote.c.obj)
                0x0000000000005a3c                nrfx_gpiote_input_configure
 .text.nrfx_gpiote_output_configure
                0x0000000000005c28      0x128 modules/hal_nordic/modules/hal_nordic/nrfx/libmodules__hal_nordic__nrfx.a(nrfx_gpiote.c.obj)
                0x0000000000005c28                nrfx_gpiote_output_configure
 .text.nrfx_gpiote_global_callback_set
                0x0000000000005d50       0x1c modules/hal_nordic/modules/hal_nordic/nrfx/libmodules__hal_nordic__nrfx.a(nrfx_gpiote.c.obj)
                0x0000000000005d50                nrfx_gpiote_global_callback_set
 .text.nrfx_gpiote_channel_get
                0x0000000000005d6c       0x3c modules/hal_nordic/modules/hal_nordic/nrfx/libmodules__hal_nordic__nrfx.a(nrfx_gpiote.c.obj)
                0x0000000000005d6c                nrfx_gpiote_channel_get
 .text.nrfx_gpiote_init
                0x0000000000005da8       0x7c modules/hal_nordic/modules/hal_nordic/nrfx/libmodules__hal_nordic__nrfx.a(nrfx_gpiote.c.obj)
                0x0000000000005da8                nrfx_gpiote_init
 .text.nrfx_gpiote_init_check
                0x0000000000005e24       0x1c modules/hal_nordic/modules/hal_nordic/nrfx/libmodules__hal_nordic__nrfx.a(nrfx_gpiote.c.obj)
                0x0000000000005e24                nrfx_gpiote_init_check
 .text.nrfx_gpiote_channel_free
                0x0000000000005e40       0x18 modules/hal_nordic/modules/hal_nordic/nrfx/libmodules__hal_nordic__nrfx.a(nrfx_gpiote.c.obj)
                0x0000000000005e40                nrfx_gpiote_channel_free
 .text.nrfx_gpiote_channel_alloc
                0x0000000000005e58       0x18 modules/hal_nordic/modules/hal_nordic/nrfx/libmodules__hal_nordic__nrfx.a(nrfx_gpiote.c.obj)
                0x0000000000005e58                nrfx_gpiote_channel_alloc
 .text.nrfx_gpiote_trigger_enable
                0x0000000000005e70       0xb8 modules/hal_nordic/modules/hal_nordic/nrfx/libmodules__hal_nordic__nrfx.a(nrfx_gpiote.c.obj)
                0x0000000000005e70                nrfx_gpiote_trigger_enable
 .text.nrfx_gpiote_20_irq_handler
                0x0000000000005f28       0x10 modules/hal_nordic/modules/hal_nordic/nrfx/libmodules__hal_nordic__nrfx.a(nrfx_gpiote.c.obj)
                0x0000000000005f28                nrfx_gpiote_20_irq_handler
 .text.nrfx_gpiote_30_irq_handler
                0x0000000000005f38       0x10 modules/hal_nordic/modules/hal_nordic/nrfx/libmodules__hal_nordic__nrfx.a(nrfx_gpiote.c.obj)
                0x0000000000005f38                nrfx_gpiote_30_irq_handler
 .text.cc_channel_prepare
                0x0000000000005f48       0x5c modules/hal_nordic/modules/hal_nordic/nrfx/libmodules__hal_nordic__nrfx.a(nrfx_grtc.c.obj)
 .text.sleep_configure
                0x0000000000005fa4       0x24 modules/hal_nordic/modules/hal_nordic/nrfx/libmodules__hal_nordic__nrfx.a(nrfx_grtc.c.obj)
 .text.syscounter_check
                0x0000000000005fc8       0x38 modules/hal_nordic/modules/hal_nordic/nrfx/libmodules__hal_nordic__nrfx.a(nrfx_grtc.c.obj)
 .text.nrfx_grtc_syscounter_get
                0x0000000000006000       0x64 modules/hal_nordic/modules/hal_nordic/nrfx/libmodules__hal_nordic__nrfx.a(nrfx_grtc.c.obj)
                0x0000000000006000                nrfx_grtc_syscounter_get
 .text.nrfx_grtc_init
                0x0000000000006064      0x11c modules/hal_nordic/modules/hal_nordic/nrfx/libmodules__hal_nordic__nrfx.a(nrfx_grtc.c.obj)
                0x0000000000006064                nrfx_grtc_init
 .text.nrfx_grtc_syscounter_start
                0x0000000000006180       0xc8 modules/hal_nordic/modules/hal_nordic/nrfx/libmodules__hal_nordic__nrfx.a(nrfx_grtc.c.obj)
                0x0000000000006180                nrfx_grtc_syscounter_start
 .text.nrfx_grtc_syscounter_cc_absolute_set
                0x0000000000006248       0x84 modules/hal_nordic/modules/hal_nordic/nrfx/libmodules__hal_nordic__nrfx.a(nrfx_grtc.c.obj)
                0x0000000000006248                nrfx_grtc_syscounter_cc_absolute_set
 .text.nrfx_grtc_irq_handler
                0x00000000000062cc       0xa0 modules/hal_nordic/modules/hal_nordic/nrfx/libmodules__hal_nordic__nrfx.a(nrfx_grtc.c.obj)
                0x00000000000062cc                nrfx_grtc_irq_handler
 .text.k_sys_fatal_error_handler
                0x000000000000636c       0x20 zephyr/kernel/libkernel.a(fatal.c.obj)
                0x000000000000636c                k_sys_fatal_error_handler
 .text.z_fatal_error
                0x000000000000638c       0xe8 zephyr/kernel/libkernel.a(fatal.c.obj)
                0x000000000000638c                z_fatal_error
 .text.z_sys_init_run_level
                0x0000000000006474       0x2c zephyr/kernel/libkernel.a(init.c.obj)
 .text.bg_thread_main
                0x00000000000064a0       0xc4 zephyr/kernel/libkernel.a(init.c.obj)
 .text.z_bss_zero
                0x0000000000006564       0x18 zephyr/kernel/libkernel.a(init.c.obj)
                0x0000000000006564                z_bss_zero
 .text.z_init_cpu
                0x000000000000657c       0x68 zephyr/kernel/libkernel.a(init.c.obj)
                0x000000000000657c                z_init_cpu
 .text.z_cstart
                0x00000000000065e4       0xdc zephyr/kernel/libkernel.a(init.c.obj)
                0x00000000000065e4                z_cstart
 .text.z_impl_k_mutex_lock
                0x00000000000066c0       0xf0 zephyr/kernel/libkernel.a(mutex.c.obj)
                0x00000000000066c0                z_impl_k_mutex_lock
 .text.z_impl_k_mutex_unlock
                0x00000000000067b0       0xa0 zephyr/kernel/libkernel.a(mutex.c.obj)
                0x00000000000067b0                z_impl_k_mutex_unlock
 .text.z_impl_k_sem_give
                0x0000000000006850       0x68 zephyr/kernel/libkernel.a(sem.c.obj)
                0x0000000000006850                z_impl_k_sem_give
 .text.z_impl_k_sem_take
                0x00000000000068b8       0x4c zephyr/kernel/libkernel.a(sem.c.obj)
                0x00000000000068b8                z_impl_k_sem_take
 .text.work_queue_main
                0x0000000000006904      0x14c zephyr/kernel/libkernel.a(work.c.obj)
 .text.submit_to_queue_locked
                0x0000000000006a50       0xb4 zephyr/kernel/libkernel.a(work.c.obj)
 .text.k_work_submit
                0x0000000000006b04        0xc zephyr/kernel/libkernel.a(work.c.obj)
                0x0000000000006b04                k_work_submit
 .text.k_work_queue_start
                0x0000000000006b10       0x7c zephyr/kernel/libkernel.a(work.c.obj)
                0x0000000000006b10                k_work_queue_start
 .text.z_setup_new_thread
                0x0000000000006b8c       0x80 zephyr/kernel/libkernel.a(thread.c.obj)
                0x0000000000006b8c                z_setup_new_thread
 .text.z_impl_k_thread_create
                0x0000000000006c0c       0x58 zephyr/kernel/libkernel.a(thread.c.obj)
                0x0000000000006c0c                z_impl_k_thread_create
 .text.z_swap_irqlock
                0x0000000000006c64       0x34 zephyr/kernel/libkernel.a(sched.c.obj)
 .text.ready_thread
                0x0000000000006c98       0x90 zephyr/kernel/libkernel.a(sched.c.obj)
 .text.unready_thread
                0x0000000000006d28       0x54 zephyr/kernel/libkernel.a(sched.c.obj)
 .text.move_thread_to_end_of_prio_q
                0x0000000000006d7c       0x90 zephyr/kernel/libkernel.a(sched.c.obj)
                0x0000000000006d7c                move_thread_to_end_of_prio_q
 .text.z_pend_curr
                0x0000000000006e0c       0x58 zephyr/kernel/libkernel.a(sched.c.obj)
                0x0000000000006e0c                z_pend_curr
 .text.z_thread_prio_set
                0x0000000000006e64       0x9c zephyr/kernel/libkernel.a(sched.c.obj)
                0x0000000000006e64                z_thread_prio_set
 .text.z_reschedule
                0x0000000000006f00       0x24 zephyr/kernel/libkernel.a(sched.c.obj)
                0x0000000000006f00                z_reschedule
 .text.z_reschedule_irqlock
                0x0000000000006f24       0x28 zephyr/kernel/libkernel.a(sched.c.obj)
                0x0000000000006f24                z_reschedule_irqlock
 .text.k_sched_lock
                0x0000000000006f4c       0x28 zephyr/kernel/libkernel.a(sched.c.obj)
                0x0000000000006f4c                k_sched_lock
 .text.k_sched_unlock
                0x0000000000006f74       0x68 zephyr/kernel/libkernel.a(sched.c.obj)
                0x0000000000006f74                k_sched_unlock
 .text.z_sched_init
                0x0000000000006fdc       0x10 zephyr/kernel/libkernel.a(sched.c.obj)
                0x0000000000006fdc                z_sched_init
 .text.z_impl_k_yield
                0x0000000000006fec       0x88 zephyr/kernel/libkernel.a(sched.c.obj)
                0x0000000000006fec                z_impl_k_yield
 .text.z_tick_sleep
                0x0000000000007074       0x80 zephyr/kernel/libkernel.a(sched.c.obj)
 .text.z_impl_k_wakeup
                0x00000000000070f4       0x4c zephyr/kernel/libkernel.a(sched.c.obj)
                0x00000000000070f4                z_impl_k_wakeup
 .text.z_impl_k_sched_current_thread_query
                0x0000000000007140        0xc zephyr/kernel/libkernel.a(sched.c.obj)
                0x0000000000007140                z_impl_k_sched_current_thread_query
 .text.z_thread_abort
                0x000000000000714c      0x110 zephyr/kernel/libkernel.a(sched.c.obj)
                0x000000000000714c                z_thread_abort
 .text.z_sched_wait
                0x000000000000725c       0x24 zephyr/kernel/libkernel.a(sched.c.obj)
                0x000000000000725c                z_sched_wait
 .text.slice_timeout
                0x0000000000007280       0x20 zephyr/kernel/libkernel.a(timeslicing.c.obj)
 .text.thread_is_sliceable
                0x00000000000072a0       0x3c zephyr/kernel/libkernel.a(timeslicing.c.obj)
                0x00000000000072a0                thread_is_sliceable
 .text.z_reset_time_slice
                0x00000000000072dc       0x50 zephyr/kernel/libkernel.a(timeslicing.c.obj)
                0x00000000000072dc                z_reset_time_slice
 .text.z_time_slice
                0x000000000000732c       0x60 zephyr/kernel/libkernel.a(timeslicing.c.obj)
                0x000000000000732c                z_time_slice
 .text.z_data_copy
                0x000000000000738c       0x38 zephyr/kernel/libkernel.a(xip.c.obj)
                0x000000000000738c                z_data_copy
 .text.first    0x00000000000073c4       0x10 zephyr/kernel/libkernel.a(timeout.c.obj)
 .text.elapsed  0x00000000000073d4       0x14 zephyr/kernel/libkernel.a(timeout.c.obj)
 .text.remove_timeout
                0x00000000000073e8       0x38 zephyr/kernel/libkernel.a(timeout.c.obj)
 .text.z_add_timeout
                0x0000000000007420       0xec zephyr/kernel/libkernel.a(timeout.c.obj)
                0x0000000000007420                z_add_timeout
 .text.sys_clock_announce
                0x000000000000750c       0xbc zephyr/kernel/libkernel.a(timeout.c.obj)
                0x000000000000750c                sys_clock_announce
 .text.sys_clock_tick_get
                0x00000000000075c8       0x30 zephyr/kernel/libkernel.a(timeout.c.obj)
                0x00000000000075c8                sys_clock_tick_get
 .text.z_timer_expiration_handler
                0x00000000000075f8       0xe0 zephyr/kernel/libkernel.a(timer.c.obj)
                0x00000000000075f8                z_timer_expiration_handler
 .text.z_impl_k_timer_start
                0x00000000000076d8       0x74 zephyr/kernel/libkernel.a(timer.c.obj)
                0x00000000000076d8                z_impl_k_timer_start
 .text.k_sys_work_q_init
                0x000000000000774c       0x34 zephyr/kernel/libkernel.a(system_work_q.c.obj)
 .text.psa_get_initialized
                0x0000000000007780       0x4c modules/nrf/subsys/nrf_security/src/core/nrf_oberon/liboberon_psa_core.a(psa_crypto.c.obj)
 .text.mbedtls_psa_crypto_free
                0x00000000000077cc       0x90 modules/nrf/subsys/nrf_security/src/core/nrf_oberon/liboberon_psa_core.a(psa_crypto.c.obj)
                0x00000000000077cc                mbedtls_psa_crypto_free
 .text.psa_crypto_init
                0x000000000000785c      0x104 modules/nrf/subsys/nrf_security/src/core/nrf_oberon/liboberon_psa_core.a(psa_crypto.c.obj)
                0x000000000000785c                psa_crypto_init
 .text.psa_initialize_key_slots
                0x0000000000007960       0x10 modules/nrf/subsys/nrf_security/src/core/nrf_oberon/liboberon_psa_core.a(psa_crypto_slot_management.c.obj)
                0x0000000000007960                psa_initialize_key_slots
 .text.psa_wipe_all_key_slots
                0x0000000000007970       0x34 modules/nrf/subsys/nrf_security/src/core/nrf_oberon/liboberon_psa_core.a(psa_crypto_slot_management.c.obj)
                0x0000000000007970                psa_wipe_all_key_slots
 .text.mbedtls_free
                0x00000000000079a4        0xc modules/nrf/subsys/nrf_security/src/core/nrf_oberon/liboberon_psa_core.a(platform.c.obj)
                0x00000000000079a4                mbedtls_free
 .text.mbedtls_platform_zeroize
                0x00000000000079b0       0x18 modules/nrf/subsys/nrf_security/src/core/nrf_oberon/liboberon_psa_core.a(platform_util.c.obj)
                0x00000000000079b0                mbedtls_platform_zeroize
 .text.cracen_acquire
                0x00000000000079c8       0x40 modules/nrf/subsys/nrf_security/src/drivers/cracen/libcracen_psa_driver.a(cracen.c.obj)
                0x00000000000079c8                cracen_acquire
 .text.cracen_release
                0x0000000000007a08       0x6c modules/nrf/subsys/nrf_security/src/drivers/cracen/libcracen_psa_driver.a(cracen.c.obj)
                0x0000000000007a08                cracen_release
 .text.cracen_init
                0x0000000000007a74       0x5c modules/nrf/subsys/nrf_security/src/drivers/cracen/libcracen_psa_driver.a(cracen.c.obj)
                0x0000000000007a74                cracen_init
 .text.cracen_isr_handler
                0x0000000000007ad0       0x68 modules/nrf/subsys/nrf_security/src/drivers/cracen/libcracen_psa_driver.a(interrupts.c.obj)
                0x0000000000007ad0                cracen_isr_handler
 .text.cracen_interrupts_init
                0x0000000000007b38       0x28 modules/nrf/subsys/nrf_security/src/drivers/cracen/libcracen_psa_driver.a(interrupts.c.obj)
                0x0000000000007b38                cracen_interrupts_init
 .text.sx_pk_fetch_capabilities
                0x0000000000007b60       0x24 modules/nrf/subsys/nrf_security/src/drivers/cracen/libcracen_psa_driver.a(pk_baremetal.c.obj)
                0x0000000000007b60                sx_pk_fetch_capabilities
 .text.sx_pk_init
                0x0000000000007b84       0x3c modules/nrf/subsys/nrf_security/src/drivers/cracen/libcracen_psa_driver.a(pk_baremetal.c.obj)
                0x0000000000007b84                sx_pk_init
 .text.sx_get_current_req
                0x0000000000007bc0        0x8 modules/nrf/subsys/nrf_security/src/drivers/cracen/libcracen_psa_driver.a(pk_baremetal.c.obj)
                0x0000000000007bc0                sx_get_current_req
 .text.k_event_post_internal
                0x0000000000007bc8       0x5c zephyr/kernel/libkernel.a(events.c.obj)
 .text.printf   0x0000000000007c24       0x24 c:\ncs\toolchains\0b393f9e1b\opt\zephyr-sdk\arm-zephyr-eabi\bin\../lib/gcc/../../picolibc/arm-zephyr-eabi/lib/thumb/v8-m.main/nofp\libc.a(libc_tinystdio_printf.c.o)
                0x0000000000007c24                printf
 .text.puts     0x0000000000007c48       0x40 c:\ncs\toolchains\0b393f9e1b\opt\zephyr-sdk\arm-zephyr-eabi\bin\../lib/gcc/../../picolibc/arm-zephyr-eabi/lib/thumb/v8-m.main/nofp\libc.a(libc_tinystdio_puts.c.o)
                0x0000000000007c48                puts
 .text.snprintf
                0x0000000000007c88       0x58 c:\ncs\toolchains\0b393f9e1b\opt\zephyr-sdk\arm-zephyr-eabi\bin\../lib/gcc/../../picolibc/arm-zephyr-eabi/lib/thumb/v8-m.main/nofp\libc.a(libc_tinystdio_snprintf.c.o)
                0x0000000000007c88                snprintf
 .text.__l_vfprintf
                0x0000000000007ce0      0x4b4 c:\ncs\toolchains\0b393f9e1b\opt\zephyr-sdk\arm-zephyr-eabi\bin\../lib/gcc/../../picolibc/arm-zephyr-eabi/lib/thumb/v8-m.main/nofp\libc.a(libc_tinystdio_vflprintf.c.o)
                0x0000000000007ce0                __l_vfprintf
 .text._OffsetAbsSyms
                0x0000000000008194        0x2 zephyr/CMakeFiles/offsets.dir/./arch/arm/core/offsets/offsets.c.obj
                0x0000000000008194                _OffsetAbsSyms
 .text.flash_read
                0x0000000000008196        0xc app/libapp.a(main.c.obj)
 .text.flash_erase
                0x00000000000081a2        0xe app/libapp.a(main.c.obj)
 .text.k_msleep.constprop.0.isra.0
                0x00000000000081b0        0xa app/libapp.a(main.c.obj)
 .text.chunk_field
                0x00000000000081ba       0x16 zephyr/libzephyr.a(heap.c.obj)
 .text.chunk_set
                0x00000000000081d0       0x16 zephyr/libzephyr.a(heap.c.obj)
 .text.chunk_size
                0x00000000000081e6        0xc zephyr/libzephyr.a(heap.c.obj)
 .text.set_chunk_used
                0x00000000000081f2       0x30 zephyr/libzephyr.a(heap.c.obj)
 .text.set_chunk_size
                0x0000000000008222        0x8 zephyr/libzephyr.a(heap.c.obj)
 .text.bucket_idx.isra.0
                0x000000000000822a       0x1c zephyr/libzephyr.a(heap.c.obj)
 .text.free_list_add
                0x0000000000008246       0x84 zephyr/libzephyr.a(heap.c.obj)
 .text.sys_heap_init
                0x00000000000082ca       0xb0 zephyr/libzephyr.a(heap.c.obj)
                0x00000000000082ca                sys_heap_init
 .text.cbpprintf_external
                0x000000000000837a       0x62 zephyr/libzephyr.a(cbprintf_packaged.c.obj)
                0x000000000000837a                cbpprintf_external
 .text.is_ptr   0x00000000000083dc       0x4a zephyr/libzephyr.a(cbprintf_packaged.c.obj)
                0x00000000000083dc                is_ptr
 .text.arch_printk_char_out
                0x0000000000008426        0x4 zephyr/libzephyr.a(printk.c.obj)
                0x0000000000008426                arch_printk_char_out
 .text.printk   0x000000000000842a       0x1a zephyr/libzephyr.a(printk.c.obj)
                0x000000000000842a                printk
 .text.free_space
                0x0000000000008444       0x26 zephyr/libzephyr.a(mpsc_pbuf.c.obj)
 .text.get_usage
                0x000000000000846a       0x22 zephyr/libzephyr.a(mpsc_pbuf.c.obj)
 .text.idx_inc  0x000000000000848c       0x1c zephyr/libzephyr.a(mpsc_pbuf.c.obj)
 .text.rd_idx_inc
                0x00000000000084a8       0x18 zephyr/libzephyr.a(mpsc_pbuf.c.obj)
 .text.add_skip_item
                0x00000000000084c0       0x3e zephyr/libzephyr.a(mpsc_pbuf.c.obj)
 .text.drop_item_locked
                0x00000000000084fe       0xee zephyr/libzephyr.a(mpsc_pbuf.c.obj)
 .text.post_drop_action
                0x00000000000085ec       0x36 zephyr/libzephyr.a(mpsc_pbuf.c.obj)
 .text.max_utilization_update
                0x0000000000008622       0x1a zephyr/libzephyr.a(mpsc_pbuf.c.obj)
 .text.mpsc_pbuf_init
                0x000000000000863c       0x42 zephyr/libzephyr.a(mpsc_pbuf.c.obj)
                0x000000000000863c                mpsc_pbuf_init
 .text.mpsc_pbuf_alloc
                0x000000000000867e       0xfe zephyr/libzephyr.a(mpsc_pbuf.c.obj)
                0x000000000000867e                mpsc_pbuf_alloc
 .text.mpsc_pbuf_commit
                0x000000000000877c       0x3e zephyr/libzephyr.a(mpsc_pbuf.c.obj)
                0x000000000000877c                mpsc_pbuf_commit
 .text.mpsc_pbuf_claim
                0x00000000000087ba       0xa8 zephyr/libzephyr.a(mpsc_pbuf.c.obj)
                0x00000000000087ba                mpsc_pbuf_claim
 .text.mpsc_pbuf_free
                0x0000000000008862       0x76 zephyr/libzephyr.a(mpsc_pbuf.c.obj)
                0x0000000000008862                mpsc_pbuf_free
 .text.mpsc_pbuf_is_pending
                0x00000000000088d8       0x32 zephyr/libzephyr.a(mpsc_pbuf.c.obj)
                0x00000000000088d8                mpsc_pbuf_is_pending
 .text.process_recheck
                0x000000000000890a       0x38 zephyr/libzephyr.a(onoff.c.obj)
 .text.validate_args
                0x0000000000008942       0x20 zephyr/libzephyr.a(onoff.c.obj)
 .text.notify_one
                0x0000000000008962       0x2c zephyr/libzephyr.a(onoff.c.obj)
 .text.transition_complete
                0x000000000000898e       0x1a zephyr/libzephyr.a(onoff.c.obj)
 .text.onoff_manager_init
                0x00000000000089a8       0x26 zephyr/libzephyr.a(onoff.c.obj)
                0x00000000000089a8                onoff_manager_init
 .text.onoff_request
                0x00000000000089ce       0xae zephyr/libzephyr.a(onoff.c.obj)
                0x00000000000089ce                onoff_request
 .text.onoff_release
                0x0000000000008a7c       0x48 zephyr/libzephyr.a(onoff.c.obj)
                0x0000000000008a7c                onoff_release
 .text.sys_notify_validate
                0x0000000000008ac4       0x22 zephyr/libzephyr.a(notify.c.obj)
                0x0000000000008ac4                sys_notify_validate
 .text.sys_notify_finalize
                0x0000000000008ae6       0x1a zephyr/libzephyr.a(notify.c.obj)
                0x0000000000008ae6                sys_notify_finalize
 .text._ConfigAbsSyms
                0x0000000000008b00        0x2 zephyr/libzephyr.a(configs.c.obj)
                0x0000000000008b00                _ConfigAbsSyms
 .text.log_msg_generic_get_wlen
                0x0000000000008b02       0x20 zephyr/libzephyr.a(log_core.c.obj)
 .text.dummy_timestamp
                0x0000000000008b22        0x4 zephyr/libzephyr.a(log_core.c.obj)
 .text.default_get_timestamp
                0x0000000000008b26        0x4 zephyr/libzephyr.a(log_core.c.obj)
 .text.atomic_inc
                0x0000000000008b2a       0x12 zephyr/libzephyr.a(log_core.c.obj)
 .text.z_log_vprintk
                0x0000000000008b3c       0x1c zephyr/libzephyr.a(log_core.c.obj)
                0x0000000000008b3c                z_log_vprintk
 .text.z_log_notify_drop
                0x0000000000008b58        0x6 zephyr/libzephyr.a(log_core.c.obj)
 .text.z_log_get_tag
                0x0000000000008b5e        0x4 zephyr/libzephyr.a(log_core.c.obj)
                0x0000000000008b5e                z_log_get_tag
 .text.z_cbprintf_cpy
                0x0000000000008b62       0x2c zephyr/libzephyr.a(log_msg.c.obj)
 .text.z_log_msg_finalize
                0x0000000000008b8e       0x32 zephyr/libzephyr.a(log_msg.c.obj)
                0x0000000000008b8e                z_log_msg_finalize
 .text.z_log_msg_simple_create
                0x0000000000008bc0       0x6e zephyr/libzephyr.a(log_msg.c.obj)
 .text.z_impl_z_log_msg_simple_create_0
                0x0000000000008c2e       0x12 zephyr/libzephyr.a(log_msg.c.obj)
                0x0000000000008c2e                z_impl_z_log_msg_simple_create_0
 .text.z_impl_z_log_msg_simple_create_1
                0x0000000000008c40       0x14 zephyr/libzephyr.a(log_msg.c.obj)
                0x0000000000008c40                z_impl_z_log_msg_simple_create_1
 .text.z_impl_z_log_msg_simple_create_2
                0x0000000000008c54       0x18 zephyr/libzephyr.a(log_msg.c.obj)
                0x0000000000008c54                z_impl_z_log_msg_simple_create_2
 .text.log_output_write
                0x0000000000008c6c       0x1c zephyr/libzephyr.a(log_output.c.obj)
 .text.log_output_flush
                0x0000000000008c88       0x1a zephyr/libzephyr.a(log_output.c.obj)
 .text.out_func
                0x0000000000008ca2       0x2e zephyr/libzephyr.a(log_output.c.obj)
 .text.cr_out_func
                0x0000000000008cd0       0x1c zephyr/libzephyr.a(log_output.c.obj)
 .text.log_output_msg_process
                0x0000000000008cec       0x6a zephyr/libzephyr.a(log_output.c.obj)
                0x0000000000008cec                log_output_msg_process
 .text.format_set
                0x0000000000008d56        0xc zephyr/libzephyr.a(log_backend_uart.c.obj)
 .text.log_backend_uart_init
                0x0000000000008d62        0xc zephyr/libzephyr.a(log_backend_uart.c.obj)
 .text.panic    0x0000000000008d6e       0x32 zephyr/libzephyr.a(log_backend_uart.c.obj)
 .text.dropped  0x0000000000008da0        0xa zephyr/libzephyr.a(log_backend_uart.c.obj)
 .text.process  0x0000000000008daa       0x1e zephyr/libzephyr.a(log_backend_uart.c.obj)
 .text.z_do_kernel_oops
                0x0000000000008dc8        0x8 zephyr/arch/arch/arm/core/libarch__arm__core.a(fatal.c.obj)
                0x0000000000008dc8                z_do_kernel_oops
 .text.z_arm_nmi
                0x0000000000008dd0        0xe zephyr/arch/arch/arm/core/libarch__arm__core.a(nmi.c.obj)
                0x0000000000008dd0                z_arm_nmi
 .text.z_log_msg_simple_create_0.constprop.0
                0x0000000000008dde        0x8 zephyr/arch/arch/arm/core/cortex_m/libarch__arm__core__cortex_m.a(fault.c.obj)
 .text.z_irq_spurious
                0x0000000000008de6        0x8 zephyr/arch/arch/arm/core/cortex_m/libarch__arm__core__cortex_m.a(irq_manage.c.obj)
                0x0000000000008de6                z_irq_spurious
 .text.configure_builtin_stack_guard
                0x0000000000008dee        0x8 zephyr/arch/arch/arm/core/cortex_m/libarch__arm__core__cortex_m.a(thread.c.obj)
                0x0000000000008dee                configure_builtin_stack_guard
 .text.arch_irq_unlock_outlined
                0x0000000000008df6        0xe zephyr/arch/arch/arm/core/cortex_m/libarch__arm__core__cortex_m.a(thread.c.obj)
                0x0000000000008df6                arch_irq_unlock_outlined
 .text.arch_cpu_idle
                0x0000000000008e04       0x1a zephyr/arch/arch/arm/core/cortex_m/libarch__arm__core__cortex_m.a(cpu_idle.c.obj)
                0x0000000000008e04                arch_cpu_idle
 .text.arch_cpu_atomic_idle
                0x0000000000008e1e       0x1e zephyr/arch/arch/arm/core/cortex_m/libarch__arm__core__cortex_m.a(cpu_idle.c.obj)
                0x0000000000008e1e                arch_cpu_atomic_idle
 .text.arm_cmse_mpu_region_get
                0x0000000000008e3c       0x12 zephyr/arch/arch/arm/core/cortex_m/cmse/libarch__arm__core__cortex_m__cmse.a(arm_core_cmse.c.obj)
                0x0000000000008e3c                arm_cmse_mpu_region_get
 .text.mpu_configure_region
                0x0000000000008e4e       0x32 zephyr/arch/arch/arm/core/mpu/libarch__arm__core__mpu.a(arm_mpu.c.obj)
 .text.cbputc   0x0000000000008e80        0xc zephyr/lib/libc/picolibc/liblib__libc__picolibc.a(cbprintf.c.obj)
 .text.picolibc_put
                0x0000000000008e8c        0xa zephyr/lib/libc/picolibc/liblib__libc__picolibc.a(stdio.c.obj)
 .text.get_status
                0x0000000000008e96       0x12 zephyr/drivers/clock_control/libdrivers__clock_control.a(clock_control_nrf.c.obj)
 .text.stop     0x0000000000008ea8       0x50 zephyr/drivers/clock_control/libdrivers__clock_control.a(clock_control_nrf.c.obj)
 .text.api_stop
                0x0000000000008ef8        0x6 zephyr/drivers/clock_control/libdrivers__clock_control.a(clock_control_nrf.c.obj)
 .text.async_start
                0x0000000000008efe       0x5a zephyr/drivers/clock_control/libdrivers__clock_control.a(clock_control_nrf.c.obj)
 .text.api_start
                0x0000000000008f58        0xe zephyr/drivers/clock_control/libdrivers__clock_control.a(clock_control_nrf.c.obj)
 .text.onoff_started_callback
                0x0000000000008f66       0x12 zephyr/drivers/clock_control/libdrivers__clock_control.a(clock_control_nrf.c.obj)
 .text.lfclk_start
                0x0000000000008f78        0x6 zephyr/drivers/clock_control/libdrivers__clock_control.a(clock_control_nrf.c.obj)
 .text.blocking_start_callback
                0x0000000000008f7e        0x6 zephyr/drivers/clock_control/libdrivers__clock_control.a(clock_control_nrf.c.obj)
 .text.lfclk_stop
                0x0000000000008f84       0x10 zephyr/drivers/clock_control/libdrivers__clock_control.a(clock_control_nrf.c.obj)
 .text.clock_event_handler
                0x0000000000008f94       0x2a zephyr/drivers/clock_control/libdrivers__clock_control.a(clock_control_nrf.c.obj)
 .text.timeout_handler
                0x0000000000008fbe        0x4 zephyr/drivers/clock_control/libdrivers__clock_control.a(nrf_clock_calibration.c.obj)
 .text.mspi_transceive
                0x0000000000008fc2        0xe zephyr/drivers/flash/libdrivers__flash.a(flash_mspi_nor.c.obj)
 .text.api_page_layout
                0x0000000000008fd0        0xc zephyr/drivers/flash/libdrivers__flash.a(flash_mspi_nor.c.obj)
 .text.z_log_msg_simple_create_1.constprop.0
                0x0000000000008fdc        0xa zephyr/drivers/flash/libdrivers__flash.a(flash_mspi_nor.c.obj)
 .text.release  0x0000000000008fe6       0x1a zephyr/drivers/flash/libdrivers__flash.a(flash_mspi_nor.c.obj)
 .text.flash_mspi_command_set
                0x0000000000009000       0x5a zephyr/drivers/flash/libdrivers__flash.a(flash_mspi_nor.c.obj)
                0x0000000000009000                flash_mspi_command_set
 .text.write_enable
                0x000000000000905a       0x3e zephyr/drivers/flash/libdrivers__flash.a(flash_mspi_nor.c.obj)
 .text.nrf_rram_erase
                0x0000000000009098        0x8 zephyr/drivers/flash/libdrivers__flash.a(soc_flash_nrf_rram.c.obj)
 .text.nrf_rram_write
                0x00000000000090a0       0x12 zephyr/drivers/flash/libdrivers__flash.a(soc_flash_nrf_rram.c.obj)
 .text.gpio_nrfx_port_get_raw
                0x00000000000090b2        0xc zephyr/drivers/gpio/libdrivers__gpio.a(gpio_nrfx.c.obj)
 .text.gpio_nrfx_port_set_masked_raw
                0x00000000000090be       0x14 zephyr/drivers/gpio/libdrivers__gpio.a(gpio_nrfx.c.obj)
 .text.gpio_nrfx_port_set_bits_raw
                0x00000000000090d2        0xa zephyr/drivers/gpio/libdrivers__gpio.a(gpio_nrfx.c.obj)
 .text.gpio_nrfx_port_clear_bits_raw
                0x00000000000090dc        0xa zephyr/drivers/gpio/libdrivers__gpio.a(gpio_nrfx.c.obj)
 .text.gpio_nrfx_port_toggle_bits
                0x00000000000090e6       0x14 zephyr/drivers/gpio/libdrivers__gpio.a(gpio_nrfx.c.obj)
 .text.gpio_nrfx_manage_callback
                0x00000000000090fa       0x52 zephyr/drivers/gpio/libdrivers__gpio.a(gpio_nrfx.c.obj)
 .text.gpio_pin_set_dt
                0x000000000000914c       0x28 zephyr/drivers/mspi/libdrivers__mspi.a(mspi_sqspi.c.obj)
 .text.api_config
                0x0000000000009174        0x6 zephyr/drivers/mspi/libdrivers__mspi.a(mspi_sqspi.c.obj)
 .text.z_log_msg_simple_create_0.constprop.0
                0x000000000000917a        0x8 zephyr/drivers/mspi/libdrivers__mspi.a(mspi_sqspi.c.obj)
 .text.done_callback
                0x0000000000009182       0x12 zephyr/drivers/mspi/libdrivers__mspi.a(mspi_sqspi.c.obj)
 .text.api_get_channel_status
                0x0000000000009194       0x2c zephyr/drivers/mspi/libdrivers__mspi.a(mspi_sqspi.c.obj)
 .text.pinctrl_lookup_state
                0x00000000000091c0       0x26 zephyr/drivers/pinctrl/libdrivers__pinctrl.a(common.c.obj)
                0x00000000000091c0                pinctrl_lookup_state
 .text.uarte_nrfx_isr_int
                0x00000000000091e6        0xa zephyr/drivers/serial/libdrivers__serial.a(uart_nrfx_uarte.c.obj)
 .text.uarte_nrfx_err_check
                0x00000000000091f0        0xe zephyr/drivers/serial/libdrivers__serial.a(uart_nrfx_uarte.c.obj)
 .text.uarte_nrfx_poll_in
                0x00000000000091fe       0x26 zephyr/drivers/serial/libdrivers__serial.a(uart_nrfx_uarte.c.obj)
 .text.uarte_30_init
                0x0000000000009224       0xbc zephyr/drivers/serial/libdrivers__serial.a(uart_nrfx_uarte.c.obj)
 .text.sys_clock_cycle_get_32
                0x00000000000092e0       0x24 zephyr/drivers/timer/libdrivers__timer.a(nrf_grtc_timer.c.obj)
                0x00000000000092e0                sys_clock_cycle_get_32
 .text._psa_crypto_init
                0x0000000000009304       0x1e modules/nrf/subsys/nrf_security/src/zephyr/libmbedtls_zephyr.a(psa_crypto_init.c.obj)
 .text.nrfx_isr
                0x0000000000009322        0x2 modules/hal_nordic/modules/hal_nordic/nrfx/libmodules__hal_nordic__nrfx.a(nrfx_glue.c.obj)
                0x0000000000009322                nrfx_isr
 .text.nrfx_busy_wait
                0x0000000000009324        0x4 modules/hal_nordic/modules/hal_nordic/nrfx/libmodules__hal_nordic__nrfx.a(nrfx_glue.c.obj)
                0x0000000000009324                nrfx_busy_wait
 .text.nrfx_clock_stop
                0x0000000000009328        0x4 modules/hal_nordic/modules/hal_nordic/nrfx/libmodules__hal_nordic__nrfx.a(nrfx_clock.c.obj)
                0x0000000000009328                nrfx_clock_stop
 .text.nrf_gpio_reconfigure
                0x000000000000932c       0x92 modules/hal_nordic/modules/hal_nordic/nrfx/libmodules__hal_nordic__nrfx.a(nrfx_gpiote.c.obj)
 .text.nrf_gpio_cfg_sense_set
                0x00000000000093be       0x1e modules/hal_nordic/modules/hal_nordic/nrfx/libmodules__hal_nordic__nrfx.a(nrfx_gpiote.c.obj)
 .text.call_handler
                0x00000000000093dc       0x3e modules/hal_nordic/modules/hal_nordic/nrfx/libmodules__hal_nordic__nrfx.a(nrfx_gpiote.c.obj)
 .text.__nrfy_internal_gpiote_events_process
                0x000000000000941a       0x4e modules/hal_nordic/modules/hal_nordic/nrfx/libmodules__hal_nordic__nrfx.a(nrfx_gpiote.c.obj)
 .text.pin_trigger_disable
                0x0000000000009468       0x4a modules/hal_nordic/modules/hal_nordic/nrfx/libmodules__hal_nordic__nrfx.a(nrfx_gpiote.c.obj)
 .text.nrfx_gpiote_pin_uninit
                0x00000000000094b2        0x4 modules/hal_nordic/modules/hal_nordic/nrfx/libmodules__hal_nordic__nrfx.a(nrfx_gpiote.c.obj)
                0x00000000000094b2                nrfx_gpiote_pin_uninit
 .text.nrfx_gpiote_trigger_disable
                0x00000000000094b6        0x4 modules/hal_nordic/modules/hal_nordic/nrfx/libmodules__hal_nordic__nrfx.a(nrfx_gpiote.c.obj)
                0x00000000000094b6                nrfx_gpiote_trigger_disable
 .text.z_impl_k_busy_wait
                0x00000000000094ba        0x8 zephyr/kernel/libkernel.a(busy_wait.c.obj)
                0x00000000000094ba                z_impl_k_busy_wait
 .text.z_device_state_init
                0x00000000000094c2        0x2 zephyr/kernel/libkernel.a(device.c.obj)
                0x00000000000094c2                z_device_state_init
 .text.z_impl_device_is_ready
                0x00000000000094c4       0x16 zephyr/kernel/libkernel.a(device.c.obj)
                0x00000000000094c4                z_impl_device_is_ready
 .text.arch_system_halt
                0x00000000000094da       0x10 zephyr/kernel/libkernel.a(fatal.c.obj)
                0x00000000000094da                arch_system_halt
 .text.do_device_init
                0x00000000000094ea       0x30 zephyr/kernel/libkernel.a(init.c.obj)
 .text.z_early_memset
                0x000000000000951a        0x4 zephyr/kernel/libkernel.a(init.c.obj)
                0x000000000000951a                z_early_memset
 .text.z_early_memcpy
                0x000000000000951e        0x4 zephyr/kernel/libkernel.a(init.c.obj)
                0x000000000000951e                z_early_memcpy
 .text.z_init_static
                0x0000000000009522        0x2 zephyr/kernel/libkernel.a(init_static.c.obj)
                0x0000000000009522                z_init_static
 .text.idle     0x0000000000009524       0x16 zephyr/kernel/libkernel.a(idle.c.obj)
                0x0000000000009524                idle
 .text.adjust_owner_prio.isra.0
                0x000000000000953a       0x10 zephyr/kernel/libkernel.a(mutex.c.obj)
 .text.z_impl_k_mutex_init
                0x000000000000954a        0xe zephyr/kernel/libkernel.a(mutex.c.obj)
                0x000000000000954a                z_impl_k_mutex_init
 .text.z_impl_k_sem_init
                0x0000000000009558       0x18 zephyr/kernel/libkernel.a(sem.c.obj)
                0x0000000000009558                z_impl_k_sem_init
 .text.flag_test_and_clear
                0x0000000000009570       0x16 zephyr/kernel/libkernel.a(work.c.obj)
 .text.notify_queue_locked.isra.0
                0x0000000000009586        0xe zephyr/kernel/libkernel.a(work.c.obj)
 .text.z_work_submit_to_queue
                0x0000000000009594       0x26 zephyr/kernel/libkernel.a(work.c.obj)
                0x0000000000009594                z_work_submit_to_queue
 .text.k_work_submit_to_queue
                0x00000000000095ba       0x20 zephyr/kernel/libkernel.a(work.c.obj)
                0x00000000000095ba                k_work_submit_to_queue
 .text.k_is_in_isr
                0x00000000000095da        0xc zephyr/kernel/libkernel.a(thread.c.obj)
                0x00000000000095da                k_is_in_isr
 .text.z_impl_k_thread_name_set
                0x00000000000095e6        0x6 zephyr/kernel/libkernel.a(thread.c.obj)
                0x00000000000095e6                z_impl_k_thread_name_set
 .text.k_thread_name_get
                0x00000000000095ec        0x4 zephyr/kernel/libkernel.a(thread.c.obj)
                0x00000000000095ec                k_thread_name_get
 .text.sys_dlist_remove
                0x00000000000095f0       0x10 zephyr/kernel/libkernel.a(sched.c.obj)
 .text.unpend_thread_no_timeout
                0x0000000000009600       0x14 zephyr/kernel/libkernel.a(sched.c.obj)
 .text.add_to_waitq_locked
                0x0000000000009614       0x50 zephyr/kernel/libkernel.a(sched.c.obj)
 .text.z_ready_thread
                0x0000000000009664       0x1e zephyr/kernel/libkernel.a(sched.c.obj)
                0x0000000000009664                z_ready_thread
 .text.z_unpend_thread_no_timeout
                0x0000000000009682       0x22 zephyr/kernel/libkernel.a(sched.c.obj)
                0x0000000000009682                z_unpend_thread_no_timeout
 .text.z_sched_wake_thread
                0x00000000000096a4       0x46 zephyr/kernel/libkernel.a(sched.c.obj)
                0x00000000000096a4                z_sched_wake_thread
 .text.z_thread_timeout
                0x00000000000096ea        0x8 zephyr/kernel/libkernel.a(sched.c.obj)
                0x00000000000096ea                z_thread_timeout
 .text.z_unpend1_no_timeout
                0x00000000000096f2       0x2c zephyr/kernel/libkernel.a(sched.c.obj)
                0x00000000000096f2                z_unpend1_no_timeout
 .text.z_impl_k_sleep
                0x000000000000971e       0x38 zephyr/kernel/libkernel.a(sched.c.obj)
                0x000000000000971e                z_impl_k_sleep
 .text.z_sched_wake
                0x0000000000009756       0x46 zephyr/kernel/libkernel.a(sched.c.obj)
                0x0000000000009756                z_sched_wake
 .text.z_sched_waitq_walk
                0x000000000000979c       0x44 zephyr/kernel/libkernel.a(sched.c.obj)
                0x000000000000979c                z_sched_waitq_walk
 .text.next_timeout
                0x00000000000097e0       0x32 zephyr/kernel/libkernel.a(timeout.c.obj)
 .text.z_abort_timeout
                0x0000000000009812       0x42 zephyr/kernel/libkernel.a(timeout.c.obj)
                0x0000000000009812                z_abort_timeout
 .text.sys_clock_tick_get_32
                0x0000000000009854        0x8 zephyr/kernel/libkernel.a(timeout.c.obj)
                0x0000000000009854                sys_clock_tick_get_32
 .text.z_impl_k_uptime_ticks
                0x000000000000985c        0x4 zephyr/kernel/libkernel.a(timeout.c.obj)
                0x000000000000985c                z_impl_k_uptime_ticks
 .text.k_timer_init
                0x0000000000009860       0x18 zephyr/kernel/libkernel.a(timer.c.obj)
                0x0000000000009860                k_timer_init
 .text.z_impl_k_timer_stop
                0x0000000000009878       0x38 zephyr/kernel/libkernel.a(timer.c.obj)
                0x0000000000009878                z_impl_k_timer_stop
 .text.psa_remove_key_data_from_memory
                0x00000000000098b0       0x16 modules/nrf/subsys/nrf_security/src/core/nrf_oberon/liboberon_psa_core.a(psa_crypto.c.obj)
                0x00000000000098b0                psa_remove_key_data_from_memory
 .text.psa_wipe_key_slot
                0x00000000000098c6       0x3a modules/nrf/subsys/nrf_security/src/core/nrf_oberon/liboberon_psa_core.a(psa_crypto.c.obj)
                0x00000000000098c6                psa_wipe_key_slot
 .text.psa_driver_wrapper_init
                0x0000000000009900        0x4 modules/nrf/subsys/nrf_security/src/core/nrf_oberon/liboberon_psa_core.a(psa_crypto_driver_wrappers.c.obj)
                0x0000000000009900                psa_driver_wrapper_init
 .text.psa_driver_wrapper_free
                0x0000000000009904        0x2 modules/nrf/subsys/nrf_security/src/core/nrf_oberon/liboberon_psa_core.a(psa_crypto_driver_wrappers.c.obj)
                0x0000000000009904                psa_driver_wrapper_free
 .text.psa_driver_wrapper_init_random
                0x0000000000009906        0x4 modules/nrf/subsys/nrf_security/src/core/nrf_oberon/liboberon_psa_core.a(psa_crypto_driver_wrappers.c.obj)
                0x0000000000009906                psa_driver_wrapper_init_random
 .text.psa_driver_wrapper_free_random
                0x000000000000990a        0x4 modules/nrf/subsys/nrf_security/src/core/nrf_oberon/liboberon_psa_core.a(psa_crypto_driver_wrappers.c.obj)
                0x000000000000990a                psa_driver_wrapper_free_random
 .text.platform_free_uninit
                0x000000000000990e        0x2 modules/nrf/subsys/nrf_security/src/core/nrf_oberon/liboberon_psa_core.a(platform.c.obj)
 .text.mbedtls_zeroize_and_free
                0x0000000000009910       0x14 modules/nrf/subsys/nrf_security/src/core/nrf_oberon/liboberon_psa_core.a(platform_util.c.obj)
                0x0000000000009910                mbedtls_zeroize_and_free
 .text.silex_statuscodes_to_psa
                0x0000000000009924       0xbc modules/nrf/subsys/nrf_security/src/drivers/cracen/libcracen_psa_driver.a(common.c.obj)
                0x0000000000009924                silex_statuscodes_to_psa
 .text.sx_clear_interrupt
                0x00000000000099e0       0x1a modules/nrf/subsys/nrf_security/src/drivers/cracen/libcracen_psa_driver.a(pk_baremetal.c.obj)
                0x00000000000099e0                sx_clear_interrupt
 .text.sx_pk_is_ik_cmd
                0x00000000000099fa        0xa modules/nrf/subsys/nrf_security/src/drivers/cracen/libcracen_psa_driver.a(ikhardware.c.obj)
                0x00000000000099fa                sx_pk_is_ik_cmd
 .text.convert_ba414_capabilities
                0x0000000000009a04       0x4c modules/nrf/subsys/nrf_security/src/drivers/cracen/libcracen_psa_driver.a(ba414_status.c.obj)
                0x0000000000009a04                convert_ba414_capabilities
 .text.mbedtls_mutex_unlock_fn
                0x0000000000009a50        0x4 modules/nrf/subsys/nrf_security/src/libmbedcrypto_base.a(threading_alt.c.obj)
                0x0000000000009a50                mbedtls_mutex_unlock_fn
 .text.mbedtls_mutex_lock_fn
                0x0000000000009a54        0xc modules/nrf/subsys/nrf_security/src/libmbedcrypto_base.a(threading_alt.c.obj)
                0x0000000000009a54                mbedtls_mutex_lock_fn
 .text.nrf_security_mutex_lock
                0x0000000000009a60        0xc modules/nrf/subsys/nrf_security/src/libnrf_security_utils.a(nrf_security_mutexes.c.obj)
                0x0000000000009a60                nrf_security_mutex_lock
 .text.nrf_security_mutex_unlock
                0x0000000000009a6c        0x4 modules/nrf/subsys/nrf_security/src/libnrf_security_utils.a(nrf_security_mutexes.c.obj)
                0x0000000000009a6c                nrf_security_mutex_unlock
 .text.nrf_security_event_init
                0x0000000000009a70        0x4 modules/nrf/subsys/nrf_security/src/libnrf_security_utils.a(nrf_security_events.c.obj)
                0x0000000000009a70                nrf_security_event_init
 .text.nrf_security_event_set
                0x0000000000009a74        0x4 modules/nrf/subsys/nrf_security/src/libnrf_security_utils.a(nrf_security_events.c.obj)
                0x0000000000009a74                nrf_security_event_set
 .text.event_walk_op
                0x0000000000009a78       0x30 zephyr/kernel/libkernel.a(events.c.obj)
 .text.z_impl_k_event_init
                0x0000000000009aa8        0xa zephyr/kernel/libkernel.a(events.c.obj)
                0x0000000000009aa8                z_impl_k_event_init
 .text.z_impl_k_event_set
                0x0000000000009ab2        0x8 zephyr/kernel/libkernel.a(events.c.obj)
                0x0000000000009ab2                z_impl_k_event_set
 .text.memcpy   0x0000000000009aba       0x1a c:\ncs\toolchains\0b393f9e1b\opt\zephyr-sdk\arm-zephyr-eabi\bin\../lib/gcc/../../picolibc/arm-zephyr-eabi/lib/thumb/v8-m.main/nofp\libc.a(memcpy.c.o)
                0x0000000000009aba                __aeabi_memcpy
                0x0000000000009aba                __aeabi_memcpy4
                0x0000000000009aba                __aeabi_memcpy8
                0x0000000000009aba                memcpy
 .text.memset   0x0000000000009ad4       0x10 c:\ncs\toolchains\0b393f9e1b\opt\zephyr-sdk\arm-zephyr-eabi\bin\../lib/gcc/../../picolibc/arm-zephyr-eabi/lib/thumb/v8-m.main/nofp\libc.a(memset.c.o)
                0x0000000000009ad4                memset
 .text.memcmp   0x0000000000009ae4       0x20 c:\ncs\toolchains\0b393f9e1b\opt\zephyr-sdk\arm-zephyr-eabi\bin\../lib/gcc/../../picolibc/arm-zephyr-eabi/lib/thumb/v8-m.main/nofp\libc.a(libc_string_memcmp.c.o)
                0x0000000000009ae4                memcmp
 .text.strnlen  0x0000000000009b04       0x18 c:\ncs\toolchains\0b393f9e1b\opt\zephyr-sdk\arm-zephyr-eabi\bin\../lib/gcc/../../picolibc/arm-zephyr-eabi/lib/thumb/v8-m.main/nofp\libc.a(libc_string_strnlen.c.o)
                0x0000000000009b04                strnlen
 .text.strstr   0x0000000000009b1c       0x2c c:\ncs\toolchains\0b393f9e1b\opt\zephyr-sdk\arm-zephyr-eabi\bin\../lib/gcc/../../picolibc/arm-zephyr-eabi/lib/thumb/v8-m.main/nofp\libc.a(libc_string_strstr.c.o)
                0x0000000000009b1c                strstr
 .text.__ultoa_invert
                0x0000000000009b48       0xac c:\ncs\toolchains\0b393f9e1b\opt\zephyr-sdk\arm-zephyr-eabi\bin\../lib/gcc/../../picolibc/arm-zephyr-eabi/lib/thumb/v8-m.main/nofp\libc.a(libc_tinystdio_vflprintf.c.o)
 .text.__file_str_put
                0x0000000000009bf4       0x10 c:\ncs\toolchains\0b393f9e1b\opt\zephyr-sdk\arm-zephyr-eabi\bin\../lib/gcc/../../picolibc/arm-zephyr-eabi/lib/thumb/v8-m.main/nofp\libc.a(libc_tinystdio_filestrput.c.o)
                0x0000000000009bf4                __file_str_put
 *(SORT_BY_ALIGNMENT(.TEXT.*))
 .TEXT.__aeabi_read_tp
                0x0000000000009c04        0xc zephyr/arch/arch/arm/core/cortex_m/libarch__arm__core__cortex_m.a(__aeabi_read_tp.S.obj)
                0x0000000000009c04                __aeabi_read_tp
 *(SORT_BY_ALIGNMENT(.gnu.linkonce.t.*))
 *(SORT_BY_ALIGNMENT(.glue_7t))
 .glue_7t       0x0000000000009c10        0x0 linker stubs
 *(SORT_BY_ALIGNMENT(.glue_7))
 .glue_7        0x0000000000009c10        0x0 linker stubs
 *(SORT_BY_ALIGNMENT(.vfp11_veneer))
 .vfp11_veneer  0x0000000000009c10        0x0 linker stubs
 *(SORT_BY_ALIGNMENT(.v4_bx))
 .v4_bx         0x0000000000009c10        0x0 linker stubs
                0x0000000000009c10                . = ALIGN (0x4)
                0x0000000000009c10                __text_region_end = .

.ARM.exidx      0x0000000000009c10        0x8
                0x0000000000009c10                __exidx_start = .
 *(SORT_BY_ALIGNMENT(.ARM.exidx*) SORT_BY_ALIGNMENT(gnu.linkonce.armexidx.*))
 .ARM.exidx     0x0000000000009c10        0x8 c:\ncs\toolchains\0b393f9e1b\opt\zephyr-sdk\arm-zephyr-eabi\bin\../lib/gcc/../../picolibc/arm-zephyr-eabi/lib/thumb/v8-m.main/nofp\libc.a(strlen.S.o)
 .ARM.exidx     0x0000000000009c18        0x0 c:/ncs/toolchains/0b393f9e1b/opt/zephyr-sdk/arm-zephyr-eabi/bin/../lib/gcc/arm-zephyr-eabi/12.2.0/thumb/v8-m.main/nofp\libgcc.a(_udivmoddi4.o)
                                          0x8 (size before relaxing)
                0x0000000000009c18                __exidx_end = .
                0x0000000000009c18                __rodata_region_start = .

initlevel       0x0000000000009c18       0x80
                0x0000000000009c18                __init_start = .
                0x0000000000009c18                __init_EARLY_start = .
 *(SORT_BY_NAME(SORT_BY_ALIGNMENT(.z_init_EARLY?_*)))
 *(SORT_BY_NAME(SORT_BY_ALIGNMENT(.z_init_EARLY??_*)))
                0x0000000000009c18                __init_PRE_KERNEL_1_start = .
 *(SORT_BY_NAME(SORT_BY_ALIGNMENT(.z_init_PRE_KERNEL_1?_*)))
 .z_init_PRE_KERNEL_10_0_
                0x0000000000009c18        0x8 zephyr/soc/soc/nrf54l15/libsoc__nordic.a(soc.c.obj)
 *(SORT_BY_NAME(SORT_BY_ALIGNMENT(.z_init_PRE_KERNEL_1??_*)))
 .z_init_PRE_KERNEL_130_00064_
                0x0000000000009c20        0x8 zephyr/drivers/clock_control/libdrivers__clock_control.a(clock_control_nrf.c.obj)
 .z_init_PRE_KERNEL_140_00010_
                0x0000000000009c28        0x8 zephyr/drivers/gpio/libdrivers__gpio.a(gpio_nrfx.c.obj)
 .z_init_PRE_KERNEL_140_00012_
                0x0000000000009c30        0x8 zephyr/drivers/gpio/libdrivers__gpio.a(gpio_nrfx.c.obj)
 .z_init_PRE_KERNEL_140_00023_
                0x0000000000009c38        0x8 zephyr/drivers/gpio/libdrivers__gpio.a(gpio_nrfx.c.obj)
 .z_init_PRE_KERNEL_150_00113_
                0x0000000000009c40        0x8 zephyr/drivers/serial/libdrivers__serial.a(uart_nrfx_uarte.c.obj)
 .z_init_PRE_KERNEL_160_0_
                0x0000000000009c48        0x8 zephyr/drivers/console/libdrivers__console.a(uart_console.c.obj)
                0x0000000000009c50                __init_PRE_KERNEL_2_start = .
 *(SORT_BY_NAME(SORT_BY_ALIGNMENT(.z_init_PRE_KERNEL_2?_*)))
 .z_init_PRE_KERNEL_20_0_
                0x0000000000009c50        0x8 zephyr/drivers/timer/libdrivers__timer.a(nrf_grtc_timer.c.obj)
 *(SORT_BY_NAME(SORT_BY_ALIGNMENT(.z_init_PRE_KERNEL_2??_*)))
                0x0000000000009c58                __init_POST_KERNEL_start = .
 *(SORT_BY_NAME(SORT_BY_ALIGNMENT(.z_init_POST_KERNEL?_*)))
 .z_init_POST_KERNEL0_0_
                0x0000000000009c58        0x8 zephyr/libzephyr.a(log_core.c.obj)
 *(SORT_BY_NAME(SORT_BY_ALIGNMENT(.z_init_POST_KERNEL??_*)))
 .z_init_POST_KERNEL35_0_
                0x0000000000009c60        0x8 zephyr/lib/libc/common/liblib__libc__common.a(malloc.c.obj)
 .z_init_POST_KERNEL40_0_
                0x0000000000009c68        0x8 zephyr/kernel/libkernel.a(system_work_q.c.obj)
 .z_init_POST_KERNEL50_00128_
                0x0000000000009c70        0x8 zephyr/drivers/flash/libdrivers__flash.a(soc_flash_nrf_rram.c.obj)
 .z_init_POST_KERNEL50_0_
                0x0000000000009c78        0x8 modules/nrf/subsys/nrf_security/src/zephyr/libmbedtls_zephyr.a(psa_crypto_init.c.obj)
 .z_init_POST_KERNEL70_00057_
                0x0000000000009c80        0x8 zephyr/drivers/mspi/libdrivers__mspi.a(mspi_sqspi.c.obj)
 .z_init_POST_KERNEL71_00058_
                0x0000000000009c88        0x8 zephyr/drivers/flash/libdrivers__flash.a(flash_mspi_nor.c.obj)
 .z_init_POST_KERNEL90_00100_
                0x0000000000009c90        0x8 zephyr/drivers/sensor/nordic/temp/libdrivers__sensor__nordic__temp.a(temp_nrf5.c.obj)
                0x0000000000009c98                __init_APPLICATION_start = .
 *(SORT_BY_NAME(SORT_BY_ALIGNMENT(.z_init_APPLICATION?_*)))
 *(SORT_BY_NAME(SORT_BY_ALIGNMENT(.z_init_APPLICATION??_*)))
                0x0000000000009c98                __init_SMP_start = .
 *(SORT_BY_NAME(SORT_BY_ALIGNMENT(.z_init_SMP?_*)))
 *(SORT_BY_NAME(SORT_BY_ALIGNMENT(.z_init_SMP??_*)))
                0x0000000000009c98                __init_end = .
                0x0000000000009c98                __deferred_init_list_start = .
 *(SORT_BY_ALIGNMENT(.z_deferred_init*))
                0x0000000000009c98                __deferred_init_list_end = .

device_area     0x0000000000009c98       0xb4
                0x0000000000009c98                _device_list_start = .
 *(SORT_BY_NAME(SORT_BY_ALIGNMENT(._device.static.*_?_*)))
 *(SORT_BY_NAME(SORT_BY_ALIGNMENT(._device.static.*_??_*)))
 ._device.static.1_30_
                0x0000000000009c98       0x14 zephyr/drivers/clock_control/libdrivers__clock_control.a(clock_control_nrf.c.obj)
                0x0000000000009c98                __device_dts_ord_64
 ._device.static.1_40_
                0x0000000000009cac       0x3c zephyr/drivers/gpio/libdrivers__gpio.a(gpio_nrfx.c.obj)
                0x0000000000009cac                __device_dts_ord_12
                0x0000000000009cc0                __device_dts_ord_10
                0x0000000000009cd4                __device_dts_ord_23
 ._device.static.1_50_
                0x0000000000009ce8       0x14 zephyr/drivers/serial/libdrivers__serial.a(uart_nrfx_uarte.c.obj)
                0x0000000000009ce8                __device_dts_ord_113
 ._device.static.3_50_
                0x0000000000009cfc       0x14 zephyr/drivers/flash/libdrivers__flash.a(soc_flash_nrf_rram.c.obj)
                0x0000000000009cfc                __device_dts_ord_128
 ._device.static.3_70_
                0x0000000000009d10       0x14 zephyr/drivers/mspi/libdrivers__mspi.a(mspi_sqspi.c.obj)
                0x0000000000009d10                __device_dts_ord_57
 ._device.static.3_71_
                0x0000000000009d24       0x14 zephyr/drivers/flash/libdrivers__flash.a(flash_mspi_nor.c.obj)
                0x0000000000009d24                __device_dts_ord_58
 ._device.static.3_90_
                0x0000000000009d38       0x14 zephyr/drivers/sensor/nordic/temp/libdrivers__sensor__nordic__temp.a(temp_nrf5.c.obj)
                0x0000000000009d38                __device_dts_ord_100
                0x0000000000009d4c                _device_list_end = .

sw_isr_table    0x0000000000009d4c      0x878
                0x0000000000009d4c                . = ALIGN (0x4)
 *(SORT_BY_ALIGNMENT(.gnu.linkonce.sw_isr_table*))
 .gnu.linkonce.sw_isr_table
                0x0000000000009d4c      0x878 zephyr/arch/common/libisr_tables.a(isr_tables.c.obj)
                0x0000000000009d4c                _sw_isr_table

initlevel_error
                0x0000000000009c18        0x0
 *(SORT_BY_NAME(SORT_BY_ALIGNMENT(.z_init_[_A-Z0-9]*)))
                0x0000000000000001                ASSERT ((SIZEOF (initlevel_error) == 0x0), Undefined initialization levels used.)

app_shmem_regions
                0x000000000000a5c4        0x0
                0x000000000000a5c4                __app_shmem_regions_start = .
 *(SORT_BY_NAME(SORT_BY_ALIGNMENT(.app_regions.*)))
                0x000000000000a5c4                __app_shmem_regions_end = .

k_p4wq_initparam_area
                0x000000000000a5c4        0x0
                0x000000000000a5c4                _k_p4wq_initparam_list_start = .
 *(SORT_BY_NAME(SORT_BY_ALIGNMENT(._k_p4wq_initparam.static.*)))
                0x000000000000a5c4                _k_p4wq_initparam_list_end = .

_static_thread_data_area
                0x000000000000a5c4        0x0
                0x000000000000a5c4                __static_thread_data_list_start = .
 *(SORT_BY_NAME(SORT_BY_ALIGNMENT(.__static_thread_data.static.*)))
                0x000000000000a5c4                __static_thread_data_list_end = .

device_deps     0x000000000000a5c4        0x0
                0x000000000000a5c4                __device_deps_start = .
 *(SORT_BY_NAME(SORT_BY_ALIGNMENT(.__device_deps_pass2*)))
                0x000000000000a5c4                __device_deps_end = .

flash_driver_api_area
                0x000000000000a5c4       0x30
                0x000000000000a5c4                _flash_driver_api_list_start = .
 *(SORT_BY_NAME(SORT_BY_ALIGNMENT(._flash_driver_api.static.*)))
 ._flash_driver_api.static.drv_api_
                0x000000000000a5c4       0x18 zephyr/drivers/flash/libdrivers__flash.a(flash_mspi_nor.c.obj)
 ._flash_driver_api.static.nrf_rram_api_
                0x000000000000a5dc       0x18 zephyr/drivers/flash/libdrivers__flash.a(soc_flash_nrf_rram.c.obj)
                0x000000000000a5f4                _flash_driver_api_list_end = .

gpio_driver_api_area
                0x000000000000a5f4       0x24
                0x000000000000a5f4                _gpio_driver_api_list_start = .
 *(SORT_BY_NAME(SORT_BY_ALIGNMENT(._gpio_driver_api.static.*)))
 ._gpio_driver_api.static.gpio_nrfx_drv_api_funcs_
                0x000000000000a5f4       0x24 zephyr/drivers/gpio/libdrivers__gpio.a(gpio_nrfx.c.obj)
                0x000000000000a618                _gpio_driver_api_list_end = .

mspi_driver_api_area
                0x000000000000a618       0x20
                0x000000000000a618                _mspi_driver_api_list_start = .
 *(SORT_BY_NAME(SORT_BY_ALIGNMENT(._mspi_driver_api.static.*)))
 ._mspi_driver_api.static.drv_api_
                0x000000000000a618       0x20 zephyr/drivers/mspi/libdrivers__mspi.a(mspi_sqspi.c.obj)
                0x000000000000a638                _mspi_driver_api_list_end = .

sensor_driver_api_area
                0x000000000000a638       0x1c
                0x000000000000a638                _sensor_driver_api_list_start = .
 *(SORT_BY_NAME(SORT_BY_ALIGNMENT(._sensor_driver_api.static.*)))
 ._sensor_driver_api.static.temp_nrf5_driver_api_
                0x000000000000a638       0x1c zephyr/drivers/sensor/nordic/temp/libdrivers__sensor__nordic__temp.a(temp_nrf5.c.obj)
                0x000000000000a654                _sensor_driver_api_list_end = .

shared_irq_driver_api_area
                0x000000000000a654        0x0
                0x000000000000a654                _shared_irq_driver_api_list_start = .
 *(SORT_BY_NAME(SORT_BY_ALIGNMENT(._shared_irq_driver_api.static.*)))
                0x000000000000a654                _shared_irq_driver_api_list_end = .

crypto_driver_api_area
                0x000000000000a654        0x0
                0x000000000000a654                _crypto_driver_api_list_start = .
 *(SORT_BY_NAME(SORT_BY_ALIGNMENT(._crypto_driver_api.static.*)))
                0x000000000000a654                _crypto_driver_api_list_end = .

adc_driver_api_area
                0x000000000000a654        0x0
                0x000000000000a654                _adc_driver_api_list_start = .
 *(SORT_BY_NAME(SORT_BY_ALIGNMENT(._adc_driver_api.static.*)))
                0x000000000000a654                _adc_driver_api_list_end = .

auxdisplay_driver_api_area