Archive member included to satisfy reference by file (symbol)

app/libapp.a(main.c.obj)      (--whole-archive)
zephyr/libzephyr.a(heap.c.obj)
                              (--whole-archive)
zephyr/libzephyr.a(cbprintf_packaged.c.obj)
                              (--whole-archive)
zephyr/libzephyr.a(printk.c.obj)
                              (--whole-archive)
zephyr/libzephyr.a(sem.c.obj)
                              (--whole-archive)
zephyr/libzephyr.a(thread_entry.c.obj)
                              (--whole-archive)
zephyr/libzephyr.a(cbprintf_complete.c.obj)
                              (--whole-archive)
zephyr/libzephyr.a(assert.c.obj)
                              (--whole-archive)
zephyr/libzephyr.a(mpsc_pbuf.c.obj)
                              (--whole-archive)
zephyr/libzephyr.a(dec.c.obj)
                              (--whole-archive)
zephyr/libzephyr.a(hex.c.obj)
                              (--whole-archive)
zephyr/libzephyr.a(rb.c.obj)  (--whole-archive)
zephyr/libzephyr.a(timeutil.c.obj)
                              (--whole-archive)
zephyr/libzephyr.a(bitarray.c.obj)
                              (--whole-archive)
zephyr/libzephyr.a(onoff.c.obj)
                              (--whole-archive)
zephyr/libzephyr.a(notify.c.obj)
                              (--whole-archive)
zephyr/libzephyr.a(last_section_id.c.obj)
                              (--whole-archive)
zephyr/libzephyr.a(configs.c.obj)
                              (--whole-archive)
zephyr/libzephyr.a(log_core.c.obj)
                              (--whole-archive)
zephyr/libzephyr.a(log_mgmt.c.obj)
                              (--whole-archive)
zephyr/libzephyr.a(log_cache.c.obj)
                              (--whole-archive)
zephyr/libzephyr.a(log_msg.c.obj)
                              (--whole-archive)
zephyr/libzephyr.a(log_output.c.obj)
                              (--whole-archive)
zephyr/libzephyr.a(log_backend_uart.c.obj)
                              (--whole-archive)
zephyr/libzephyr.a(mem_attr.c.obj)
                              (--whole-archive)
zephyr/libzephyr.a(tracing_none.c.obj)
                              (--whole-archive)
zephyr/libzephyr.a(flash_util.c.obj)
                              (--whole-archive)
zephyr/libzephyr.a(banner.c.obj)
                              (--whole-archive)
zephyr/libzephyr.a(flash_map_partition_manager.c.obj)
                              (--whole-archive)
zephyr/arch/common/libarch__common.a(sw_isr_common.c.obj)
                              (--whole-archive)
zephyr/arch/arch/arm/core/libarch__arm__core.a(fatal.c.obj)
                              (--whole-archive)
zephyr/arch/arch/arm/core/libarch__arm__core.a(nmi.c.obj)
                              (--whole-archive)
zephyr/arch/arch/arm/core/libarch__arm__core.a(nmi_on_reset.S.obj)
                              (--whole-archive)
zephyr/arch/arch/arm/core/libarch__arm__core.a(tls.c.obj)
                              (--whole-archive)
zephyr/arch/arch/arm/core/cortex_m/libarch__arm__core__cortex_m.a(exc_exit.c.obj)
                              (--whole-archive)
zephyr/arch/arch/arm/core/cortex_m/libarch__arm__core__cortex_m.a(fault.c.obj)
                              (--whole-archive)
zephyr/arch/arch/arm/core/cortex_m/libarch__arm__core__cortex_m.a(fault_s.S.obj)
                              (--whole-archive)
zephyr/arch/arch/arm/core/cortex_m/libarch__arm__core__cortex_m.a(fpu.c.obj)
                              (--whole-archive)
zephyr/arch/arch/arm/core/cortex_m/libarch__arm__core__cortex_m.a(reset.S.obj)
                              (--whole-archive)
zephyr/arch/arch/arm/core/cortex_m/libarch__arm__core__cortex_m.a(scb.c.obj)
                              (--whole-archive)
zephyr/arch/arch/arm/core/cortex_m/libarch__arm__core__cortex_m.a(thread_abort.c.obj)
                              (--whole-archive)
zephyr/arch/arch/arm/core/cortex_m/libarch__arm__core__cortex_m.a(vector_table.S.obj)
                              (--whole-archive)
zephyr/arch/arch/arm/core/cortex_m/libarch__arm__core__cortex_m.a(swap_helper.S.obj)
                              (--whole-archive)
zephyr/arch/arch/arm/core/cortex_m/libarch__arm__core__cortex_m.a(irq_manage.c.obj)
                              (--whole-archive)
zephyr/arch/arch/arm/core/cortex_m/libarch__arm__core__cortex_m.a(prep_c.c.obj)
                              (--whole-archive)
zephyr/arch/arch/arm/core/cortex_m/libarch__arm__core__cortex_m.a(thread.c.obj)
                              (--whole-archive)
zephyr/arch/arch/arm/core/cortex_m/libarch__arm__core__cortex_m.a(cpu_idle.c.obj)
                              (--whole-archive)
zephyr/arch/arch/arm/core/cortex_m/libarch__arm__core__cortex_m.a(irq_init.c.obj)
                              (--whole-archive)
zephyr/arch/arch/arm/core/cortex_m/libarch__arm__core__cortex_m.a(isr_wrapper.c.obj)
                              (--whole-archive)
[...]
Memory Configuration

Name             Origin             Length             Attributes
FLASH            0x0000000000000000 0x0000000000165000 xr
RAM              0x0000000020000000 0x000000000002f000 xw
IDT_LIST         0x00000000ffff7fff 0x0000000000008000 xw
*default*        0x0000000000000000 0xffffffffffffffff

Linker script and memory map

                0x0000000000007be4                vfprintf = __l_vfprintf
                0x0000000000000000                vfscanf = __l_vfscanf
LOAD zephyr/CMakeFiles/zephyr_pre0.dir/misc/empty_file.c.obj
LOAD zephyr/CMakeFiles/offsets.dir/./arch/arm/core/offsets/offsets.c.obj
LOAD app/libapp.a
LOAD zephyr/libzephyr.a
LOAD zephyr/arch/common/libarch__common.a
LOAD zephyr/arch/arch/arm/core/libarch__arm__core.a
LOAD zephyr/arch/arch/arm/core/cortex_m/libarch__arm__core__cortex_m.a
LOAD zephyr/arch/arch/arm/core/cortex_m/cmse/libarch__arm__core__cortex_m__cmse.a
LOAD zephyr/arch/arch/arm/core/mpu/libarch__arm__core__mpu.a
LOAD zephyr/lib/libc/picolibc/liblib__libc__picolibc.a
LOAD zephyr/lib/libc/common/liblib__libc__common.a
LOAD zephyr/soc/soc/nrf54l15/libsoc__nordic.a
LOAD zephyr/drivers/cache/libdrivers__cache.a
LOAD zephyr/drivers/clock_control/libdrivers__clock_control.a
LOAD zephyr/drivers/console/libdrivers__console.a
LOAD zephyr/drivers/flash/libdrivers__flash.a
LOAD zephyr/drivers/gpio/libdrivers__gpio.a
LOAD zephyr/drivers/mspi/libdrivers__mspi.a
LOAD zephyr/drivers/pinctrl/libdrivers__pinctrl.a
LOAD zephyr/drivers/sensor/nordic/temp/libdrivers__sensor__nordic__temp.a
LOAD zephyr/drivers/serial/libdrivers__serial.a
LOAD zephyr/drivers/timer/libdrivers__timer.a
LOAD modules/nrf/subsys/nrf_security/src/zephyr/libmbedtls_zephyr.a
LOAD modules/hal_nordic/modules/hal_nordic/nrfx/libmodules__hal_nordic__nrfx.a
LOAD zephyr/kernel/libkernel.a
LOAD zephyr/arch/common/libisr_tables.a
LOAD modules/nrf/subsys/nrf_security/src/libmbedcrypto.a
LOAD modules/nrf/subsys/nrf_security/src/core/nrf_oberon/liboberon_psa_core.a
LOAD modules/nrf/subsys/nrf_security/src/drivers/cracen/libcracen_psa_driver.a
LOAD modules/nrf/subsys/nrf_security/src/libmbedcrypto_base.a
LOAD modules/nrf/subsys/nrf_security/src/libnrf_security_utils.a
LOAD zephyr/kernel/libkernel.a
LOAD c:\ncs\toolchains\0b393f9e1b\opt\zephyr-sdk\arm-zephyr-eabi\bin\../lib/gcc/../../picolibc/arm-zephyr-eabi/lib/thumb/v8-m.main/nofp\libc.a
LOAD c:/ncs/toolchains/0b393f9e1b/opt/zephyr-sdk/arm-zephyr-eabi/bin/../lib/gcc/arm-zephyr-eabi/12.2.0/thumb/v8-m.main/nofp\libgcc.a
                0x0000000000000020                _region_min_align = 0x20

.rel.plt        0x0000000000000000        0x0
 *(SORT_BY_ALIGNMENT(.rel.plt))
                [!provide]                        PROVIDE (__rel_iplt_start = .)
 *(SORT_BY_ALIGNMENT(.rel.iplt))
 .rel.iplt      0x0000000000000000        0x0 app/libapp.a(main.c.obj)
                [!provide]                        PROVIDE (__rel_iplt_end = .)

.rela.plt       0x0000000000000000        0x0
 *(SORT_BY_ALIGNMENT(.rela.plt))
                [!provide]                        PROVIDE (__rela_iplt_start = .)
 *(SORT_BY_ALIGNMENT(.rela.iplt))
                [!provide]                        PROVIDE (__rela_iplt_end = .)

.rel.dyn
 *(SORT_BY_ALIGNMENT(.rel.*))

.rela.dyn
 *(SORT_BY_ALIGNMENT(.rela.*))

/DISCARD/
 *(SORT_BY_ALIGNMENT(.plt))

/DISCARD/
 *(SORT_BY_ALIGNMENT(.iplt))
                0x0000000000000000                __rom_region_start = 0x0

rom_start       0x0000000000000000      0x47c
                0x0000000000000000                __rom_start_address = .
 FILL mask 0x00
                0x0000000000000000                . = (. + (0x0 - (. - __rom_start_address)))
                0x0000000000000000                . = ALIGN (0x4)
                0x0000000000000000                . = ALIGN (0x80)
                0x0000000000000000                . = ALIGN (0x800)
                0x0000000000000000                _vector_start = .
 *(SORT_BY_ALIGNMENT(.exc_vector_table))
 *(SORT_BY_ALIGNMENT(.exc_vector_table.*))
 .exc_vector_table._vector_table_section
                0x0000000000000000       0x40 zephyr/arch/arch/arm/core/cortex_m/libarch__arm__core__cortex_m.a(vector_table.S.obj)
                0x0000000000000000                _vector_table
 *(SORT_BY_ALIGNMENT(.vectors))
                0x000000000000047c                _vector_end = .
                0x0000000000000040                . = ALIGN (0x4)
 *(SORT_BY_ALIGNMENT(.gnu.linkonce.irq_vector_table*))
 .gnu.linkonce.irq_vector_table
                0x0000000000000040      0x43c zephyr/arch/common/libisr_tables.a(isr_tables.c.obj)
                0x0000000000000040                _irq_vector_table
                0x000000000000047c                _vector_end = .

text            0x000000000000047c     0x969c
                0x000000000000047c                __text_region_start = .
 *(SORT_BY_ALIGNMENT(.text))
 .text          0x000000000000047c       0x30 c:/ncs/toolchains/0b393f9e1b/opt/zephyr-sdk/arm-zephyr-eabi/bin/../lib/gcc/arm-zephyr-eabi/12.2.0/thumb/v8-m.main/nofp\libgcc.a(_aeabi_uldivmod.o)
                0x000000000000047c                __aeabi_uldivmod
 .text          0x00000000000004ac        0x4 c:/ncs/toolchains/0b393f9e1b/opt/zephyr-sdk/arm-zephyr-eabi/bin/../lib/gcc/arm-zephyr-eabi/12.2.0/thumb/v8-m.main/nofp\libgcc.a(_dvmd_tls.o)
                0x00000000000004ac                __aeabi_idiv0
                0x00000000000004ac                __aeabi_ldiv0
 .text          0x00000000000004b0       0x10 c:\ncs\toolchains\0b393f9e1b\opt\zephyr-sdk\arm-zephyr-eabi\bin\../lib/gcc/../../picolibc/arm-zephyr-eabi/lib/thumb/v8-m.main/nofp\libc.a(strlen.S.o)
                0x00000000000004b0                strlen
 .text          0x00000000000004c0      0x29c c:/ncs/toolchains/0b393f9e1b/opt/zephyr-sdk/arm-zephyr-eabi/bin/../lib/gcc/arm-zephyr-eabi/12.2.0/thumb/v8-m.main/nofp\libgcc.a(_udivmoddi4.o)
                0x00000000000004c0                __udivmoddi4
 *(SORT_BY_ALIGNMENT(.text.*))
 .text.test_erase_at_offset.constprop.0.isra.0
                0x000000000000075c       0xfc app/libapp.a(main.c.obj)
 .text.single_sector_test
                0x0000000000000858      0x2dc app/libapp.a(main.c.obj)
                0x0000000000000858                single_sector_test
 .text.main     0x0000000000000b34       0xfc app/libapp.a(main.c.obj)
                0x0000000000000b34                main
 .text.cbvprintf_package
                0x0000000000000c30      0x3a4 zephyr/libzephyr.a(cbprintf_packaged.c.obj)
                0x0000000000000c30                cbvprintf_package
 .text.cbprintf_package_convert
                0x0000000000000fd4      0x3cc zephyr/libzephyr.a(cbprintf_packaged.c.obj)
                0x0000000000000fd4                cbprintf_package_convert
 .text.__printk_hook_install
                0x00000000000013a0        0xc zephyr/libzephyr.a(printk.c.obj)
                0x00000000000013a0                __printk_hook_install
 .text.z_thread_entry
                0x00000000000013ac       0x34 zephyr/libzephyr.a(thread_entry.c.obj)
                0x00000000000013ac                z_thread_entry
 .text.process_event
                0x00000000000013e0      0x21c zephyr/libzephyr.a(onoff.c.obj)
 .text.activate_foreach_backend
                0x00000000000015fc       0x64 zephyr/libzephyr.a(log_core.c.obj)
 .text.enable_logger
                0x0000000000001660       0x5c zephyr/libzephyr.a(log_core.c.obj)
 .text.log_process_thread_timer_expiry_fn
                0x00000000000016bc        0xc zephyr/libzephyr.a(log_core.c.obj)
 .text.z_log_init
                0x00000000000016c8       0x90 zephyr/libzephyr.a(log_core.c.obj)
 .text.log_format_func_t_get
                0x0000000000001758        0xc zephyr/libzephyr.a(log_core.c.obj)
                0x0000000000001758                log_format_func_t_get
 .text.log_set_timestamp_func
                0x0000000000001764       0x20 zephyr/libzephyr.a(log_core.c.obj)
                0x0000000000001764                log_set_timestamp_func
 .text.z_log_notify_backend_enabled
                0x0000000000001784       0x1c zephyr/libzephyr.a(log_core.c.obj)
                0x0000000000001784                z_log_notify_backend_enabled
 .text.z_log_dropped
                0x00000000000017a0       0x3c zephyr/libzephyr.a(log_core.c.obj)
                0x00000000000017a0                z_log_dropped
 .text.z_log_dropped_read_and_clear
                0x00000000000017dc       0x18 zephyr/libzephyr.a(log_core.c.obj)
                0x00000000000017dc                z_log_dropped_read_and_clear
 .text.dropped_notify
                0x00000000000017f4       0x30 zephyr/libzephyr.a(log_core.c.obj)
                0x00000000000017f4                dropped_notify
 .text.z_log_msg_init
                0x0000000000001824       0x20 zephyr/libzephyr.a(log_core.c.obj)
                0x0000000000001824                z_log_msg_init
 .text.log_core_init
                0x0000000000001844       0x34 zephyr/libzephyr.a(log_core.c.obj)
                0x0000000000001844                log_core_init
 .text.z_log_msg_alloc
                0x0000000000001878       0x10 zephyr/libzephyr.a(log_core.c.obj)
                0x0000000000001878                z_log_msg_alloc
 .text.z_log_msg_local_claim
                0x0000000000001888        0xc zephyr/libzephyr.a(log_core.c.obj)
                0x0000000000001888                z_log_msg_local_claim
 .text.z_log_msg_free
                0x0000000000001894       0x10 zephyr/libzephyr.a(log_core.c.obj)
                0x0000000000001894                z_log_msg_free
 .text.z_log_msg_pending
                0x00000000000018a4        0xc zephyr/libzephyr.a(log_core.c.obj)
                0x00000000000018a4                z_log_msg_pending
 .text.z_impl_log_process
                0x00000000000018b0       0xb4 zephyr/libzephyr.a(log_core.c.obj)
                0x00000000000018b0                z_impl_log_process
 .text.z_impl_log_panic
                0x0000000000001964       0x44 zephyr/libzephyr.a(log_core.c.obj)
                0x0000000000001964                z_impl_log_panic
 .text.log_process_thread_func
                0x00000000000019a8       0xa4 zephyr/libzephyr.a(log_core.c.obj)
 .text.z_log_msg_post_finalize
                0x0000000000001a4c       0x78 zephyr/libzephyr.a(log_core.c.obj)
 .text.z_log_msg_commit
                0x0000000000001ac4       0x24 zephyr/libzephyr.a(log_core.c.obj)
                0x0000000000001ac4                z_log_msg_commit
 .text.log_source_name_get
                0x0000000000001ae8       0x1c zephyr/libzephyr.a(log_mgmt.c.obj)
                0x0000000000001ae8                log_source_name_get
 .text.log_backend_enable
                0x0000000000001b04       0x28 zephyr/libzephyr.a(log_mgmt.c.obj)
                0x0000000000001b04                log_backend_enable
 .text.z_impl_z_log_msg_static_create
                0x0000000000001b2c      0x108 zephyr/libzephyr.a(log_msg.c.obj)
                0x0000000000001b2c                z_impl_z_log_msg_static_create
 .text.z_log_msg_runtime_vcreate
                0x0000000000001c34       0xa0 zephyr/libzephyr.a(log_msg.c.obj)
                0x0000000000001c34                z_log_msg_runtime_vcreate
 .text.log_msg_get_source_id
                0x0000000000001cd4       0x18 zephyr/libzephyr.a(log_msg.c.obj)
                0x0000000000001cd4                log_msg_get_source_id
 .text.print_formatted
                0x0000000000001cec       0x24 zephyr/libzephyr.a(log_output.c.obj)
 .text.newline_print
                0x0000000000001d10       0x1c zephyr/libzephyr.a(log_output.c.obj)
 .text.log_output_process
                0x0000000000001d2c      0x2d4 zephyr/libzephyr.a(log_output.c.obj)
                0x0000000000001d2c                log_output_process
 .text.log_output_dropped_process
                0x0000000000002000       0x58 zephyr/libzephyr.a(log_output.c.obj)
                0x0000000000002000                log_output_dropped_process
 .text.log_output_timestamp_freq_set
                0x0000000000002058       0x2c zephyr/libzephyr.a(log_output.c.obj)
                0x0000000000002058                log_output_timestamp_freq_set
 .text.char_out
                0x0000000000002084       0x24 zephyr/libzephyr.a(log_backend_uart.c.obj)
 .text.mem_attr_get_regions
                0x00000000000020a8        0xc zephyr/libzephyr.a(mem_attr.c.obj)
                0x00000000000020a8                mem_attr_get_regions
 .text.boot_banner
                0x00000000000020b4       0x1c zephyr/libzephyr.a(banner.c.obj)
                0x00000000000020b4                boot_banner
 .text.z_arm_fatal_error
                0x00000000000020d0       0xb8 zephyr/arch/arch/arm/core/libarch__arm__core.a(fatal.c.obj)
                0x00000000000020d0                z_arm_fatal_error
 .text.z_SysNmiOnReset
                0x0000000000002188        0x8 zephyr/arch/arch/arm/core/libarch__arm__core.a(nmi_on_reset.S.obj)
                0x0000000000002188                z_SysNmiOnReset
 .text.arch_tls_stack_setup
                0x0000000000002190       0x40 zephyr/arch/arch/arm/core/libarch__arm__core.a(tls.c.obj)
                0x0000000000002190                arch_tls_stack_setup
 .text._HandlerModeExit
                0x00000000000021d0       0x28 zephyr/arch/arch/arm/core/cortex_m/libarch__arm__core__cortex_m.a(exc_exit.c.obj)
                0x00000000000021d0                z_arm_int_exit
                0x00000000000021d0                z_arm_exc_exit
 .text.mem_manage_fault.constprop.0
                0x00000000000021f8       0xd0 zephyr/arch/arch/arm/core/cortex_m/libarch__arm__core__cortex_m.a(fault.c.obj)
 .text.usage_fault.constprop.0
                0x00000000000022c8       0xbc zephyr/arch/arch/arm/core/cortex_m/libarch__arm__core__cortex_m.a(fault.c.obj)
 .text.bus_fault.constprop.0
                0x0000000000002384       0xd0 zephyr/arch/arch/arm/core/cortex_m/libarch__arm__core__cortex_m.a(fault.c.obj)
 .text.z_arm_fault
                0x0000000000002454      0x1d0 zephyr/arch/arch/arm/core/cortex_m/libarch__arm__core__cortex_m.a(fault.c.obj)
                0x0000000000002454                z_arm_fault
 .text.z_arm_fault_init
                0x0000000000002624       0x20 zephyr/arch/arch/arm/core/cortex_m/libarch__arm__core__cortex_m.a(fault.c.obj)
                0x0000000000002624                z_arm_fault_init
 .text.__fault  0x0000000000002644       0x14 zephyr/arch/arch/arm/core/cortex_m/libarch__arm__core__cortex_m.a(fault_s.S.obj)
                0x0000000000002644                z_arm_usage_fault
                0x0000000000002644                z_arm_mpu_fault
                0x0000000000002644                z_arm_exc_spurious
                0x0000000000002644                z_arm_debug_monitor
                0x0000000000002644                z_arm_hard_fault
                0x0000000000002644                z_arm_bus_fault
 .text._reset_section
                0x0000000000002658       0x60 zephyr/arch/arch/arm/core/cortex_m/libarch__arm__core__cortex_m.a(reset.S.obj)
                0x0000000000002658                __start
                0x0000000000002658                z_arm_reset
 .text.z_arm_clear_arm_mpu_config
                0x00000000000026b8       0x24 zephyr/arch/arch/arm/core/cortex_m/libarch__arm__core__cortex_m.a(scb.c.obj)
                0x00000000000026b8                z_arm_clear_arm_mpu_config
 .text.z_arm_init_arch_hw_at_boot
                0x00000000000026dc       0x4c zephyr/arch/arch/arm/core/cortex_m/libarch__arm__core__cortex_m.a(scb.c.obj)
                0x00000000000026dc                z_arm_init_arch_hw_at_boot
 .text.z_impl_k_thread_abort
                0x0000000000002728       0x2c zephyr/arch/arch/arm/core/cortex_m/libarch__arm__core__cortex_m.a(thread_abort.c.obj)
                0x0000000000002728                z_impl_k_thread_abort
 .text.z_arm_pendsv
                0x0000000000002754       0x6c zephyr/arch/arch/arm/core/cortex_m/libarch__arm__core__cortex_m.a(swap_helper.S.obj)
                0x0000000000002754                z_arm_pendsv
 .text.z_arm_svc
                0x00000000000027c0       0x24 zephyr/arch/arch/arm/core/cortex_m/libarch__arm__core__cortex_m.a(swap_helper.S.obj)
                0x00000000000027c0                z_arm_svc
 .text.arch_irq_enable
                0x00000000000027e4       0x1c zephyr/arch/arch/arm/core/cortex_m/libarch__arm__core__cortex_m.a(irq_manage.c.obj)
                0x00000000000027e4                arch_irq_enable
 .text.arch_irq_disable
                0x0000000000002800       0x28 zephyr/arch/arch/arm/core/cortex_m/libarch__arm__core__cortex_m.a(irq_manage.c.obj)
                0x0000000000002800                arch_irq_disable
 .text.arch_irq_is_enabled
                0x0000000000002828       0x1c zephyr/arch/arch/arm/core/cortex_m/libarch__arm__core__cortex_m.a(irq_manage.c.obj)
                0x0000000000002828                arch_irq_is_enabled
 .text.z_arm_irq_priority_set
                0x0000000000002844       0x2c zephyr/arch/arch/arm/core/cortex_m/libarch__arm__core__cortex_m.a(irq_manage.c.obj)
                0x0000000000002844                z_arm_irq_priority_set
 .text.z_prep_c
                0x0000000000002870       0x38 zephyr/arch/arch/arm/core/cortex_m/libarch__arm__core__cortex_m.a(prep_c.c.obj)
                0x0000000000002870                z_prep_c
 .text.arch_new_thread
                0x00000000000028a8       0x38 zephyr/arch/arch/arm/core/cortex_m/libarch__arm__core__cortex_m.a(thread.c.obj)
                0x00000000000028a8                arch_new_thread
 .text.arch_switch_to_main_thread
                0x00000000000028e0       0x40 zephyr/arch/arch/arm/core/cortex_m/libarch__arm__core__cortex_m.a(thread.c.obj)
                0x00000000000028e0                arch_switch_to_main_thread
 .text.z_arm_cpu_idle_init
                0x0000000000002920        0xc zephyr/arch/arch/arm/core/cortex_m/libarch__arm__core__cortex_m.a(cpu_idle.c.obj)
                0x0000000000002920                z_arm_cpu_idle_init
 .text.z_arm_interrupt_init
                0x000000000000292c       0x20 zephyr/arch/arch/arm/core/cortex_m/libarch__arm__core__cortex_m.a(irq_init.c.obj)
                0x000000000000292c                z_arm_interrupt_init
 .text._isr_wrapper
                0x000000000000294c       0x24 zephyr/arch/arch/arm/core/cortex_m/libarch__arm__core__cortex_m.a(isr_wrapper.c.obj)
                0x000000000000294c                _isr_wrapper
 .text.z_arm_configure_static_mpu_regions
                0x0000000000002970       0x38 zephyr/arch/arch/arm/core/mpu/libarch__arm__core__mpu.a(arm_core_mpu.c.obj)
                0x0000000000002970                z_arm_configure_static_mpu_regions
 .text.region_init
                0x00000000000029a8       0x34 zephyr/arch/arch/arm/core/mpu/libarch__arm__core__mpu.a(arm_mpu.c.obj)
 .text.region_allocate_and_init
                0x00000000000029dc       0x38 zephyr/arch/arch/arm/core/mpu/libarch__arm__core__mpu.a(arm_mpu.c.obj)
 .text.mpu_configure_regions_and_partition.constprop.0
                0x0000000000002a14      0x164 zephyr/arch/arch/arm/core/mpu/libarch__arm__core__mpu.a(arm_mpu.c.obj)
 .text.arm_core_mpu_enable
                0x0000000000002b78       0x18 zephyr/arch/arch/arm/core/mpu/libarch__arm__core__mpu.a(arm_mpu.c.obj)
                0x0000000000002b78                arm_core_mpu_enable
 .text.arm_core_mpu_disable
                0x0000000000002b90       0x14 zephyr/arch/arch/arm/core/mpu/libarch__arm__core__mpu.a(arm_mpu.c.obj)
                0x0000000000002b90                arm_core_mpu_disable
 .text.arm_core_mpu_configure_static_mpu_regions
                0x0000000000002ba4       0x14 zephyr/arch/arch/arm/core/mpu/libarch__arm__core__mpu.a(arm_mpu.c.obj)
                0x0000000000002ba4                arm_core_mpu_configure_static_mpu_regions
 .text.arm_core_mpu_mark_areas_for_dynamic_regions
                0x0000000000002bb8       0xb8 zephyr/arch/arch/arm/core/mpu/libarch__arm__core__mpu.a(arm_mpu.c.obj)
                0x0000000000002bb8                arm_core_mpu_mark_areas_for_dynamic_regions
 .text.z_arm_mpu_init
                0x0000000000002c70      0x11c zephyr/arch/arch/arm/core/mpu/libarch__arm__core__mpu.a(arm_mpu.c.obj)
                0x0000000000002c70                z_arm_mpu_init
 .text.cbvprintf
                0x0000000000002d8c       0x38 zephyr/lib/libc/picolibc/liblib__libc__picolibc.a(cbprintf.c.obj)
                0x0000000000002d8c                cbvprintf
 .text.z_impl_zephyr_fputc
                0x0000000000002dc4       0x10 zephyr/lib/libc/picolibc/liblib__libc__picolibc.a(stdio.c.obj)
                0x0000000000002dc4                z_impl_zephyr_fputc
 .text.__stdout_hook_install
                0x0000000000002dd4       0x18 zephyr/lib/libc/picolibc/liblib__libc__picolibc.a(stdio.c.obj)
                0x0000000000002dd4                __stdout_hook_install
 .text.malloc_prepare
                0x0000000000002dec       0x24 zephyr/lib/libc/common/liblib__libc__common.a(malloc.c.obj)
 .text.nordicsemi_nrf54l_init
                0x0000000000002e10       0xb4 zephyr/soc/soc/nrf54l15/libsoc__nordic.a(soc.c.obj)
                0x0000000000002e10                nordicsemi_nrf54l_init
 .text.arch_busy_wait
                0x0000000000002ec4       0x24 zephyr/soc/soc/nrf54l15/libsoc__nordic.a(soc.c.obj)
                0x0000000000002ec4                arch_busy_wait
 .text.cache_instr_enable
                0x0000000000002ee8       0x10 zephyr/drivers/cache/libdrivers__cache.a(cache_nrf.c.obj)
                0x0000000000002ee8                cache_instr_enable
 .text.onoff_stop
                0x0000000000002ef8       0x30 zephyr/drivers/clock_control/libdrivers__clock_control.a(clock_control_nrf.c.obj)
 .text.onoff_start
                0x0000000000002f28       0x44 zephyr/drivers/clock_control/libdrivers__clock_control.a(clock_control_nrf.c.obj)
 .text.clk_init
                0x0000000000002f6c       0x60 zephyr/drivers/clock_control/libdrivers__clock_control.a(clock_control_nrf.c.obj)
 .text.api_blocking_start
                0x0000000000002fcc       0x34 zephyr/drivers/clock_control/libdrivers__clock_control.a(clock_control_nrf.c.obj)
 .text.generic_hfclk_stop
                0x0000000000003000       0x34 zephyr/drivers/clock_control/libdrivers__clock_control.a(clock_control_nrf.c.obj)
 .text.clkstarted_handle.constprop.0
                0x0000000000003034       0x4c zephyr/drivers/clock_control/libdrivers__clock_control.a(clock_control_nrf.c.obj)
 .text.generic_hfclk_start
                0x0000000000003080       0x78 zephyr/drivers/clock_control/libdrivers__clock_control.a(clock_control_nrf.c.obj)
 .text.z_nrf_clock_control_get_onoff
                0x00000000000030f8       0x10 zephyr/drivers/clock_control/libdrivers__clock_control.a(clock_control_nrf.c.obj)
                0x00000000000030f8                z_nrf_clock_control_get_onoff
 .text.z_nrf_clock_control_lf_on
                0x0000000000003108       0xa8 zephyr/drivers/clock_control/libdrivers__clock_control.a(clock_control_nrf.c.obj)
                0x0000000000003108                z_nrf_clock_control_lf_on
 .text.start_cal_process
                0x00000000000031b0       0x40 zephyr/drivers/clock_control/libdrivers__clock_control.a(nrf_clock_calibration.c.obj)
 .text.start_cycle
                0x00000000000031f0       0x38 zephyr/drivers/clock_control/libdrivers__clock_control.a(nrf_clock_calibration.c.obj)
 .text.measure_temperature
                0x0000000000003228       0x88 zephyr/drivers/clock_control/libdrivers__clock_control.a(nrf_clock_calibration.c.obj)
 .text.cal_hf_callback
                0x00000000000032b0       0x2c zephyr/drivers/clock_control/libdrivers__clock_control.a(nrf_clock_calibration.c.obj)
 .text.z_nrf_clock_calibration_init
                0x00000000000032dc       0x1c zephyr/drivers/clock_control/libdrivers__clock_control.a(nrf_clock_calibration.c.obj)
                0x00000000000032dc                z_nrf_clock_calibration_init
 .text.z_nrf_clock_calibration_lfclk_started
                0x00000000000032f8       0x10 zephyr/drivers/clock_control/libdrivers__clock_control.a(nrf_clock_calibration.c.obj)
                0x00000000000032f8                z_nrf_clock_calibration_lfclk_started
 .text.z_nrf_clock_calibration_lfclk_stopped
                0x0000000000003308        0xc zephyr/drivers/clock_control/libdrivers__clock_control.a(nrf_clock_calibration.c.obj)
                0x0000000000003308                z_nrf_clock_calibration_lfclk_stopped
 .text.z_nrf_clock_calibration_done_handler
                0x0000000000003314       0x10 zephyr/drivers/clock_control/libdrivers__clock_control.a(nrf_clock_calibration.c.obj)
                0x0000000000003314                z_nrf_clock_calibration_done_handler
 .text.uart_console_init
                0x0000000000003324       0x28 zephyr/drivers/console/libdrivers__console.a(uart_console.c.obj)
 .text.console_out
                0x000000000000334c       0x28 zephyr/drivers/console/libdrivers__console.a(uart_console.c.obj)
 .text.api_get_parameters
                0x0000000000003374        0x8 zephyr/drivers/flash/libdrivers__flash.a(flash_mspi_nor.c.obj)
 .text.dev_cfg_apply
                0x000000000000337c       0x58 zephyr/drivers/flash/libdrivers__flash.a(flash_mspi_nor.c.obj)
 .text.acquire  0x00000000000033d4       0x4c zephyr/drivers/flash/libdrivers__flash.a(flash_mspi_nor.c.obj)
 .text.wait_until_ready
                0x0000000000003420       0xa8 zephyr/drivers/flash/libdrivers__flash.a(flash_mspi_nor.c.obj)
 .text.api_erase
                0x00000000000034c8      0x108 zephyr/drivers/flash/libdrivers__flash.a(flash_mspi_nor.c.obj)
 .text.api_write
                0x00000000000035d0       0xf4 zephyr/drivers/flash/libdrivers__flash.a(flash_mspi_nor.c.obj)
 .text.api_read
                0x00000000000036c4       0xa0 zephyr/drivers/flash/libdrivers__flash.a(flash_mspi_nor.c.obj)
 .text.quad_enable_set
                0x0000000000003764       0xb8 zephyr/drivers/flash/libdrivers__flash.a(flash_mspi_nor.c.obj)
 .text.drv_init
                0x000000000000381c      0x258 zephyr/drivers/flash/libdrivers__flash.a(flash_mspi_nor.c.obj)
 .text.nrf_rram_get_size
                0x0000000000003a74       0x10 zephyr/drivers/flash/libdrivers__flash.a(soc_flash_nrf_rram.c.obj)
                0x0000000000003a74                nrf_rram_get_size
 .text.nrf_rram_get_parameters
                0x0000000000003a84        0x8 zephyr/drivers/flash/libdrivers__flash.a(soc_flash_nrf_rram.c.obj)
 .text.nrf_rram_page_layout
                0x0000000000003a8c       0x10 zephyr/drivers/flash/libdrivers__flash.a(soc_flash_nrf_rram.c.obj)
 .text.nrf_rram_init
                0x0000000000003a9c       0x24 zephyr/drivers/flash/libdrivers__flash.a(soc_flash_nrf_rram.c.obj)
 .text.nrf_write
                0x0000000000003ac0       0xc8 zephyr/drivers/flash/libdrivers__flash.a(soc_flash_nrf_rram.c.obj)
 .text.nrf_rram_read
                0x0000000000003b88       0x2c zephyr/drivers/flash/libdrivers__flash.a(soc_flash_nrf_rram.c.obj)
 .text.gpio_nrfx_init
                0x0000000000003bb4       0x54 zephyr/drivers/gpio/libdrivers__gpio.a(gpio_nrfx.c.obj)
 .text.gpio_nrfx_pin_configure
                0x0000000000003c08      0x184 zephyr/drivers/gpio/libdrivers__gpio.a(gpio_nrfx.c.obj)
 .text.nrfx_gpio_handler
                0x0000000000003d8c       0x58 zephyr/drivers/gpio/libdrivers__gpio.a(gpio_nrfx.c.obj)
 .text.gpio_nrfx_pin_interrupt_configure
                0x0000000000003de4       0xfc zephyr/drivers/gpio/libdrivers__gpio.a(gpio_nrfx.c.obj)
 .text.xfer_common
                0x0000000000003ee0      0x200 zephyr/drivers/mspi/libdrivers__mspi.a(nrfx_qspi2.c.obj)
 .text.nrf_gpio_cfg.constprop.0
                0x00000000000040e0       0x44 zephyr/drivers/mspi/libdrivers__mspi.a(nrfx_qspi2.c.obj)
 .text.nrf_gpio_pin_control_select
                0x0000000000004124       0x38 zephyr/drivers/mspi/libdrivers__mspi.a(nrfx_qspi2.c.obj)
 .text.nrfx_qspi2_init
                0x000000000000415c      0x19c zephyr/drivers/mspi/libdrivers__mspi.a(nrfx_qspi2.c.obj)
                0x000000000000415c                nrfx_qspi2_init
 .text.nrfx_qspi2_dev_cfg
                0x00000000000042f8      0x148 zephyr/drivers/mspi/libdrivers__mspi.a(nrfx_qspi2.c.obj)
                0x00000000000042f8                nrfx_qspi2_dev_cfg
 .text.nrfx_qspi2_dev_data_fmt_set
                0x0000000000004440       0x98 zephyr/drivers/mspi/libdrivers__mspi.a(nrfx_qspi2.c.obj)
                0x0000000000004440                nrfx_qspi2_dev_data_fmt_set
 .text.nrfx_qspi2_activate
                0x00000000000044d8       0x64 zephyr/drivers/mspi/libdrivers__mspi.a(nrfx_qspi2.c.obj)
                0x00000000000044d8                nrfx_qspi2_activate
 .text.nrfx_qspi2_xfer
                0x000000000000453c       0x8c zephyr/drivers/mspi/libdrivers__mspi.a(nrfx_qspi2.c.obj)
                0x000000000000453c                nrfx_qspi2_xfer
 .text.nrfx_qspi2_irq_handler
                0x00000000000045c8      0x184 zephyr/drivers/mspi/libdrivers__mspi.a(nrfx_qspi2.c.obj)
                0x00000000000045c8                nrfx_qspi2_irq_handler
 .text.dev_init
                0x000000000000474c      0x1a8 zephyr/drivers/mspi/libdrivers__mspi.a(mspi_sqspi.c.obj)
 .text.api_dev_config
                0x00000000000048f4      0x194 zephyr/drivers/mspi/libdrivers__mspi.a(mspi_sqspi.c.obj)
 .text.api_transceive
                0x0000000000004a88      0x1cc zephyr/drivers/mspi/libdrivers__mspi.a(mspi_sqspi.c.obj)
 .text.nrf_gpio_pin_port_decode
                0x0000000000004c54       0x20 zephyr/drivers/pinctrl/libdrivers__pinctrl.a(pinctrl_nrf.c.obj)
 .text.pinctrl_configure_pins
                0x0000000000004c74      0x180 zephyr/drivers/pinctrl/libdrivers__pinctrl.a(pinctrl_nrf.c.obj)
                0x0000000000004c74                pinctrl_configure_pins
 .text.hfclk_on_callback
                0x0000000000004df4        0xc zephyr/drivers/sensor/nordic/temp/libdrivers__sensor__nordic__temp.a(temp_nrf5.c.obj)
 .text.temp_nrf5_channel_get
                0x0000000000004e00       0x2c zephyr/drivers/sensor/nordic/temp/libdrivers__sensor__nordic__temp.a(temp_nrf5.c.obj)
 .text.temp_nrf5_isr
                0x0000000000004e2c       0x18 zephyr/drivers/sensor/nordic/temp/libdrivers__sensor__nordic__temp.a(temp_nrf5.c.obj)
 .text.temp_nrf5_sample_fetch
                0x0000000000004e44       0x78 zephyr/drivers/sensor/nordic/temp/libdrivers__sensor__nordic__temp.a(temp_nrf5.c.obj)
 .text.temp_nrf5_init
                0x0000000000004ebc       0x40 zephyr/drivers/sensor/nordic/temp/libdrivers__sensor__nordic__temp.a(temp_nrf5.c.obj)
 .text.uarte_nrfx_poll_out
                0x0000000000004efc       0xb4 zephyr/drivers/serial/libdrivers__serial.a(uart_nrfx_uarte.c.obj)
 .text.sys_clock_timeout_handler
                0x0000000000004fb0       0x48 zephyr/drivers/timer/libdrivers__timer.a(nrf_grtc_timer.c.obj)
 .text.sys_clock_driver_init
                0x0000000000004ff8       0x70 zephyr/drivers/timer/libdrivers__timer.a(nrf_grtc_timer.c.obj)
 .text.sys_clock_elapsed
                0x0000000000005068       0x2c zephyr/drivers/timer/libdrivers__timer.a(nrf_grtc_timer.c.obj)
                0x0000000000005068                sys_clock_elapsed
 .text.sys_clock_set_timeout
                0x0000000000005094       0x5c zephyr/drivers/timer/libdrivers__timer.a(nrf_grtc_timer.c.obj)
                0x0000000000005094                sys_clock_set_timeout
 .text.nrf54l_errata_31
                0x00000000000050f0       0x20 modules/hal_nordic/modules/hal_nordic/nrfx/libmodules__hal_nordic__nrfx.a(system_nrf54l.c.obj)
 .text.nrf54l_handle_approtect_signal
                0x0000000000005110       0x34 modules/hal_nordic/modules/hal_nordic/nrfx/libmodules__hal_nordic__nrfx.a(system_nrf54l.c.obj)
 .text.SystemInit
                0x0000000000005144       0xf8 modules/hal_nordic/modules/hal_nordic/nrfx/libmodules__hal_nordic__nrfx.a(system_nrf54l.c.obj)
                0x0000000000005144                SystemInit
 .text.nrfx_flag32_alloc
                0x000000000000523c       0x40 modules/hal_nordic/modules/hal_nordic/nrfx/libmodules__hal_nordic__nrfx.a(nrfx_flag32_allocator.c.obj)
                0x000000000000523c                nrfx_flag32_alloc
 .text.nrfx_flag32_free
                0x000000000000527c       0x38 modules/hal_nordic/modules/hal_nordic/nrfx/libmodules__hal_nordic__nrfx.a(nrfx_flag32_allocator.c.obj)
                0x000000000000527c                nrfx_flag32_free
 .text.clock_stop
                0x00000000000052b4       0xd8 modules/hal_nordic/modules/hal_nordic/nrfx/libmodules__hal_nordic__nrfx.a(nrfx_clock.c.obj)
 .text.nrfx_clock_init
                0x000000000000538c       0x24 modules/hal_nordic/modules/hal_nordic/nrfx/libmodules__hal_nordic__nrfx.a(nrfx_clock.c.obj)
                0x000000000000538c                nrfx_clock_init
 .text.nrfx_clock_enable
                0x00000000000053b0       0x2c modules/hal_nordic/modules/hal_nordic/nrfx/libmodules__hal_nordic__nrfx.a(nrfx_clock.c.obj)
                0x00000000000053b0                nrfx_clock_enable
 .text.nrfx_clock_start
                0x00000000000053dc       0xdc modules/hal_nordic/modules/hal_nordic/nrfx/libmodules__hal_nordic__nrfx.a(nrfx_clock.c.obj)
                0x00000000000053dc                nrfx_clock_start
 .text.nrfx_clock_calibration_start
                0x00000000000054b8       0x68 modules/hal_nordic/modules/hal_nordic/nrfx/libmodules__hal_nordic__nrfx.a(nrfx_clock.c.obj)
                0x00000000000054b8                nrfx_clock_calibration_start
 .text.nrfx_power_clock_irq_handler
                0x0000000000005520       0x70 modules/hal_nordic/modules/hal_nordic/nrfx/libmodules__hal_nordic__nrfx.a(nrfx_clock.c.obj)
                0x0000000000005520                nrfx_power_clock_irq_handler
 .text.nrf_gpio_pin_port_decode
                0x0000000000005590       0x20 modules/hal_nordic/modules/hal_nordic/nrfx/libmodules__hal_nordic__nrfx.a(nrfx_gpiote.c.obj)
 .text.get_pin_idx
                0x00000000000055b0       0x14 modules/hal_nordic/modules/hal_nordic/nrfx/libmodules__hal_nordic__nrfx.a(nrfx_gpiote.c.obj)
 .text.release_handler
                0x00000000000055c4       0x70 modules/hal_nordic/modules/hal_nordic/nrfx/libmodules__hal_nordic__nrfx.a(nrfx_gpiote.c.obj)
 .text.latch_pending_read_and_check
                0x0000000000005634       0x58 modules/hal_nordic/modules/hal_nordic/nrfx/libmodules__hal_nordic__nrfx.a(nrfx_gpiote.c.obj)
 .text.pin_te_get.isra.0
                0x000000000000568c       0x20 modules/hal_nordic/modules/hal_nordic/nrfx/libmodules__hal_nordic__nrfx.a(nrfx_gpiote.c.obj)
 .text.pin_is_output.isra.0
                0x00000000000056ac       0x24 modules/hal_nordic/modules/hal_nordic/nrfx/libmodules__hal_nordic__nrfx.a(nrfx_gpiote.c.obj)
 .text.pin_in_use_by_te.isra.0
                0x00000000000056d0       0x24 modules/hal_nordic/modules/hal_nordic/nrfx/libmodules__hal_nordic__nrfx.a(nrfx_gpiote.c.obj)
 .text.irq_handler
                0x00000000000056f4      0x1a8 modules/hal_nordic/modules/hal_nordic/nrfx/libmodules__hal_nordic__nrfx.a(nrfx_gpiote.c.obj)
 .text.pin_uninit
                0x000000000000589c       0xa4 modules/hal_nordic/modules/hal_nordic/nrfx/libmodules__hal_nordic__nrfx.a(nrfx_gpiote.c.obj)
 .text.nrfx_gpiote_input_configure
                0x0000000000005940      0x1ec modules/hal_nordic/modules/hal_nordic/nrfx/libmodules__hal_nordic__nrfx.a(nrfx_gpiote.c.obj)
                0x0000000000005940                nrfx_gpiote_input_configure
 .text.nrfx_gpiote_output_configure
                0x0000000000005b2c      0x128 modules/hal_nordic/modules/hal_nordic/nrfx/libmodules__hal_nordic__nrfx.a(nrfx_gpiote.c.obj)
                0x0000000000005b2c                nrfx_gpiote_output_configure
 .text.nrfx_gpiote_global_callback_set
                0x0000000000005c54       0x1c modules/hal_nordic/modules/hal_nordic/nrfx/libmodules__hal_nordic__nrfx.a(nrfx_gpiote.c.obj)
                0x0000000000005c54                nrfx_gpiote_global_callback_set
 .text.nrfx_gpiote_channel_get
                0x0000000000005c70       0x3c modules/hal_nordic/modules/hal_nordic/nrfx/libmodules__hal_nordic__nrfx.a(nrfx_gpiote.c.obj)
                0x0000000000005c70                nrfx_gpiote_channel_get
 .text.nrfx_gpiote_init
                0x0000000000005cac       0x7c modules/hal_nordic/modules/hal_nordic/nrfx/libmodules__hal_nordic__nrfx.a(nrfx_gpiote.c.obj)
                0x0000000000005cac                nrfx_gpiote_init
 .text.nrfx_gpiote_init_check
                0x0000000000005d28       0x1c modules/hal_nordic/modules/hal_nordic/nrfx/libmodules__hal_nordic__nrfx.a(nrfx_gpiote.c.obj)
                0x0000000000005d28                nrfx_gpiote_init_check
 .text.nrfx_gpiote_channel_free
                0x0000000000005d44       0x18 modules/hal_nordic/modules/hal_nordic/nrfx/libmodules__hal_nordic__nrfx.a(nrfx_gpiote.c.obj)
                0x0000000000005d44                nrfx_gpiote_channel_free
 .text.nrfx_gpiote_channel_alloc
                0x0000000000005d5c       0x18 modules/hal_nordic/modules/hal_nordic/nrfx/libmodules__hal_nordic__nrfx.a(nrfx_gpiote.c.obj)
                0x0000000000005d5c                nrfx_gpiote_channel_alloc
 .text.nrfx_gpiote_trigger_enable
                0x0000000000005d74       0xb8 modules/hal_nordic/modules/hal_nordic/nrfx/libmodules__hal_nordic__nrfx.a(nrfx_gpiote.c.obj)
                0x0000000000005d74                nrfx_gpiote_trigger_enable
 .text.nrfx_gpiote_20_irq_handler
                0x0000000000005e2c       0x10 modules/hal_nordic/modules/hal_nordic/nrfx/libmodules__hal_nordic__nrfx.a(nrfx_gpiote.c.obj)
                0x0000000000005e2c                nrfx_gpiote_20_irq_handler
 .text.nrfx_gpiote_30_irq_handler
                0x0000000000005e3c       0x10 modules/hal_nordic/modules/hal_nordic/nrfx/libmodules__hal_nordic__nrfx.a(nrfx_gpiote.c.obj)
                0x0000000000005e3c                nrfx_gpiote_30_irq_handler
 .text.cc_channel_prepare
                0x0000000000005e4c       0x5c modules/hal_nordic/modules/hal_nordic/nrfx/libmodules__hal_nordic__nrfx.a(nrfx_grtc.c.obj)
 .text.sleep_configure
                0x0000000000005ea8       0x24 modules/hal_nordic/modules/hal_nordic/nrfx/libmodules__hal_nordic__nrfx.a(nrfx_grtc.c.obj)
 .text.syscounter_check
                0x0000000000005ecc       0x38 modules/hal_nordic/modules/hal_nordic/nrfx/libmodules__hal_nordic__nrfx.a(nrfx_grtc.c.obj)
 .text.nrfx_grtc_syscounter_get
                0x0000000000005f04       0x64 modules/hal_nordic/modules/hal_nordic/nrfx/libmodules__hal_nordic__nrfx.a(nrfx_grtc.c.obj)
                0x0000000000005f04                nrfx_grtc_syscounter_get
 .text.nrfx_grtc_init
                0x0000000000005f68      0x11c modules/hal_nordic/modules/hal_nordic/nrfx/libmodules__hal_nordic__nrfx.a(nrfx_grtc.c.obj)
                0x0000000000005f68                nrfx_grtc_init
 .text.nrfx_grtc_syscounter_start
                0x0000000000006084       0xc8 modules/hal_nordic/modules/hal_nordic/nrfx/libmodules__hal_nordic__nrfx.a(nrfx_grtc.c.obj)
                0x0000000000006084                nrfx_grtc_syscounter_start
 .text.nrfx_grtc_syscounter_cc_absolute_set
                0x000000000000614c       0x84 modules/hal_nordic/modules/hal_nordic/nrfx/libmodules__hal_nordic__nrfx.a(nrfx_grtc.c.obj)
                0x000000000000614c                nrfx_grtc_syscounter_cc_absolute_set
 .text.nrfx_grtc_irq_handler
                0x00000000000061d0       0xa0 modules/hal_nordic/modules/hal_nordic/nrfx/libmodules__hal_nordic__nrfx.a(nrfx_grtc.c.obj)
                0x00000000000061d0                nrfx_grtc_irq_handler
 .text.k_sys_fatal_error_handler
                0x0000000000006270       0x20 zephyr/kernel/libkernel.a(fatal.c.obj)
                0x0000000000006270                k_sys_fatal_error_handler
 .text.z_fatal_error
                0x0000000000006290       0xe8 zephyr/kernel/libkernel.a(fatal.c.obj)
                0x0000000000006290                z_fatal_error
 .text.z_sys_init_run_level
                0x0000000000006378       0x2c zephyr/kernel/libkernel.a(init.c.obj)
 .text.bg_thread_main
                0x00000000000063a4       0xc4 zephyr/kernel/libkernel.a(init.c.obj)
 .text.z_bss_zero
                0x0000000000006468       0x18 zephyr/kernel/libkernel.a(init.c.obj)
                0x0000000000006468                z_bss_zero
 .text.z_init_cpu
                0x0000000000006480       0x68 zephyr/kernel/libkernel.a(init.c.obj)
                0x0000000000006480                z_init_cpu
 .text.z_cstart
                0x00000000000064e8       0xdc zephyr/kernel/libkernel.a(init.c.obj)
                0x00000000000064e8                z_cstart
 .text.z_impl_k_mutex_lock
                0x00000000000065c4       0xf0 zephyr/kernel/libkernel.a(mutex.c.obj)
                0x00000000000065c4                z_impl_k_mutex_lock
 .text.z_impl_k_mutex_unlock
                0x00000000000066b4       0xa0 zephyr/kernel/libkernel.a(mutex.c.obj)
                0x00000000000066b4                z_impl_k_mutex_unlock
 .text.z_impl_k_sem_give
                0x0000000000006754       0x68 zephyr/kernel/libkernel.a(sem.c.obj)
                0x0000000000006754                z_impl_k_sem_give
 .text.z_impl_k_sem_take
                0x00000000000067bc       0x4c zephyr/kernel/libkernel.a(sem.c.obj)
                0x00000000000067bc                z_impl_k_sem_take
 .text.work_queue_main
                0x0000000000006808      0x14c zephyr/kernel/libkernel.a(work.c.obj)
 .text.submit_to_queue_locked
                0x0000000000006954       0xb4 zephyr/kernel/libkernel.a(work.c.obj)
 .text.k_work_submit
                0x0000000000006a08        0xc zephyr/kernel/libkernel.a(work.c.obj)
                0x0000000000006a08                k_work_submit
 .text.k_work_queue_start
                0x0000000000006a14       0x7c zephyr/kernel/libkernel.a(work.c.obj)
                0x0000000000006a14                k_work_queue_start
 .text.z_setup_new_thread
                0x0000000000006a90       0x80 zephyr/kernel/libkernel.a(thread.c.obj)
                0x0000000000006a90                z_setup_new_thread
 .text.z_impl_k_thread_create
                0x0000000000006b10       0x58 zephyr/kernel/libkernel.a(thread.c.obj)
                0x0000000000006b10                z_impl_k_thread_create
 .text.z_swap_irqlock
                0x0000000000006b68       0x34 zephyr/kernel/libkernel.a(sched.c.obj)
 .text.ready_thread
                0x0000000000006b9c       0x90 zephyr/kernel/libkernel.a(sched.c.obj)
 .text.unready_thread
                0x0000000000006c2c       0x54 zephyr/kernel/libkernel.a(sched.c.obj)
 .text.move_thread_to_end_of_prio_q
                0x0000000000006c80       0x90 zephyr/kernel/libkernel.a(sched.c.obj)
                0x0000000000006c80                move_thread_to_end_of_prio_q
 .text.z_pend_curr
                0x0000000000006d10       0x58 zephyr/kernel/libkernel.a(sched.c.obj)
                0x0000000000006d10                z_pend_curr
 .text.z_thread_prio_set
                0x0000000000006d68       0x9c zephyr/kernel/libkernel.a(sched.c.obj)
                0x0000000000006d68                z_thread_prio_set
 .text.z_reschedule
                0x0000000000006e04       0x24 zephyr/kernel/libkernel.a(sched.c.obj)
                0x0000000000006e04                z_reschedule
 .text.z_reschedule_irqlock
                0x0000000000006e28       0x28 zephyr/kernel/libkernel.a(sched.c.obj)
                0x0000000000006e28                z_reschedule_irqlock
 .text.k_sched_lock
                0x0000000000006e50       0x28 zephyr/kernel/libkernel.a(sched.c.obj)
                0x0000000000006e50                k_sched_lock
 .text.k_sched_unlock
                0x0000000000006e78       0x68 zephyr/kernel/libkernel.a(sched.c.obj)
                0x0000000000006e78                k_sched_unlock
 .text.z_sched_init
                0x0000000000006ee0       0x10 zephyr/kernel/libkernel.a(sched.c.obj)
                0x0000000000006ee0                z_sched_init
 .text.z_impl_k_yield
                0x0000000000006ef0       0x88 zephyr/kernel/libkernel.a(sched.c.obj)
                0x0000000000006ef0                z_impl_k_yield
 .text.z_tick_sleep
                0x0000000000006f78       0x80 zephyr/kernel/libkernel.a(sched.c.obj)
 .text.z_impl_k_wakeup
                0x0000000000006ff8       0x4c zephyr/kernel/libkernel.a(sched.c.obj)
                0x0000000000006ff8                z_impl_k_wakeup
 .text.z_impl_k_sched_current_thread_query
                0x0000000000007044        0xc zephyr/kernel/libkernel.a(sched.c.obj)
                0x0000000000007044                z_impl_k_sched_current_thread_query
 .text.z_thread_abort
                0x0000000000007050      0x110 zephyr/kernel/libkernel.a(sched.c.obj)
                0x0000000000007050                z_thread_abort
 .text.z_sched_wait
                0x0000000000007160       0x24 zephyr/kernel/libkernel.a(sched.c.obj)
                0x0000000000007160                z_sched_wait
 .text.slice_timeout
                0x0000000000007184       0x20 zephyr/kernel/libkernel.a(timeslicing.c.obj)
 .text.thread_is_sliceable
                0x00000000000071a4       0x3c zephyr/kernel/libkernel.a(timeslicing.c.obj)
                0x00000000000071a4                thread_is_sliceable
 .text.z_reset_time_slice
                0x00000000000071e0       0x50 zephyr/kernel/libkernel.a(timeslicing.c.obj)
                0x00000000000071e0                z_reset_time_slice
 .text.z_time_slice
                0x0000000000007230       0x60 zephyr/kernel/libkernel.a(timeslicing.c.obj)
                0x0000000000007230                z_time_slice
 .text.z_data_copy
                0x0000000000007290       0x38 zephyr/kernel/libkernel.a(xip.c.obj)
                0x0000000000007290                z_data_copy
 .text.first    0x00000000000072c8       0x10 zephyr/kernel/libkernel.a(timeout.c.obj)
 .text.elapsed  0x00000000000072d8       0x14 zephyr/kernel/libkernel.a(timeout.c.obj)
 .text.remove_timeout
                0x00000000000072ec       0x38 zephyr/kernel/libkernel.a(timeout.c.obj)
 .text.z_add_timeout
                0x0000000000007324       0xec zephyr/kernel/libkernel.a(timeout.c.obj)
                0x0000000000007324                z_add_timeout
 .text.sys_clock_announce
                0x0000000000007410       0xbc zephyr/kernel/libkernel.a(timeout.c.obj)
                0x0000000000007410                sys_clock_announce
 .text.sys_clock_tick_get
                0x00000000000074cc       0x30 zephyr/kernel/libkernel.a(timeout.c.obj)
                0x00000000000074cc                sys_clock_tick_get
 .text.z_timer_expiration_handler
                0x00000000000074fc       0xe0 zephyr/kernel/libkernel.a(timer.c.obj)
                0x00000000000074fc                z_timer_expiration_handler
 .text.z_impl_k_timer_start
                0x00000000000075dc       0x74 zephyr/kernel/libkernel.a(timer.c.obj)
                0x00000000000075dc                z_impl_k_timer_start
 .text.k_sys_work_q_init
                0x0000000000007650       0x34 zephyr/kernel/libkernel.a(system_work_q.c.obj)
 .text.psa_get_initialized
                0x0000000000007684       0x4c modules/nrf/subsys/nrf_security/src/core/nrf_oberon/liboberon_psa_core.a(psa_crypto.c.obj)
 .text.mbedtls_psa_crypto_free
                0x00000000000076d0       0x90 modules/nrf/subsys/nrf_security/src/core/nrf_oberon/liboberon_psa_core.a(psa_crypto.c.obj)
                0x00000000000076d0                mbedtls_psa_crypto_free
 .text.psa_crypto_init
                0x0000000000007760      0x104 modules/nrf/subsys/nrf_security/src/core/nrf_oberon/liboberon_psa_core.a(psa_crypto.c.obj)
                0x0000000000007760                psa_crypto_init
 .text.psa_initialize_key_slots
                0x0000000000007864       0x10 modules/nrf/subsys/nrf_security/src/core/nrf_oberon/liboberon_psa_core.a(psa_crypto_slot_management.c.obj)
                0x0000000000007864                psa_initialize_key_slots
 .text.psa_wipe_all_key_slots
                0x0000000000007874       0x34 modules/nrf/subsys/nrf_security/src/core/nrf_oberon/liboberon_psa_core.a(psa_crypto_slot_management.c.obj)
                0x0000000000007874                psa_wipe_all_key_slots
 .text.mbedtls_free
                0x00000000000078a8        0xc modules/nrf/subsys/nrf_security/src/core/nrf_oberon/liboberon_psa_core.a(platform.c.obj)
                0x00000000000078a8                mbedtls_free
 .text.mbedtls_platform_zeroize
                0x00000000000078b4       0x18 modules/nrf/subsys/nrf_security/src/core/nrf_oberon/liboberon_psa_core.a(platform_util.c.obj)
                0x00000000000078b4                mbedtls_platform_zeroize
 .text.cracen_acquire
                0x00000000000078cc       0x40 modules/nrf/subsys/nrf_security/src/drivers/cracen/libcracen_psa_driver.a(cracen.c.obj)
                0x00000000000078cc                cracen_acquire
 .text.cracen_release
                0x000000000000790c       0x6c modules/nrf/subsys/nrf_security/src/drivers/cracen/libcracen_psa_driver.a(cracen.c.obj)
                0x000000000000790c                cracen_release
 .text.cracen_init
                0x0000000000007978       0x5c modules/nrf/subsys/nrf_security/src/drivers/cracen/libcracen_psa_driver.a(cracen.c.obj)
                0x0000000000007978                cracen_init
 .text.cracen_isr_handler
                0x00000000000079d4       0x68 modules/nrf/subsys/nrf_security/src/drivers/cracen/libcracen_psa_driver.a(interrupts.c.obj)
                0x00000000000079d4                cracen_isr_handler
 .text.cracen_interrupts_init
                0x0000000000007a3c       0x28 modules/nrf/subsys/nrf_security/src/drivers/cracen/libcracen_psa_driver.a(interrupts.c.obj)
                0x0000000000007a3c                cracen_interrupts_init
 .text.sx_pk_fetch_capabilities
                0x0000000000007a64       0x24 modules/nrf/subsys/nrf_security/src/drivers/cracen/libcracen_psa_driver.a(pk_baremetal.c.obj)
                0x0000000000007a64                sx_pk_fetch_capabilities
 .text.sx_pk_init
                0x0000000000007a88       0x3c modules/nrf/subsys/nrf_security/src/drivers/cracen/libcracen_psa_driver.a(pk_baremetal.c.obj)
                0x0000000000007a88                sx_pk_init
 .text.sx_get_current_req
                0x0000000000007ac4        0x8 modules/nrf/subsys/nrf_security/src/drivers/cracen/libcracen_psa_driver.a(pk_baremetal.c.obj)
                0x0000000000007ac4                sx_get_current_req
 .text.k_event_post_internal
                0x0000000000007acc       0x5c zephyr/kernel/libkernel.a(events.c.obj)
 .text.printf   0x0000000000007b28       0x24 c:\ncs\toolchains\0b393f9e1b\opt\zephyr-sdk\arm-zephyr-eabi\bin\../lib/gcc/../../picolibc/arm-zephyr-eabi/lib/thumb/v8-m.main/nofp\libc.a(libc_tinystdio_printf.c.o)
                0x0000000000007b28                printf
 .text.puts     0x0000000000007b4c       0x40 c:\ncs\toolchains\0b393f9e1b\opt\zephyr-sdk\arm-zephyr-eabi\bin\../lib/gcc/../../picolibc/arm-zephyr-eabi/lib/thumb/v8-m.main/nofp\libc.a(libc_tinystdio_puts.c.o)
                0x0000000000007b4c                puts
 .text.snprintf
                0x0000000000007b8c       0x58 c:\ncs\toolchains\0b393f9e1b\opt\zephyr-sdk\arm-zephyr-eabi\bin\../lib/gcc/../../picolibc/arm-zephyr-eabi/lib/thumb/v8-m.main/nofp\libc.a(libc_tinystdio_snprintf.c.o)
                0x0000000000007b8c                snprintf
 .text.__l_vfprintf
                0x0000000000007be4      0x4b4 c:\ncs\toolchains\0b393f9e1b\opt\zephyr-sdk\arm-zephyr-eabi\bin\../lib/gcc/../../picolibc/arm-zephyr-eabi/lib/thumb/v8-m.main/nofp\libc.a(libc_tinystdio_vflprintf.c.o)
                0x0000000000007be4                __l_vfprintf
 .text._OffsetAbsSyms
                0x0000000000008098        0x2 zephyr/CMakeFiles/offsets.dir/./arch/arm/core/offsets/offsets.c.obj
                0x0000000000008098                _OffsetAbsSyms
 .text.flash_read
                0x000000000000809a        0xc app/libapp.a(main.c.obj)
 .text.flash_erase.constprop.0
                0x00000000000080a6       0x12 app/libapp.a(main.c.obj)
 .text.k_msleep.constprop.0.isra.0
                0x00000000000080b8        0xa app/libapp.a(main.c.obj)
 .text.chunk_field
                0x00000000000080c2       0x16 zephyr/libzephyr.a(heap.c.obj)
 .text.chunk_set
                0x00000000000080d8       0x16 zephyr/libzephyr.a(heap.c.obj)
 .text.chunk_size
                0x00000000000080ee        0xc zephyr/libzephyr.a(heap.c.obj)
 .text.set_chunk_used
                0x00000000000080fa       0x30 zephyr/libzephyr.a(heap.c.obj)
 .text.set_chunk_size
                0x000000000000812a        0x8 zephyr/libzephyr.a(heap.c.obj)
 .text.bucket_idx.isra.0
                0x0000000000008132       0x1c zephyr/libzephyr.a(heap.c.obj)
 .text.free_list_add
                0x000000000000814e       0x84 zephyr/libzephyr.a(heap.c.obj)
 .text.sys_heap_init
                0x00000000000081d2       0xb0 zephyr/libzephyr.a(heap.c.obj)
                0x00000000000081d2                sys_heap_init
 .text.cbpprintf_external
                0x0000000000008282       0x62 zephyr/libzephyr.a(cbprintf_packaged.c.obj)
                0x0000000000008282                cbpprintf_external
 .text.is_ptr   0x00000000000082e4       0x4a zephyr/libzephyr.a(cbprintf_packaged.c.obj)
                0x00000000000082e4                is_ptr
 .text.arch_printk_char_out
                0x000000000000832e        0x4 zephyr/libzephyr.a(printk.c.obj)
                0x000000000000832e                arch_printk_char_out
 .text.printk   0x0000000000008332       0x1a zephyr/libzephyr.a(printk.c.obj)
                0x0000000000008332                printk
 .text.free_space
                0x000000000000834c       0x26 zephyr/libzephyr.a(mpsc_pbuf.c.obj)
 .text.get_usage
                0x0000000000008372       0x22 zephyr/libzephyr.a(mpsc_pbuf.c.obj)
 .text.idx_inc  0x0000000000008394       0x1c zephyr/libzephyr.a(mpsc_pbuf.c.obj)
 .text.rd_idx_inc
                0x00000000000083b0       0x18 zephyr/libzephyr.a(mpsc_pbuf.c.obj)
 .text.add_skip_item
                0x00000000000083c8       0x3e zephyr/libzephyr.a(mpsc_pbuf.c.obj)
 .text.drop_item_locked
                0x0000000000008406       0xee zephyr/libzephyr.a(mpsc_pbuf.c.obj)
 .text.post_drop_action
                0x00000000000084f4       0x36 zephyr/libzephyr.a(mpsc_pbuf.c.obj)
 .text.max_utilization_update
                0x000000000000852a       0x1a zephyr/libzephyr.a(mpsc_pbuf.c.obj)
 .text.mpsc_pbuf_init
                0x0000000000008544       0x42 zephyr/libzephyr.a(mpsc_pbuf.c.obj)
                0x0000000000008544                mpsc_pbuf_init
 .text.mpsc_pbuf_alloc
                0x0000000000008586       0xfe zephyr/libzephyr.a(mpsc_pbuf.c.obj)
                0x0000000000008586                mpsc_pbuf_alloc
 .text.mpsc_pbuf_commit
                0x0000000000008684       0x3e zephyr/libzephyr.a(mpsc_pbuf.c.obj)
                0x0000000000008684                mpsc_pbuf_commit
 .text.mpsc_pbuf_claim
                0x00000000000086c2       0xa8 zephyr/libzephyr.a(mpsc_pbuf.c.obj)
                0x00000000000086c2                mpsc_pbuf_claim
 .text.mpsc_pbuf_free
                0x000000000000876a       0x76 zephyr/libzephyr.a(mpsc_pbuf.c.obj)
                0x000000000000876a                mpsc_pbuf_free
 .text.mpsc_pbuf_is_pending
                0x00000000000087e0       0x32 zephyr/libzephyr.a(mpsc_pbuf.c.obj)
                0x00000000000087e0                mpsc_pbuf_is_pending
 .text.process_recheck
                0x0000000000008812       0x38 zephyr/libzephyr.a(onoff.c.obj)
 .text.validate_args
                0x000000000000884a       0x20 zephyr/libzephyr.a(onoff.c.obj)
 .text.notify_one
                0x000000000000886a       0x2c zephyr/libzephyr.a(onoff.c.obj)
 .text.transition_complete
                0x0000000000008896       0x1a zephyr/libzephyr.a(onoff.c.obj)
 .text.onoff_manager_init
                0x00000000000088b0       0x26 zephyr/libzephyr.a(onoff.c.obj)
                0x00000000000088b0                onoff_manager_init
 .text.onoff_request
                0x00000000000088d6       0xae zephyr/libzephyr.a(onoff.c.obj)
                0x00000000000088d6                onoff_request
 .text.onoff_release
                0x0000000000008984       0x48 zephyr/libzephyr.a(onoff.c.obj)
                0x0000000000008984                onoff_release
 .text.sys_notify_validate
                0x00000000000089cc       0x22 zephyr/libzephyr.a(notify.c.obj)
                0x00000000000089cc                sys_notify_validate
 .text.sys_notify_finalize
                0x00000000000089ee       0x1a zephyr/libzephyr.a(notify.c.obj)
                0x00000000000089ee                sys_notify_finalize
 .text._ConfigAbsSyms
                0x0000000000008a08        0x2 zephyr/libzephyr.a(configs.c.obj)
                0x0000000000008a08                _ConfigAbsSyms
 .text.log_msg_generic_get_wlen
                0x0000000000008a0a       0x20 zephyr/libzephyr.a(log_core.c.obj)
 .text.dummy_timestamp
                0x0000000000008a2a        0x4 zephyr/libzephyr.a(log_core.c.obj)
 .text.default_get_timestamp
                0x0000000000008a2e        0x4 zephyr/libzephyr.a(log_core.c.obj)
 .text.atomic_inc
                0x0000000000008a32       0x12 zephyr/libzephyr.a(log_core.c.obj)
 .text.z_log_vprintk
                0x0000000000008a44       0x1c zephyr/libzephyr.a(log_core.c.obj)
                0x0000000000008a44                z_log_vprintk
 .text.z_log_notify_drop
                0x0000000000008a60        0x6 zephyr/libzephyr.a(log_core.c.obj)
 .text.z_log_get_tag
                0x0000000000008a66        0x4 zephyr/libzephyr.a(log_core.c.obj)
                0x0000000000008a66                z_log_get_tag
 .text.z_cbprintf_cpy
                0x0000000000008a6a       0x2c zephyr/libzephyr.a(log_msg.c.obj)
 .text.z_log_msg_finalize
                0x0000000000008a96       0x32 zephyr/libzephyr.a(log_msg.c.obj)
                0x0000000000008a96                z_log_msg_finalize
 .text.z_log_msg_simple_create
                0x0000000000008ac8       0x6e zephyr/libzephyr.a(log_msg.c.obj)
 .text.z_impl_z_log_msg_simple_create_0
                0x0000000000008b36       0x12 zephyr/libzephyr.a(log_msg.c.obj)
                0x0000000000008b36                z_impl_z_log_msg_simple_create_0
 .text.z_impl_z_log_msg_simple_create_1
                0x0000000000008b48       0x14 zephyr/libzephyr.a(log_msg.c.obj)
                0x0000000000008b48                z_impl_z_log_msg_simple_create_1
 .text.z_impl_z_log_msg_simple_create_2
                0x0000000000008b5c       0x18 zephyr/libzephyr.a(log_msg.c.obj)
                0x0000000000008b5c                z_impl_z_log_msg_simple_create_2
 .text.log_output_write
                0x0000000000008b74       0x1c zephyr/libzephyr.a(log_output.c.obj)
 .text.log_output_flush
                0x0000000000008b90       0x1a zephyr/libzephyr.a(log_output.c.obj)
 .text.out_func
                0x0000000000008baa       0x2e zephyr/libzephyr.a(log_output.c.obj)
 .text.cr_out_func
                0x0000000000008bd8       0x1c zephyr/libzephyr.a(log_output.c.obj)
 .text.log_output_msg_process
                0x0000000000008bf4       0x6a zephyr/libzephyr.a(log_output.c.obj)
                0x0000000000008bf4                log_output_msg_process
 .text.format_set
                0x0000000000008c5e        0xc zephyr/libzephyr.a(log_backend_uart.c.obj)
 .text.log_backend_uart_init
                0x0000000000008c6a        0xc zephyr/libzephyr.a(log_backend_uart.c.obj)
 .text.panic    0x0000000000008c76       0x32 zephyr/libzephyr.a(log_backend_uart.c.obj)
 .text.dropped  0x0000000000008ca8        0xa zephyr/libzephyr.a(log_backend_uart.c.obj)
 .text.process  0x0000000000008cb2       0x1e zephyr/libzephyr.a(log_backend_uart.c.obj)
 .text.z_do_kernel_oops
                0x0000000000008cd0        0x8 zephyr/arch/arch/arm/core/libarch__arm__core.a(fatal.c.obj)
                0x0000000000008cd0                z_do_kernel_oops
 .text.z_arm_nmi
                0x0000000000008cd8        0xe zephyr/arch/arch/arm/core/libarch__arm__core.a(nmi.c.obj)
                0x0000000000008cd8                z_arm_nmi
 .text.z_log_msg_simple_create_0.constprop.0
                0x0000000000008ce6        0x8 zephyr/arch/arch/arm/core/cortex_m/libarch__arm__core__cortex_m.a(fault.c.obj)
 .text.z_irq_spurious
                0x0000000000008cee        0x8 zephyr/arch/arch/arm/core/cortex_m/libarch__arm__core__cortex_m.a(irq_manage.c.obj)
                0x0000000000008cee                z_irq_spurious
 .text.configure_builtin_stack_guard
                0x0000000000008cf6        0x8 zephyr/arch/arch/arm/core/cortex_m/libarch__arm__core__cortex_m.a(thread.c.obj)
                0x0000000000008cf6                configure_builtin_stack_guard
 .text.arch_irq_unlock_outlined
                0x0000000000008cfe        0xe zephyr/arch/arch/arm/core/cortex_m/libarch__arm__core__cortex_m.a(thread.c.obj)
                0x0000000000008cfe                arch_irq_unlock_outlined
 .text.arch_cpu_idle
                0x0000000000008d0c       0x1a zephyr/arch/arch/arm/core/cortex_m/libarch__arm__core__cortex_m.a(cpu_idle.c.obj)
                0x0000000000008d0c                arch_cpu_idle
 .text.arch_cpu_atomic_idle
                0x0000000000008d26       0x1e zephyr/arch/arch/arm/core/cortex_m/libarch__arm__core__cortex_m.a(cpu_idle.c.obj)
                0x0000000000008d26                arch_cpu_atomic_idle
 .text.arm_cmse_mpu_region_get
                0x0000000000008d44       0x12 zephyr/arch/arch/arm/core/cortex_m/cmse/libarch__arm__core__cortex_m__cmse.a(arm_core_cmse.c.obj)
                0x0000000000008d44                arm_cmse_mpu_region_get
 .text.mpu_configure_region
                0x0000000000008d56       0x32 zephyr/arch/arch/arm/core/mpu/libarch__arm__core__mpu.a(arm_mpu.c.obj)
 .text.cbputc   0x0000000000008d88        0xc zephyr/lib/libc/picolibc/liblib__libc__picolibc.a(cbprintf.c.obj)
 .text.picolibc_put
                0x0000000000008d94        0xa zephyr/lib/libc/picolibc/liblib__libc__picolibc.a(stdio.c.obj)
 .text.get_status
                0x0000000000008d9e       0x12 zephyr/drivers/clock_control/libdrivers__clock_control.a(clock_control_nrf.c.obj)
 .text.stop     0x0000000000008db0       0x50 zephyr/drivers/clock_control/libdrivers__clock_control.a(clock_control_nrf.c.obj)
 .text.api_stop
                0x0000000000008e00        0x6 zephyr/drivers/clock_control/libdrivers__clock_control.a(clock_control_nrf.c.obj)
 .text.async_start
                0x0000000000008e06       0x5a zephyr/drivers/clock_control/libdrivers__clock_control.a(clock_control_nrf.c.obj)
 .text.api_start
                0x0000000000008e60        0xe zephyr/drivers/clock_control/libdrivers__clock_control.a(clock_control_nrf.c.obj)
 .text.onoff_started_callback
                0x0000000000008e6e       0x12 zephyr/drivers/clock_control/libdrivers__clock_control.a(clock_control_nrf.c.obj)
 .text.lfclk_start
                0x0000000000008e80        0x6 zephyr/drivers/clock_control/libdrivers__clock_control.a(clock_control_nrf.c.obj)
 .text.blocking_start_callback
                0x0000000000008e86        0x6 zephyr/drivers/clock_control/libdrivers__clock_control.a(clock_control_nrf.c.obj)
 .text.lfclk_stop
                0x0000000000008e8c       0x10 zephyr/drivers/clock_control/libdrivers__clock_control.a(clock_control_nrf.c.obj)
 .text.clock_event_handler
                0x0000000000008e9c       0x2a zephyr/drivers/clock_control/libdrivers__clock_control.a(clock_control_nrf.c.obj)
 .text.timeout_handler
                0x0000000000008ec6        0x4 zephyr/drivers/clock_control/libdrivers__clock_control.a(nrf_clock_calibration.c.obj)
 .text.mspi_transceive
                0x0000000000008eca        0xe zephyr/drivers/flash/libdrivers__flash.a(flash_mspi_nor.c.obj)
 .text.api_page_layout
                0x0000000000008ed8        0xc zephyr/drivers/flash/libdrivers__flash.a(flash_mspi_nor.c.obj)
 .text.z_log_msg_simple_create_1.constprop.0
                0x0000000000008ee4        0xa zephyr/drivers/flash/libdrivers__flash.a(flash_mspi_nor.c.obj)
 .text.release  0x0000000000008eee       0x1a zephyr/drivers/flash/libdrivers__flash.a(flash_mspi_nor.c.obj)
 .text.flash_mspi_command_set
                0x0000000000008f08       0x5a zephyr/drivers/flash/libdrivers__flash.a(flash_mspi_nor.c.obj)
                0x0000000000008f08                flash_mspi_command_set
 .text.write_enable
                0x0000000000008f62       0x3e zephyr/drivers/flash/libdrivers__flash.a(flash_mspi_nor.c.obj)
 .text.nrf_rram_erase
                0x0000000000008fa0        0x8 zephyr/drivers/flash/libdrivers__flash.a(soc_flash_nrf_rram.c.obj)
 .text.nrf_rram_write
                0x0000000000008fa8       0x12 zephyr/drivers/flash/libdrivers__flash.a(soc_flash_nrf_rram.c.obj)
 .text.gpio_nrfx_port_get_raw
                0x0000000000008fba        0xc zephyr/drivers/gpio/libdrivers__gpio.a(gpio_nrfx.c.obj)
 .text.gpio_nrfx_port_set_masked_raw
                0x0000000000008fc6       0x14 zephyr/drivers/gpio/libdrivers__gpio.a(gpio_nrfx.c.obj)
 .text.gpio_nrfx_port_set_bits_raw
                0x0000000000008fda        0xa zephyr/drivers/gpio/libdrivers__gpio.a(gpio_nrfx.c.obj)
 .text.gpio_nrfx_port_clear_bits_raw
                0x0000000000008fe4        0xa zephyr/drivers/gpio/libdrivers__gpio.a(gpio_nrfx.c.obj)
 .text.gpio_nrfx_port_toggle_bits
                0x0000000000008fee       0x14 zephyr/drivers/gpio/libdrivers__gpio.a(gpio_nrfx.c.obj)
 .text.gpio_nrfx_manage_callback
                0x0000000000009002       0x52 zephyr/drivers/gpio/libdrivers__gpio.a(gpio_nrfx.c.obj)
 .text.gpio_pin_set_dt
                0x0000000000009054       0x28 zephyr/drivers/mspi/libdrivers__mspi.a(mspi_sqspi.c.obj)
 .text.api_config
                0x000000000000907c        0x6 zephyr/drivers/mspi/libdrivers__mspi.a(mspi_sqspi.c.obj)
 .text.z_log_msg_simple_create_0.constprop.0
                0x0000000000009082        0x8 zephyr/drivers/mspi/libdrivers__mspi.a(mspi_sqspi.c.obj)
 .text.done_callback
                0x000000000000908a       0x12 zephyr/drivers/mspi/libdrivers__mspi.a(mspi_sqspi.c.obj)
 .text.api_get_channel_status
                0x000000000000909c       0x2c zephyr/drivers/mspi/libdrivers__mspi.a(mspi_sqspi.c.obj)
 .text.pinctrl_lookup_state
                0x00000000000090c8       0x26 zephyr/drivers/pinctrl/libdrivers__pinctrl.a(common.c.obj)
                0x00000000000090c8                pinctrl_lookup_state
 .text.uarte_nrfx_isr_int
                0x00000000000090ee        0xa zephyr/drivers/serial/libdrivers__serial.a(uart_nrfx_uarte.c.obj)
 .text.uarte_nrfx_err_check
                0x00000000000090f8        0xe zephyr/drivers/serial/libdrivers__serial.a(uart_nrfx_uarte.c.obj)
 .text.uarte_nrfx_poll_in
                0x0000000000009106       0x26 zephyr/drivers/serial/libdrivers__serial.a(uart_nrfx_uarte.c.obj)
 .text.uarte_30_init
                0x000000000000912c       0xbc zephyr/drivers/serial/libdrivers__serial.a(uart_nrfx_uarte.c.obj)
 .text.sys_clock_cycle_get_32
                0x00000000000091e8       0x24 zephyr/drivers/timer/libdrivers__timer.a(nrf_grtc_timer.c.obj)
                0x00000000000091e8                sys_clock_cycle_get_32
 .text._psa_crypto_init
                0x000000000000920c       0x1e modules/nrf/subsys/nrf_security/src/zephyr/libmbedtls_zephyr.a(psa_crypto_init.c.obj)
 .text.nrfx_isr
                0x000000000000922a        0x2 modules/hal_nordic/modules/hal_nordic/nrfx/libmodules__hal_nordic__nrfx.a(nrfx_glue.c.obj)
                0x000000000000922a                nrfx_isr
 .text.nrfx_busy_wait
                0x000000000000922c        0x4 modules/hal_nordic/modules/hal_nordic/nrfx/libmodules__hal_nordic__nrfx.a(nrfx_glue.c.obj)
                0x000000000000922c                nrfx_busy_wait
 .text.nrfx_clock_stop
                0x0000000000009230        0x4 modules/hal_nordic/modules/hal_nordic/nrfx/libmodules__hal_nordic__nrfx.a(nrfx_clock.c.obj)
                0x0000000000009230                nrfx_clock_stop
 .text.nrf_gpio_reconfigure
                0x0000000000009234       0x92 modules/hal_nordic/modules/hal_nordic/nrfx/libmodules__hal_nordic__nrfx.a(nrfx_gpiote.c.obj)
 .text.nrf_gpio_cfg_sense_set
                0x00000000000092c6       0x1e modules/hal_nordic/modules/hal_nordic/nrfx/libmodules__hal_nordic__nrfx.a(nrfx_gpiote.c.obj)
 .text.call_handler
                0x00000000000092e4       0x3e modules/hal_nordic/modules/hal_nordic/nrfx/libmodules__hal_nordic__nrfx.a(nrfx_gpiote.c.obj)
 .text.__nrfy_internal_gpiote_events_process
                0x0000000000009322       0x4e modules/hal_nordic/modules/hal_nordic/nrfx/libmodules__hal_nordic__nrfx.a(nrfx_gpiote.c.obj)
 .text.pin_trigger_disable
                0x0000000000009370       0x4a modules/hal_nordic/modules/hal_nordic/nrfx/libmodules__hal_nordic__nrfx.a(nrfx_gpiote.c.obj)
 .text.nrfx_gpiote_pin_uninit
                0x00000000000093ba        0x4 modules/hal_nordic/modules/hal_nordic/nrfx/libmodules__hal_nordic__nrfx.a(nrfx_gpiote.c.obj)
                0x00000000000093ba                nrfx_gpiote_pin_uninit
 .text.nrfx_gpiote_trigger_disable
                0x00000000000093be        0x4 modules/hal_nordic/modules/hal_nordic/nrfx/libmodules__hal_nordic__nrfx.a(nrfx_gpiote.c.obj)
                0x00000000000093be                nrfx_gpiote_trigger_disable
 .text.z_impl_k_busy_wait
                0x00000000000093c2        0x8 zephyr/kernel/libkernel.a(busy_wait.c.obj)
                0x00000000000093c2                z_impl_k_busy_wait
 .text.z_device_state_init
                0x00000000000093ca        0x2 zephyr/kernel/libkernel.a(device.c.obj)
                0x00000000000093ca                z_device_state_init
 .text.z_impl_device_is_ready
                0x00000000000093cc       0x16 zephyr/kernel/libkernel.a(device.c.obj)
                0x00000000000093cc                z_impl_device_is_ready
 .text.arch_system_halt
                0x00000000000093e2       0x10 zephyr/kernel/libkernel.a(fatal.c.obj)
                0x00000000000093e2                arch_system_halt
 .text.do_device_init
                0x00000000000093f2       0x30 zephyr/kernel/libkernel.a(init.c.obj)
 .text.z_early_memset
                0x0000000000009422        0x4 zephyr/kernel/libkernel.a(init.c.obj)
                0x0000000000009422                z_early_memset
 .text.z_early_memcpy
                0x0000000000009426        0x4 zephyr/kernel/libkernel.a(init.c.obj)
                0x0000000000009426                z_early_memcpy
 .text.z_init_static
                0x000000000000942a        0x2 zephyr/kernel/libkernel.a(init_static.c.obj)
                0x000000000000942a                z_init_static
 .text.idle     0x000000000000942c       0x16 zephyr/kernel/libkernel.a(idle.c.obj)
                0x000000000000942c                idle
 .text.adjust_owner_prio.isra.0
                0x0000000000009442       0x10 zephyr/kernel/libkernel.a(mutex.c.obj)
 .text.z_impl_k_mutex_init
                0x0000000000009452        0xe zephyr/kernel/libkernel.a(mutex.c.obj)
                0x0000000000009452                z_impl_k_mutex_init
 .text.z_impl_k_sem_init
                0x0000000000009460       0x18 zephyr/kernel/libkernel.a(sem.c.obj)
                0x0000000000009460                z_impl_k_sem_init
 .text.flag_test_and_clear
                0x0000000000009478       0x16 zephyr/kernel/libkernel.a(work.c.obj)
 .text.notify_queue_locked.isra.0
                0x000000000000948e        0xe zephyr/kernel/libkernel.a(work.c.obj)
 .text.z_work_submit_to_queue
                0x000000000000949c       0x26 zephyr/kernel/libkernel.a(work.c.obj)
                0x000000000000949c                z_work_submit_to_queue
 .text.k_work_submit_to_queue
                0x00000000000094c2       0x20 zephyr/kernel/libkernel.a(work.c.obj)
                0x00000000000094c2                k_work_submit_to_queue
 .text.k_is_in_isr
                0x00000000000094e2        0xc zephyr/kernel/libkernel.a(thread.c.obj)
                0x00000000000094e2                k_is_in_isr
 .text.z_impl_k_thread_name_set
                0x00000000000094ee        0x6 zephyr/kernel/libkernel.a(thread.c.obj)
                0x00000000000094ee                z_impl_k_thread_name_set
 .text.k_thread_name_get
                0x00000000000094f4        0x4 zephyr/kernel/libkernel.a(thread.c.obj)
                0x00000000000094f4                k_thread_name_get
 .text.sys_dlist_remove
                0x00000000000094f8       0x10 zephyr/kernel/libkernel.a(sched.c.obj)
 .text.unpend_thread_no_timeout
                0x0000000000009508       0x14 zephyr/kernel/libkernel.a(sched.c.obj)
 .text.add_to_waitq_locked
                0x000000000000951c       0x50 zephyr/kernel/libkernel.a(sched.c.obj)
 .text.z_ready_thread
                0x000000000000956c       0x1e zephyr/kernel/libkernel.a(sched.c.obj)
                0x000000000000956c                z_ready_thread
 .text.z_unpend_thread_no_timeout
                0x000000000000958a       0x22 zephyr/kernel/libkernel.a(sched.c.obj)
                0x000000000000958a                z_unpend_thread_no_timeout
 .text.z_sched_wake_thread
                0x00000000000095ac       0x46 zephyr/kernel/libkernel.a(sched.c.obj)
                0x00000000000095ac                z_sched_wake_thread
 .text.z_thread_timeout
                0x00000000000095f2        0x8 zephyr/kernel/libkernel.a(sched.c.obj)
                0x00000000000095f2                z_thread_timeout
 .text.z_unpend1_no_timeout
                0x00000000000095fa       0x2c zephyr/kernel/libkernel.a(sched.c.obj)
                0x00000000000095fa                z_unpend1_no_timeout
 .text.z_impl_k_sleep
                0x0000000000009626       0x38 zephyr/kernel/libkernel.a(sched.c.obj)
                0x0000000000009626                z_impl_k_sleep
 .text.z_sched_wake
                0x000000000000965e       0x46 zephyr/kernel/libkernel.a(sched.c.obj)
                0x000000000000965e                z_sched_wake
 .text.z_sched_waitq_walk
                0x00000000000096a4       0x44 zephyr/kernel/libkernel.a(sched.c.obj)
                0x00000000000096a4                z_sched_waitq_walk
 .text.next_timeout
                0x00000000000096e8       0x32 zephyr/kernel/libkernel.a(timeout.c.obj)
 .text.z_abort_timeout
                0x000000000000971a       0x42 zephyr/kernel/libkernel.a(timeout.c.obj)
                0x000000000000971a                z_abort_timeout
 .text.sys_clock_tick_get_32
                0x000000000000975c        0x8 zephyr/kernel/libkernel.a(timeout.c.obj)
                0x000000000000975c                sys_clock_tick_get_32
 .text.z_impl_k_uptime_ticks
                0x0000000000009764        0x4 zephyr/kernel/libkernel.a(timeout.c.obj)
                0x0000000000009764                z_impl_k_uptime_ticks
 .text.k_timer_init
                0x0000000000009768       0x18 zephyr/kernel/libkernel.a(timer.c.obj)
                0x0000000000009768                k_timer_init
 .text.z_impl_k_timer_stop
                0x0000000000009780       0x38 zephyr/kernel/libkernel.a(timer.c.obj)
                0x0000000000009780                z_impl_k_timer_stop
 .text.psa_remove_key_data_from_memory
                0x00000000000097b8       0x16 modules/nrf/subsys/nrf_security/src/core/nrf_oberon/liboberon_psa_core.a(psa_crypto.c.obj)
                0x00000000000097b8                psa_remove_key_data_from_memory
 .text.psa_wipe_key_slot
                0x00000000000097ce       0x3a modules/nrf/subsys/nrf_security/src/core/nrf_oberon/liboberon_psa_core.a(psa_crypto.c.obj)
                0x00000000000097ce                psa_wipe_key_slot
 .text.psa_driver_wrapper_init
                0x0000000000009808        0x4 modules/nrf/subsys/nrf_security/src/core/nrf_oberon/liboberon_psa_core.a(psa_crypto_driver_wrappers.c.obj)
                0x0000000000009808                psa_driver_wrapper_init
 .text.psa_driver_wrapper_free
                0x000000000000980c        0x2 modules/nrf/subsys/nrf_security/src/core/nrf_oberon/liboberon_psa_core.a(psa_crypto_driver_wrappers.c.obj)
                0x000000000000980c                psa_driver_wrapper_free
 .text.psa_driver_wrapper_init_random
                0x000000000000980e        0x4 modules/nrf/subsys/nrf_security/src/core/nrf_oberon/liboberon_psa_core.a(psa_crypto_driver_wrappers.c.obj)
                0x000000000000980e                psa_driver_wrapper_init_random
 .text.psa_driver_wrapper_free_random
                0x0000000000009812        0x4 modules/nrf/subsys/nrf_security/src/core/nrf_oberon/liboberon_psa_core.a(psa_crypto_driver_wrappers.c.obj)
                0x0000000000009812                psa_driver_wrapper_free_random
 .text.platform_free_uninit
                0x0000000000009816        0x2 modules/nrf/subsys/nrf_security/src/core/nrf_oberon/liboberon_psa_core.a(platform.c.obj)
 .text.mbedtls_zeroize_and_free
                0x0000000000009818       0x14 modules/nrf/subsys/nrf_security/src/core/nrf_oberon/liboberon_psa_core.a(platform_util.c.obj)
                0x0000000000009818                mbedtls_zeroize_and_free
 .text.silex_statuscodes_to_psa
                0x000000000000982c       0xbc modules/nrf/subsys/nrf_security/src/drivers/cracen/libcracen_psa_driver.a(common.c.obj)
                0x000000000000982c                silex_statuscodes_to_psa
 .text.sx_clear_interrupt
                0x00000000000098e8       0x1a modules/nrf/subsys/nrf_security/src/drivers/cracen/libcracen_psa_driver.a(pk_baremetal.c.obj)
                0x00000000000098e8                sx_clear_interrupt
 .text.sx_pk_is_ik_cmd
                0x0000000000009902        0xa modules/nrf/subsys/nrf_security/src/drivers/cracen/libcracen_psa_driver.a(ikhardware.c.obj)
                0x0000000000009902                sx_pk_is_ik_cmd
 .text.convert_ba414_capabilities
                0x000000000000990c       0x4c modules/nrf/subsys/nrf_security/src/drivers/cracen/libcracen_psa_driver.a(ba414_status.c.obj)
                0x000000000000990c                convert_ba414_capabilities
 .text.mbedtls_mutex_unlock_fn
                0x0000000000009958        0x4 modules/nrf/subsys/nrf_security/src/libmbedcrypto_base.a(threading_alt.c.obj)
                0x0000000000009958                mbedtls_mutex_unlock_fn
 .text.mbedtls_mutex_lock_fn
                0x000000000000995c        0xc modules/nrf/subsys/nrf_security/src/libmbedcrypto_base.a(threading_alt.c.obj)
                0x000000000000995c                mbedtls_mutex_lock_fn
 .text.nrf_security_mutex_lock
                0x0000000000009968        0xc modules/nrf/subsys/nrf_security/src/libnrf_security_utils.a(nrf_security_mutexes.c.obj)
                0x0000000000009968                nrf_security_mutex_lock
 .text.nrf_security_mutex_unlock
                0x0000000000009974        0x4 modules/nrf/subsys/nrf_security/src/libnrf_security_utils.a(nrf_security_mutexes.c.obj)
                0x0000000000009974                nrf_security_mutex_unlock
 .text.nrf_security_event_init
                0x0000000000009978        0x4 modules/nrf/subsys/nrf_security/src/libnrf_security_utils.a(nrf_security_events.c.obj)
                0x0000000000009978                nrf_security_event_init
 .text.nrf_security_event_set
                0x000000000000997c        0x4 modules/nrf/subsys/nrf_security/src/libnrf_security_utils.a(nrf_security_events.c.obj)
                0x000000000000997c                nrf_security_event_set
 .text.event_walk_op
                0x0000000000009980       0x30 zephyr/kernel/libkernel.a(events.c.obj)
 .text.z_impl_k_event_init
                0x00000000000099b0        0xa zephyr/kernel/libkernel.a(events.c.obj)
                0x00000000000099b0                z_impl_k_event_init
 .text.z_impl_k_event_set
                0x00000000000099ba        0x8 zephyr/kernel/libkernel.a(events.c.obj)
                0x00000000000099ba                z_impl_k_event_set
 .text.memcpy   0x00000000000099c2       0x1a c:\ncs\toolchains\0b393f9e1b\opt\zephyr-sdk\arm-zephyr-eabi\bin\../lib/gcc/../../picolibc/arm-zephyr-eabi/lib/thumb/v8-m.main/nofp\libc.a(memcpy.c.o)
                0x00000000000099c2                __aeabi_memcpy
                0x00000000000099c2                __aeabi_memcpy4
                0x00000000000099c2                __aeabi_memcpy8
                0x00000000000099c2                memcpy
 .text.memset   0x00000000000099dc       0x10 c:\ncs\toolchains\0b393f9e1b\opt\zephyr-sdk\arm-zephyr-eabi\bin\../lib/gcc/../../picolibc/arm-zephyr-eabi/lib/thumb/v8-m.main/nofp\libc.a(memset.c.o)
                0x00000000000099dc                memset
 .text.memcmp   0x00000000000099ec       0x20 c:\ncs\toolchains\0b393f9e1b\opt\zephyr-sdk\arm-zephyr-eabi\bin\../lib/gcc/../../picolibc/arm-zephyr-eabi/lib/thumb/v8-m.main/nofp\libc.a(libc_string_memcmp.c.o)
                0x00000000000099ec                memcmp
 .text.strnlen  0x0000000000009a0c       0x18 c:\ncs\toolchains\0b393f9e1b\opt\zephyr-sdk\arm-zephyr-eabi\bin\../lib/gcc/../../picolibc/arm-zephyr-eabi/lib/thumb/v8-m.main/nofp\libc.a(libc_string_strnlen.c.o)
                0x0000000000009a0c                strnlen
 .text.strstr   0x0000000000009a24       0x2c c:\ncs\toolchains\0b393f9e1b\opt\zephyr-sdk\arm-zephyr-eabi\bin\../lib/gcc/../../picolibc/arm-zephyr-eabi/lib/thumb/v8-m.main/nofp\libc.a(libc_string_strstr.c.o)
                0x0000000000009a24                strstr
 .text.__ultoa_invert
                0x0000000000009a50       0xac c:\ncs\toolchains\0b393f9e1b\opt\zephyr-sdk\arm-zephyr-eabi\bin\../lib/gcc/../../picolibc/arm-zephyr-eabi/lib/thumb/v8-m.main/nofp\libc.a(libc_tinystdio_vflprintf.c.o)
 .text.__file_str_put
                0x0000000000009afc       0x10 c:\ncs\toolchains\0b393f9e1b\opt\zephyr-sdk\arm-zephyr-eabi\bin\../lib/gcc/../../picolibc/arm-zephyr-eabi/lib/thumb/v8-m.main/nofp\libc.a(libc_tinystdio_filestrput.c.o)
                0x0000000000009afc                __file_str_put
 *(SORT_BY_ALIGNMENT(.TEXT.*))
 .TEXT.__aeabi_read_tp
                0x0000000000009b0c        0xc zephyr/arch/arch/arm/core/cortex_m/libarch__arm__core__cortex_m.a(__aeabi_read_tp.S.obj)
                0x0000000000009b0c                __aeabi_read_tp
 *(SORT_BY_ALIGNMENT(.gnu.linkonce.t.*))
 *(SORT_BY_ALIGNMENT(.glue_7t))
 .glue_7t       0x0000000000009b18        0x0 linker stubs
 *(SORT_BY_ALIGNMENT(.glue_7))
 .glue_7        0x0000000000009b18        0x0 linker stubs
 *(SORT_BY_ALIGNMENT(.vfp11_veneer))
 .vfp11_veneer  0x0000000000009b18        0x0 linker stubs
 *(SORT_BY_ALIGNMENT(.v4_bx))
 .v4_bx         0x0000000000009b18        0x0 linker stubs
                0x0000000000009b18                . = ALIGN (0x4)
                0x0000000000009b18                __text_region_end = .

.ARM.exidx      0x0000000000009b18        0x8
                0x0000000000009b18                __exidx_start = .
 *(SORT_BY_ALIGNMENT(.ARM.exidx*) SORT_BY_ALIGNMENT(gnu.linkonce.armexidx.*))
 .ARM.exidx     0x0000000000009b18        0x8 c:\ncs\toolchains\0b393f9e1b\opt\zephyr-sdk\arm-zephyr-eabi\bin\../lib/gcc/../../picolibc/arm-zephyr-eabi/lib/thumb/v8-m.main/nofp\libc.a(strlen.S.o)
 .ARM.exidx     0x0000000000009b20        0x0 c:/ncs/toolchains/0b393f9e1b/opt/zephyr-sdk/arm-zephyr-eabi/bin/../lib/gcc/arm-zephyr-eabi/12.2.0/thumb/v8-m.main/nofp\libgcc.a(_udivmoddi4.o)
                                          0x8 (size before relaxing)
                0x0000000000009b20                __exidx_end = .
                0x0000000000009b20                __rodata_region_start = .

initlevel       0x0000000000009b20       0x80
                0x0000000000009b20                __init_start = .
                0x0000000000009b20                __init_EARLY_start = .
 *(SORT_BY_NAME(SORT_BY_ALIGNMENT(.z_init_EARLY?_*)))
 *(SORT_BY_NAME(SORT_BY_ALIGNMENT(.z_init_EARLY??_*)))
                0x0000000000009b20                __init_PRE_KERNEL_1_start = .
 *(SORT_BY_NAME(SORT_BY_ALIGNMENT(.z_init_PRE_KERNEL_1?_*)))
 .z_init_PRE_KERNEL_10_0_
                0x0000000000009b20        0x8 zephyr/soc/soc/nrf54l15/libsoc__nordic.a(soc.c.obj)
 *(SORT_BY_NAME(SORT_BY_ALIGNMENT(.z_init_PRE_KERNEL_1??_*)))
 .z_init_PRE_KERNEL_130_00064_
                0x0000000000009b28        0x8 zephyr/drivers/clock_control/libdrivers__clock_control.a(clock_control_nrf.c.obj)
 .z_init_PRE_KERNEL_140_00010_
                0x0000000000009b30        0x8 zephyr/drivers/gpio/libdrivers__gpio.a(gpio_nrfx.c.obj)
 .z_init_PRE_KERNEL_140_00012_
                0x0000000000009b38        0x8 zephyr/drivers/gpio/libdrivers__gpio.a(gpio_nrfx.c.obj)
 .z_init_PRE_KERNEL_140_00023_
                0x0000000000009b40        0x8 zephyr/drivers/gpio/libdrivers__gpio.a(gpio_nrfx.c.obj)
 .z_init_PRE_KERNEL_150_00113_
                0x0000000000009b48        0x8 zephyr/drivers/serial/libdrivers__serial.a(uart_nrfx_uarte.c.obj)
 .z_init_PRE_KERNEL_160_0_
                0x0000000000009b50        0x8 zephyr/drivers/console/libdrivers__console.a(uart_console.c.obj)
                0x0000000000009b58                __init_PRE_KERNEL_2_start = .
 *(SORT_BY_NAME(SORT_BY_ALIGNMENT(.z_init_PRE_KERNEL_2?_*)))
 .z_init_PRE_KERNEL_20_0_
                0x0000000000009b58        0x8 zephyr/drivers/timer/libdrivers__timer.a(nrf_grtc_timer.c.obj)
 *(SORT_BY_NAME(SORT_BY_ALIGNMENT(.z_init_PRE_KERNEL_2??_*)))
                0x0000000000009b60                __init_POST_KERNEL_start = .
 *(SORT_BY_NAME(SORT_BY_ALIGNMENT(.z_init_POST_KERNEL?_*)))
 .z_init_POST_KERNEL0_0_
                0x0000000000009b60        0x8 zephyr/libzephyr.a(log_core.c.obj)
 *(SORT_BY_NAME(SORT_BY_ALIGNMENT(.z_init_POST_KERNEL??_*)))
 .z_init_POST_KERNEL35_0_
                0x0000000000009b68        0x8 zephyr/lib/libc/common/liblib__libc__common.a(malloc.c.obj)
 .z_init_POST_KERNEL40_0_
                0x0000000000009b70        0x8 zephyr/kernel/libkernel.a(system_work_q.c.obj)
 .z_init_POST_KERNEL50_00128_
                0x0000000000009b78        0x8 zephyr/drivers/flash/libdrivers__flash.a(soc_flash_nrf_rram.c.obj)
 .z_init_POST_KERNEL50_0_
                0x0000000000009b80        0x8 modules/nrf/subsys/nrf_security/src/zephyr/libmbedtls_zephyr.a(psa_crypto_init.c.obj)
 .z_init_POST_KERNEL70_00057_
                0x0000000000009b88        0x8 zephyr/drivers/mspi/libdrivers__mspi.a(mspi_sqspi.c.obj)
 .z_init_POST_KERNEL71_00058_
                0x0000000000009b90        0x8 zephyr/drivers/flash/libdrivers__flash.a(flash_mspi_nor.c.obj)
 .z_init_POST_KERNEL90_00100_
                0x0000000000009b98        0x8 zephyr/drivers/sensor/nordic/temp/libdrivers__sensor__nordic__temp.a(temp_nrf5.c.obj)
                0x0000000000009ba0                __init_APPLICATION_start = .
 *(SORT_BY_NAME(SORT_BY_ALIGNMENT(.z_init_APPLICATION?_*)))
 *(SORT_BY_NAME(SORT_BY_ALIGNMENT(.z_init_APPLICATION??_*)))
                0x0000000000009ba0                __init_SMP_start = .
 *(SORT_BY_NAME(SORT_BY_ALIGNMENT(.z_init_SMP?_*)))
 *(SORT_BY_NAME(SORT_BY_ALIGNMENT(.z_init_SMP??_*)))
                0x0000000000009ba0                __init_end = .
                0x0000000000009ba0                __deferred_init_list_start = .
 *(SORT_BY_ALIGNMENT(.z_deferred_init*))
                0x0000000000009ba0                __deferred_init_list_end = .

device_area     0x0000000000009ba0       0xb4
                0x0000000000009ba0                _device_list_start = .
 *(SORT_BY_NAME(SORT_BY_ALIGNMENT(._device.static.*_?_*)))
 *(SORT_BY_NAME(SORT_BY_ALIGNMENT(._device.static.*_??_*)))
 ._device.static.1_30_
                0x0000000000009ba0       0x14 zephyr/drivers/clock_control/libdrivers__clock_control.a(clock_control_nrf.c.obj)
                0x0000000000009ba0                __device_dts_ord_64
 ._device.static.1_40_
                0x0000000000009bb4       0x3c zephyr/drivers/gpio/libdrivers__gpio.a(gpio_nrfx.c.obj)
                0x0000000000009bb4                __device_dts_ord_12
                0x0000000000009bc8                __device_dts_ord_10
                0x0000000000009bdc                __device_dts_ord_23
 ._device.static.1_50_
                0x0000000000009bf0       0x14 zephyr/drivers/serial/libdrivers__serial.a(uart_nrfx_uarte.c.obj)
                0x0000000000009bf0                __device_dts_ord_113
 ._device.static.3_50_
                0x0000000000009c04       0x14 zephyr/drivers/flash/libdrivers__flash.a(soc_flash_nrf_rram.c.obj)
                0x0000000000009c04                __device_dts_ord_128
 ._device.static.3_70_
                0x0000000000009c18       0x14 zephyr/drivers/mspi/libdrivers__mspi.a(mspi_sqspi.c.obj)
                0x0000000000009c18                __device_dts_ord_57
 ._device.static.3_71_
                0x0000000000009c2c       0x14 zephyr/drivers/flash/libdrivers__flash.a(flash_mspi_nor.c.obj)
                0x0000000000009c2c                __device_dts_ord_58
 ._device.static.3_90_
                0x0000000000009c40       0x14 zephyr/drivers/sensor/nordic/temp/libdrivers__sensor__nordic__temp.a(temp_nrf5.c.obj)
                0x0000000000009c40                __device_dts_ord_100
                0x0000000000009c54                _device_list_end = .

sw_isr_table    0x0000000000009c54      0x878
                0x0000000000009c54                . = ALIGN (0x4)
 *(SORT_BY_ALIGNMENT(.gnu.linkonce.sw_isr_table*))
 .gnu.linkonce.sw_isr_table
                0x0000000000009c54      0x878 zephyr/arch/common/libisr_tables.a(isr_tables.c.obj)
                0x0000000000009c54                _sw_isr_table

initlevel_error
                0x0000000000009b20        0x0
 *(SORT_BY_NAME(SORT_BY_ALIGNMENT(.z_init_[_A-Z0-9]*)))
                0x0000000000000001                ASSERT ((SIZEOF (initlevel_error) == 0x0), Undefined initialization levels used.)

app_shmem_regions
                0x000000000000a4cc        0x0
                0x000000000000a4cc                __app_shmem_regions_start = .
 *(SORT_BY_NAME(SORT_BY_ALIGNMENT(.app_regions.*)))
                0x000000000000a4cc                __app_shmem_regions_end = .

k_p4wq_initparam_area
                0x000000000000a4cc        0x0
                0x000000000000a4cc                _k_p4wq_initparam_list_start = .
 *(SORT_BY_NAME(SORT_BY_ALIGNMENT(._k_p4wq_initparam.static.*)))
                0x000000000000a4cc                _k_p4wq_initparam_list_end = .

_static_thread_data_area
                0x000000000000a4cc        0x0
                0x000000000000a4cc                __static_thread_data_list_start = .
 *(SORT_BY_NAME(SORT_BY_ALIGNMENT(.__static_thread_data.static.*)))
                0x000000000000a4cc                __static_thread_data_list_end = .

device_deps     0x000000000000a4cc        0x0
                0x000000000000a4cc                __device_deps_start = .
 *(SORT_BY_NAME(SORT_BY_ALIGNMENT(.__device_deps_pass2*)))
                0x000000000000a4cc                __device_deps_end = .

flash_driver_api_area
                0x000000000000a4cc       0x30
                0x000000000000a4cc                _flash_driver_api_list_start = .
 *(SORT_BY_NAME(SORT_BY_ALIGNMENT(._flash_driver_api.static.*)))
 ._flash_driver_api.static.drv_api_
                0x000000000000a4cc       0x18 zephyr/drivers/flash/libdrivers__flash.a(flash_mspi_nor.c.obj)
 ._flash_driver_api.static.nrf_rram_api_
                0x000000000000a4e4       0x18 zephyr/drivers/flash/libdrivers__flash.a(soc_flash_nrf_rram.c.obj)
                0x000000000000a4fc                _flash_driver_api_list_end = .

gpio_driver_api_area
                0x000000000000a4fc       0x24
                0x000000000000a4fc                _gpio_driver_api_list_start = .
 *(SORT_BY_NAME(SORT_BY_ALIGNMENT(._gpio_driver_api.static.*)))
 ._gpio_driver_api.static.gpio_nrfx_drv_api_funcs_
                0x000000000000a4fc       0x24 zephyr/drivers/gpio/libdrivers__gpio.a(gpio_nrfx.c.obj)
                0x000000000000a520                _gpio_driver_api_list_end = .

mspi_driver_api_area
                0x000000000000a520       0x20
                0x000000000000a520                _mspi_driver_api_list_start = .
 *(SORT_BY_NAME(SORT_BY_ALIGNMENT(._mspi_driver_api.static.*)))
 ._mspi_driver_api.static.drv_api_
                0x000000000000a520       0x20 zephyr/drivers/mspi/libdrivers__mspi.a(mspi_sqspi.c.obj)
                0x000000000000a540                _mspi_driver_api_list_end = .

sensor_driver_api_area
                0x000000000000a540       0x1c
                0x000000000000a540                _sensor_driver_api_list_start = .
 *(SORT_BY_NAME(SORT_BY_ALIGNMENT(._sensor_driver_api.static.*)))
 ._sensor_driver_api.static.temp_nrf5_driver_api_
                0x000000000000a540       0x1c zephyr/drivers/sensor/nordic/temp/libdrivers__sensor__nordic__temp.a(temp_nrf5.c.obj)
                0x000000000000a55c                _sensor_driver_api_list_end = .

shared_irq_driver_api_area
                0x000000000000a55c        0x0
                0x000000000000a55c                _shared_irq_driver_api_list_start = .
 *(SORT_BY_NAME(SORT_BY_ALIGNMENT(._shared_irq_driver_api.static.*)))
                0x000000000000a55c                _shared_irq_driver_api_list_end = .

crypto_driver_api_area
                0x000000000000a55c        0x0
                0x000000000000a55c                _crypto_driver_api_list_start = .
 *(SORT_BY_NAME(SORT_BY_ALIGNMENT(._crypto_driver_api.static.*)))
                0x000000000000a55c                _crypto_driver_api_list_end = .

adc_driver_api_area
                0x000000000000a55c        0x0
                0x000000000000a55c                _adc_driver_api_list_start = .
 *(SORT_BY_NAME(SORT_BY_ALIGNMENT(._adc_driver_api.static.*)))
                0x000000000000a55c                _adc_driver_api_list_end = .

auxdisplay_driver_api_area
                0x000000000000a55c        0x0
                0x000000000000a55c                _auxdisplay_driver_api_list_start = .